C51 COMPILER V9.01   AVL                                                                   12/06/2016 15:25:40 PAGE 1   


C51 COMPILER V9.01, COMPILATION OF MODULE AVL
OBJECT MODULE PLACED IN avl.OBJ
COMPILER INVOKED BY: C:\Applications\Keil\C51\BIN\C51.EXE avl.c LARGE OPTIMIZE(0,SPEED) BROWSE DEBUG OBJECTEXTEND

line level    source

   1          /*
   2           *           Copyright 2007-2009 Availink, Inc.
   3           *
   4           *  This software contains Availink proprietary information and
   5           *  its use and disclosure are restricted solely to the terms in
   6           *  the corresponding written license agreement. It shall not be 
   7           *  disclosed to anyone other than valid licensees without
   8           *  written permission of Availink, Inc.
   9           *
  10           */
  11          
  12          
  13          
  14          //$Revision: 255 $ 
  15          //$Date: 2008-02-06 10:37:01 -0500 (Wed, 06 Feb 2008) $
  16          // 
  17          #include "avl.h"
  18          
  19          #ifdef AVL_CPLUSPLUS
               extern "c" {
              #endif
  22          
  23                  void ChunkAddr(AVL_uint32 uiaddr, AVL_puchar pBuff)
  24                  {
  25   1                      pBuff[0] =(AVL_uchar)(uiaddr>>16);
  26   1                      pBuff[1] =(AVL_uchar)(uiaddr>>8);
  27   1                      pBuff[2] =(AVL_uchar)(uiaddr);
  28   1                      return ;
  29   1              }
  30                    /*pBuff[0]存放高位*/
  31                  void Chunk16(AVL_uint16 uidata, AVL_puchar pBuff)
  32                  {
  33   1                      pBuff[0] = (AVL_uchar)(uidata>>8);
  34   1                      pBuff[1] = (AVL_uchar)(uidata & 0xff);
  35   1                      return ;
  36   1              }
  37                     /*pBuff[0]存放高位*/
  38                  AVL_uint16 DeChunk16(const AVL_puchar pBuff)
  39                  {
  40   1                      AVL_uint16 uiData;
  41   1                      uiData = pBuff[0];
  42   1                      uiData = (AVL_uint16)(uiData << 8) + pBuff[1];
  43   1                      return uiData;
  44   1              }
  45          
  46                  void Chunk32(AVL_uint32 uidata, AVL_puchar pBuff)
  47                  {   unsigned char a ;
  48   1                      pBuff[0] = (AVL_uchar)(uidata>>24);     
  49   1                      pBuff[1] = (AVL_uchar)(uidata>>16);
  50   1                       a=pBuff[1];
  51   1                      pBuff[2] = (AVL_uchar)(uidata>>8);
  52   1                      pBuff[3] = (AVL_uchar)(uidata);
  53   1                      a=pBuff[3];
  54   1                      return ;
  55   1              }
C51 COMPILER V9.01   AVL                                                                   12/06/2016 15:25:40 PAGE 2   

  56          
  57                   /*pBuff[0]存放高位*/
  58                  AVL_uint32 DeChunk32(const AVL_puchar pBuff)
  59                  {
  60   1                      AVL_uint32 uiData;
  61   1                      uiData = pBuff[0];
  62   1                      uiData = (uiData << 8) + pBuff[1];
  63   1                      uiData = (uiData << 8) + pBuff[2];
  64   1                      uiData = (uiData << 8) + pBuff[3];
  65   1                      return uiData;
  66   1              }
  67          
  68          #ifdef AVL_CPLUSPLUS
              }
              #endif
  71          


MODULE INFORMATION:   STATIC OVERLAYABLE
   CODE SIZE        =    831    ----
   CONSTANT SIZE    =   ----    ----
   XDATA SIZE       =     32    ----
   PDATA SIZE       =   ----    ----
   DATA SIZE        =   ----    ----
   IDATA SIZE       =   ----    ----
   BIT SIZE         =   ----    ----
END OF MODULE INFORMATION.


C51 COMPILATION COMPLETE.  0 WARNING(S),  0 ERROR(S)
