BL51 BANKED LINKER/LOCATER V6.22                                                        12/06/2016  17:34:29  PAGE 1


BL51 BANKED LINKER/LOCATER V6.22, INVOKED BY:
C:\APPLICATIONS\KEIL\C51\BIN\BL51.EXE COMMON {L51_BANK.obj}, COMMON {STARTUP.obj}, BANK1 {CPUInit.obj}, BANK1 {main.obj}
>> , BANK1 {adc.obj}, COMMON {timer.obj}, COMMON {uart.obj}, BANK1 {rweeprom.obj}, BANK3 {antenna.obj}, BANK1 {protcol.o
>> bj}, BANK1 {polar.obj}, BANK1 {station.obj}, BANK2 {SharpReceiver.obj}, BANK2 {ITuner.obj}, BANK2 {avl21081.obj}, BAN
>> K2 {avl.obj}, BANK2 {ExtSharpBS2S7HZ6306.obj}, BANK2 {IBase.obj}, BANK2 {IBSP.obj}, BANK2 {IDiseqc.obj}, BANK2 {IDVBS
>> xRx.obj}, BANK2 {II2C.obj}, BANK2 {II2CRepeater.obj} TO dvb7700 BANKAREA (0X8000, 0XFFFF) RAMSIZE (256)


MEMORY MODEL: LARGE WITH FLOATING POINT ARITHMETIC


INPUT MODULES INCLUDED:
  L51_BANK.obj (?BANK?SWITCHING)
  STARTUP.obj (?C_STARTUP)
  CPUInit.obj (CPUINIT)
  main.obj (MAIN)
  adc.obj (ADC)
  timer.obj (TIMER)
  uart.obj (UART)
  rweeprom.obj (RWEEPROM)
  antenna.obj (ANTENNA)
  protcol.obj (PROTCOL)
  polar.obj (POLAR)
  station.obj (STATION)
  SharpReceiver.obj (SHARPRECEIVER)
  ITuner.obj (ITUNER)
  avl21081.obj (AVL21081)
  avl.obj (AVL)
  ExtSharpBS2S7HZ6306.obj (EXTSHARPBS2S7HZ6306)
  IBase.obj (IBASE)
  IBSP.obj (IBSP)
  IDiseqc.obj (IDISEQC)
  IDVBSxRx.obj (IDVBSXRX)
  II2C.obj (II2C)
  II2CRepeater.obj (II2CREPEATER)
  C:\APPLICATIONS\KEIL\C51\LIB\C51FPL.LIB (?C?FPADD)
  C:\APPLICATIONS\KEIL\C51\LIB\C51FPL.LIB (?C?FPMUL)
  C:\APPLICATIONS\KEIL\C51\LIB\C51FPL.LIB (?C?FPDIV)
  C:\APPLICATIONS\KEIL\C51\LIB\C51FPL.LIB (?C?FPCMP)
  C:\APPLICATIONS\KEIL\C51\LIB\C51FPL.LIB (?C?FPNEG)
  C:\APPLICATIONS\KEIL\C51\LIB\C51FPL.LIB (?C?FCAST)
  C:\APPLICATIONS\KEIL\C51\LIB\C51FPL.LIB (?C?CASTF)
  C:\APPLICATIONS\KEIL\C51\LIB\C51FPL.LIB (FABS)
  C:\APPLICATIONS\KEIL\C51\LIB\C51FPL.LIB (SQRT)
  C:\APPLICATIONS\KEIL\C51\LIB\C51FPL.LIB (SIN)
  C:\APPLICATIONS\KEIL\C51\LIB\C51FPL.LIB (ATAN)
  C:\APPLICATIONS\KEIL\C51\LIB\C51FPL.LIB (MODF)
  C:\APPLICATIONS\KEIL\C51\LIB\C51FPL.LIB (POW)
  C:\APPLICATIONS\KEIL\C51\LIB\C51FPL.LIB (?C?FPGETOPN)
  C:\APPLICATIONS\KEIL\C51\LIB\C51FPL.LIB (?C?CHKFLOAT)
  C:\APPLICATIONS\KEIL\C51\LIB\C51FPL.LIB (?C?FPSERIES)
  C:\APPLICATIONS\KEIL\C51\LIB\C51FPL.LIB (EXP)
  C:\APPLICATIONS\KEIL\C51\LIB\C51FPL.LIB (LOG)
  C:\APPLICATIONS\KEIL\C51\LIB\C51L.LIB (?C_INIT)
  C:\APPLICATIONS\KEIL\C51\LIB\C51L.LIB (?C?CLDPTR)
  C:\APPLICATIONS\KEIL\C51\LIB\C51L.LIB (?C?CLDOPTR)
  C:\APPLICATIONS\KEIL\C51\LIB\C51L.LIB (?C?CSTPTR)
  C:\APPLICATIONS\KEIL\C51\LIB\C51L.LIB (?C?CSTOPTR)
BL51 BANKED LINKER/LOCATER V6.22                                                      12/06/2016  17:34:29  PAGE 2


  C:\APPLICATIONS\KEIL\C51\LIB\C51L.LIB (?C?IMUL)
  C:\APPLICATIONS\KEIL\C51\LIB\C51L.LIB (?C?UIDIV)
  C:\APPLICATIONS\KEIL\C51\LIB\C51L.LIB (?C?SIDIV)
  C:\APPLICATIONS\KEIL\C51\LIB\C51L.LIB (?C?IILDX)
  C:\APPLICATIONS\KEIL\C51\LIB\C51L.LIB (?C?ILDIX)
  C:\APPLICATIONS\KEIL\C51\LIB\C51L.LIB (?C?ILDPTR)
  C:\APPLICATIONS\KEIL\C51\LIB\C51L.LIB (?C?ILDOPTR)
  C:\APPLICATIONS\KEIL\C51\LIB\C51L.LIB (?C?ISTPTR)
  C:\APPLICATIONS\KEIL\C51\LIB\C51L.LIB (?C?ISTOPTR)
  C:\APPLICATIONS\KEIL\C51\LIB\C51L.LIB (?C?LMUL)
  C:\APPLICATIONS\KEIL\C51\LIB\C51L.LIB (?C?ULDIV)
  C:\APPLICATIONS\KEIL\C51\LIB\C51L.LIB (?C?LNEG)
  C:\APPLICATIONS\KEIL\C51\LIB\C51L.LIB (?C?ULCMP)
  C:\APPLICATIONS\KEIL\C51\LIB\C51L.LIB (?C?ULSHR)
  C:\APPLICATIONS\KEIL\C51\LIB\C51L.LIB (?C?LSHL)
  C:\APPLICATIONS\KEIL\C51\LIB\C51L.LIB (?C?LLDPTR)
  C:\APPLICATIONS\KEIL\C51\LIB\C51L.LIB (?C?LLDOPTR)
  C:\APPLICATIONS\KEIL\C51\LIB\C51L.LIB (?C?LSTPTR)
  C:\APPLICATIONS\KEIL\C51\LIB\C51L.LIB (?C?LLDXDATA)
  C:\APPLICATIONS\KEIL\C51\LIB\C51L.LIB (?C?LLDCODE)
  C:\APPLICATIONS\KEIL\C51\LIB\C51L.LIB (?C?LLDXDATA0)
  C:\APPLICATIONS\KEIL\C51\LIB\C51L.LIB (?C?LLDCODE0)
  C:\APPLICATIONS\KEIL\C51\LIB\C51L.LIB (?C?LLDIXDATA)
  C:\APPLICATIONS\KEIL\C51\LIB\C51L.LIB (?C?LILDXDATA)
  C:\APPLICATIONS\KEIL\C51\LIB\C51L.LIB (?C?LSTXDATA)
  C:\APPLICATIONS\KEIL\C51\LIB\C51L.LIB (?C?LSTKXDATA)
  C:\APPLICATIONS\KEIL\C51\LIB\C51L.LIB (?C?OFFXADD)
  C:\APPLICATIONS\KEIL\C51\LIB\C51L.LIB (?C?PLDOPTR)
  C:\APPLICATIONS\KEIL\C51\LIB\C51L.LIB (?C?PSTOPTR)
  C:\APPLICATIONS\KEIL\C51\LIB\C51L.LIB (?C?CCASE)
  C:\APPLICATIONS\KEIL\C51\LIB\C51L.LIB (?C?ICALL)
  C:\APPLICATIONS\KEIL\C51\LIB\C51L.LIB (?C?LLDIDATA)
  C:\APPLICATIONS\KEIL\C51\LIB\C51L.LIB (?C?LLDPDATA)
  C:\APPLICATIONS\KEIL\C51\LIB\C51L.LIB (?C?LSTIDATA)
  C:\APPLICATIONS\KEIL\C51\LIB\C51L.LIB (?C?LSTPDATA)
  C:\APPLICATIONS\KEIL\C51\LIB\C51L.LIB (?C?PLDIDATA)
  C:\APPLICATIONS\KEIL\C51\LIB\C51L.LIB (?C?PSTIDATA)
  C:\APPLICATIONS\KEIL\C51\LIB\C51L.LIB (?C?PLDXDATA)
  C:\APPLICATIONS\KEIL\C51\LIB\C51L.LIB (?C?PSTXDATA)
  C:\APPLICATIONS\KEIL\C51\LIB\C51L.LIB (?C?PLDPDATA)
  C:\APPLICATIONS\KEIL\C51\LIB\C51L.LIB (?C?PSTPDATA)
  C:\APPLICATIONS\KEIL\C51\LIB\C51L.LIB (?C?PLDCODE)


LINK MAP OF MODULE:  dvb7700 (?BANK?SWITCHING)


            TYPE    BASE      LENGTH    RELOCATION   SEGMENT NAME
            -----------------------------------------------------

            * * * * * * *   D A T A   M E M O R Y   * * * * * * *
            REG     0000H     0008H     ABSOLUTE     "REG BANK 0"
            DATA    0008H     0014H     UNIT         ?DT?UART
            DATA    001CH     0001H     UNIT         ?BANK?DATA
                    001DH     0003H                  *** GAP ***
            BIT     0020H.0   0000H.2   UNIT         _BIT_GROUP_
                    0020H.2   0000H.6                *** GAP ***
BL51 BANKED LINKER/LOCATER V6.22                                                      12/06/2016  17:34:29  PAGE 3


            DATA    0021H     002DH     UNIT         ?DT?TIMER
            IDATA   004EH     0001H     UNIT         ?STACK

            * * * * * * *  X D A T A   M E M O R Y  * * * * * * *
            XDATA   0000H     03A2H     UNIT         ?XD?STATION
            XDATA   03A2H     01AAH     UNIT         ?XD?UART
            XDATA   054CH     005AH     UNIT         ?XD?_TACKINGUPDOWNRIGHTLEFT?ANTENNA
            XDATA   05A6H     004DH     UNIT         ?XD?SHARPRECEIVER
            XDATA   05F3H     0042H     UNIT         ?XD?II2C
            XDATA   0635H     002FH     UNIT         ?XD?ANTENNATIMESEARCH?ANTENNA
            XDATA   0664H     0026H     UNIT         ?XD?_A2108_II2CREPEATER_READDATA?II2CREPEATER
            XDATA   068AH     0026H     UNIT         ?XD?_A2108_II2CREPEATER_SENDDATA?II2CREPEATER
            XDATA   06B0H     001BH     UNIT         ?XD?_STORBSARR?PROTCOL
            XDATA   06CBH     001BH     UNIT         ?XD?_A2108_II2C_WRITE?II2C
            XDATA   06E6H     0015H     UNIT         ?XD?RETBASESTARDATA?PROTCOL
            XDATA   06FBH     0015H     UNIT         ?XD?_A2108_II2C_READ?II2C
            XDATA   0710H     0013H     UNIT         ?XD?_A2108_IBASE_DOWNLOADFIRMWARE?IBASE
            XDATA   0723H     0013H     UNIT         ?XD?_A2108_IDVBSXRX_LOCKCHANNEL?IDVBSXRX
            XDATA   0736H     0012H     UNIT         ?XD?_A2108_II2C_WRITE32?II2C
            XDATA   0748H     0011H     UNIT         ?XD?_FINDANT?STATION
            XDATA   0759H     0010H     UNIT         ?XD?SETPLORIGHT?PROTCOL
            XDATA   0769H     0010H     UNIT         ?XD?_SETSHARPFREQ1_SUB?SHARPRECEIVER
            XDATA   0779H     0010H     UNIT         ?XD?_INITIALIZE?SHARPRECEIVER
            XDATA   0789H     0010H     UNIT         ?XD?_A2108_II2CREPEATER_SENDOP?II2CREPEATER
            XDATA   0799H     000FH     UNIT         ?XD?ANTENNATRACKING?ANTENNA
            XDATA   07A8H     000FH     UNIT         ?XD?RETURNRECFREQ?PROTCOL
            XDATA   07B7H     000FH     UNIT         ?XD?STOREDATA?PROTCOL
            XDATA   07C6H     000EH     UNIT         ?XD?ADC
            XDATA   07D4H     000EH     UNIT         ?XD?LEDTEST?ANTENNA
            XDATA   07E2H     000EH     UNIT         ?XD?STORSRCPARA?ANTENNA
            XDATA   07F0H     000EH     UNIT         ?XD?POLAR
            XDATA   07FEH     000EH     UNIT         ?XD?_A2108_II2C_READ32?II2C
            XDATA   080CH     000EH     UNIT         ?XD?_A2108_II2C_WRITE16?II2C
            XDATA   081AH     000EH     UNIT         _XDATA_GROUP_
            XDATA   0828H     000DH     UNIT         ?XD?_SHARPBS2S7HZ6306_SETFREQUENCY?EXTSHARPBS2S7HZ6306
            XDATA   0835H     000DH     UNIT         ?XD?_A2108_IDVBSXRX_SETMPEGMODE?IDVBSXRX
            XDATA   0842H     000CH     UNIT         ?XD?GETSHARPAGC?ADC
            XDATA   084EH     000CH     UNIT         ?XD?GETT?ADC
            XDATA   085AH     000CH     UNIT         ?XD?SETAZRIGHT?PROTCOL
            XDATA   0866H     000CH     UNIT         ?XD?SETELRIGHT?PROTCOL
            XDATA   0872H     000CH     UNIT         ?XD?_EXTSHARPBS2S7HZ6306_LOCK?EXTSHARPBS2S7HZ6306
            XDATA   087EH     000CH     UNIT         ?XD?_A2108_II2C_READ16?II2C
            XDATA   088AH     000BH     UNIT         ?XD?PROTCOL
            XDATA   0895H     000BH     UNIT         ?XD?_SETSHARPFREQ?SHARPRECEIVER
            XDATA   08A0H     000BH     UNIT         ?XD?_SETSHARPFREQ1?SHARPRECEIVER
            XDATA   08ABH     000BH     UNIT         ?XD?_A2108_IDISEQC_INITIALIZE?IDISEQC
            XDATA   08B6H     000BH     UNIT         ?XD?_A2108_II2CREPEATER_INITIALIZE?II2CREPEATER
            XDATA   08C1H     000AH     UNIT         ?XD?GETPOLARANGLE?ADC
            XDATA   08CBH     000AH     UNIT         ?XD?ANTENNAREADYSEARCH?ANTENNA
            XDATA   08D5H     000AH     UNIT         ?XD?_A2108_IBASE_GETSTATUS?IBASE
            XDATA   08DFH     000AH     UNIT         ?XD?_A2108_IBASE_INITIALIZE?IBASE
            XDATA   08E9H     000AH     UNIT         ?XD?_A2108_IBSP_I2CREAD?IBSP
            XDATA   08F3H     0009H     UNIT         ?XD?GOTOOBJSTAR?ANTENNA
            XDATA   08FCH     0009H     UNIT         ?XD?_SETSHARPFREQ_SUB?SHARPRECEIVER
            XDATA   0905H     0009H     UNIT         ?XD?_A2108_ITUNER_CALCULATELPF?ITUNER
            XDATA   090EH     0009H     UNIT         ?XD?_A2108_IBASE_GETFUNCTIONALMODE?IBASE
            XDATA   0917H     0009H     UNIT         ?XD?_A2108_IBASE_SENDRXOP?IBASE
BL51 BANKED LINKER/LOCATER V6.22                                                      12/06/2016  17:34:29  PAGE 4


            XDATA   0920H     0009H     UNIT         ?XD?_A2108_IBSP_I2CWRITE?IBSP
            XDATA   0929H     0009H     UNIT         ?XD?_A2108_IDVBSXRX_SETRFAGCPOLA?IDVBSXRX
            XDATA   0932H     0008H     UNIT         ?XD?_MOTORCTRL?TIMER
            XDATA   093AH     0008H     UNIT         ?XD?_WRITEEEPROM?RWEEPROM
            XDATA   0942H     0008H     UNIT         ?XD?_CHUNK32?AVL
            XDATA   094AH     0007H     UNIT         ?XD?_TESTSTOR?TIMER
            XDATA   0951H     0007H     UNIT         ?XD?TRACKINGSUCCEED?ANTENNA
            XDATA   0958H     0007H     UNIT         ?XD?WATCH?PROTCOL
            XDATA   095FH     0007H     UNIT         ?XD?_ITOA?STATION
            XDATA   0966H     0007H     UNIT         ?XD?_CHUNKADDR?AVL
            XDATA   096DH     0007H     UNIT         ?XD?_DECHUNK32?AVL
            XDATA   0974H     0007H     UNIT         ?XD?_SHARPBS2S7HZ6306_COMMITSETTING?EXTSHARPBS2S7HZ6306
            XDATA   097BH     0007H     UNIT         ?XD?_A2108_IBASE_SETPLL?IBASE
            XDATA   0982H     0007H     UNIT         ?XD?_A2108_IDVBSXRX_GETLOCKSTATUS?IDVBSXRX
            XDATA   0989H     0006H     UNIT         ?XD?_MOTORFUN?TIMER
            XDATA   098FH     0006H     UNIT         ?XD?AZLIMITTEST?TIMER
            XDATA   0995H     0006H     UNIT         ?XD?_SETXINBIAOFREQKC?UART
            XDATA   099BH     0006H     UNIT         ?XD?_SETXINBIAOFREQNUM?UART
            XDATA   09A1H     0006H     UNIT         ?XD?GOTOAZ?PROTCOL
            XDATA   09A7H     0006H     UNIT         ?XD?GOTOEL?PROTCOL
            XDATA   09ADH     0006H     UNIT         ?XD?TOTRETURN?PROTCOL
            XDATA   09B3H     0006H     UNIT         ?XD?_RETURNBITS?PROTCOL
            XDATA   09B9H     0006H     UNIT         ?XD?_CPU_HALT?SHARPRECEIVER
            XDATA   09BFH     0006H     UNIT         ?XD?_A2108_IBASE_GETRXOPSTATUS?IBASE
            XDATA   09C5H     0006H     UNIT         ?XD?_A2108_II2CREPEATER_GETOPSTATUS?II2CREPEATER
            XDATA   09CBH     0005H     UNIT         ?XD?_READEEPROM?RWEEPROM
            XDATA   09D0H     0005H     UNIT         ?XD?_ADDEL?PROTCOL
            XDATA   09D5H     0005H     UNIT         ?XD?_DELEL?PROTCOL
            XDATA   09DAH     0005H     UNIT         ?XD?_ADDAZ?PROTCOL
            XDATA   09DFH     0005H     UNIT         ?XD?_DELAZ?PROTCOL
            XDATA   09E4H     0005H     UNIT         ?XD?RETURNCAL?PROTCOL
            XDATA   09E9H     0005H     UNIT         ?XD?_INITA2108CHIPOBJECT?AVL21081
            XDATA   09EEH     0005H     UNIT         ?XD?_CHUNK16?AVL
            XDATA   09F3H     0005H     UNIT         ?XD?_DECHUNK16?AVL
            XDATA   09F8H     0005H     UNIT         ?XD?_SHARPBS2S7HZ6306REGS_SETLPF?EXTSHARPBS2S7HZ6306
            XDATA   09FDH     0005H     UNIT         ?XD?_EXTSHARPBS2S7HZ6306_GETLOCKSTATUS?EXTSHARPBS2S7HZ6306
            XDATA   0A02H     0005H     UNIT         ?XD?_A2108_IDVBSXRX_SETFREQSWEEPRANGE?IDVBSXRX
            XDATA   0A07H     0004H     UNIT         ?XD?GETAGC?ADC
            XDATA   0A0BH     0004H     UNIT         ?XD?GETCOMPOLA?ADC
            XDATA   0A0FH     0004H     UNIT         ?XD?GOTOAZMIDL?TIMER
            XDATA   0A13H     0004H     UNIT         ?XD?GOTOAZMIDR?TIMER
            XDATA   0A17H     0004H     UNIT         ?XD?GETAZS1?TIMER
            XDATA   0A1BH     0004H     UNIT         ?XD?GETAZS2?TIMER
            XDATA   0A1FH     0004H     UNIT         ?XD?GETELS1?TIMER
            XDATA   0A23H     0004H     UNIT         ?XD?GETKCAGC?UART
            XDATA   0A27H     0004H     UNIT         ?XD?WATCHWIRE?UART
            XDATA   0A2BH     0004H     UNIT         ?XD?ANTENNASTORE?ANTENNA
            XDATA   0A2FH     0004H     UNIT         ?XD?RETURNGPS?PROTCOL
            XDATA   0A33H     0004H     UNIT         ?XD?SETSTALONGPLO?PROTCOL
            XDATA   0A37H     0004H     UNIT         ?XD?CHANGEXINBIAOFREQ?PROTCOL
            XDATA   0A3BH     0004H     UNIT         ?XD?RETURNAZEL?PROTCOL
            XDATA   0A3FH     0004H     UNIT         ?XD?RETURNAGCPLOAR?PROTCOL
            XDATA   0A43H     0004H     UNIT         ?XD?RETURNSATLONGPLOARVET?PROTCOL
            XDATA   0A47H     0004H     UNIT         ?XD?RETURNSTALONG?PROTCOL
            XDATA   0A4BH     0004H     UNIT         ?XD?RETURNSTALATITUDE?PROTCOL
            XDATA   0A4FH     0004H     UNIT         ?XD?RETYORN?PROTCOL
            XDATA   0A53H     0004H     UNIT         ?XD?_GOTOPOLARANGLE?POLAR
BL51 BANKED LINKER/LOCATER V6.22                                                      12/06/2016  17:34:29  PAGE 5


            XDATA   0A57H     0004H     UNIT         ?XD?_TIMETEST?STATION
            XDATA   0A5BH     0004H     UNIT         ?XD?_DELAY?STATION
            XDATA   0A5FH     0004H     UNIT         ?XD?_SHARPBS2S7HZ6306_SETBBGAIN?EXTSHARPBS2S7HZ6306
            XDATA   0A63H     0004H     UNIT         ?XD?_SHARPBS2S7HZ6306_SETCHARGEPUMP?EXTSHARPBS2S7HZ6306
            XDATA   0A67H     0004H     UNIT         ?XD?_EXTSHARPBS2S7HZ6306_INITIALIZE?EXTSHARPBS2S7HZ6306
            XDATA   0A6BH     0004H     UNIT         ?XD?_A2108_IBSP_DELAY?IBSP
            XDATA   0A6FH     0004H     UNIT         ?XD?_A2108_IBSP_DELAY_MS?IBSP
            XDATA   0A73H     0004H     UNIT         ?XD?_A2108_IDVBSXRX_INITIALIZE?IDVBSXRX
            XDATA   0A77H     0003H     UNIT         ?XD?ELRANGE?PROTCOL
            XDATA   0A7AH     0003H     UNIT         ?XD?_A2108_IBSP_INITSEMAPHORE?IBSP
            XDATA   0A7DH     0003H     UNIT         ?XD?_A2108_IBSP_WAITSEMAPHORE?IBSP
            XDATA   0A80H     0003H     UNIT         ?XD?_A2108_IBSP_RELEASESEMAPHORE?IBSP
            XDATA   0A83H     0003H     UNIT         ?XD?_SENDBYTEACK?IBSP
            XDATA   0A86H     0003H     UNIT         ?XD?ACKCHECK?IBSP
            XDATA   0A89H     0002H     UNIT         ?XD?OSCINIT?CPUINIT
            XDATA   0A8BH     0002H     UNIT         ?XD?MAIN?MAIN
            XDATA   0A8DH     0002H     UNIT         ?XD?_OPENTIMER3INTERRUPT?TIMER
            XDATA   0A8FH     0002H     UNIT         ?XD?UART0INIT?UART
            XDATA   0A91H     0002H     UNIT         ?XD?SELECTGPS?UART
            XDATA   0A93H     0002H     UNIT         ?XD?SELECTGRADIENT?UART
            XDATA   0A95H     0002H     UNIT         ?XD?SELECTXINBIAO?UART
            XDATA   0A97H     0002H     UNIT         ?XD?GETXINBIAOVER?UART
            XDATA   0A99H     0002H     UNIT         ?XD?_SETFLAG?UART
            XDATA   0A9BH     0002H     UNIT         ?XD?_SEND?RWEEPROM
            XDATA   0A9DH     0002H     UNIT         ?XD?ANTENNA
            XDATA   0A9FH     0002H     UNIT         ?XD?TESTXINBIAO?ANTENNA
            XDATA   0AA1H     0002H     UNIT         ?XD?TESTGPS?ANTENNA
            XDATA   0AA3H     0002H     UNIT         ?XD?RETURNXINBIAOAGCTHRESHOLD?PROTCOL
            XDATA   0AA5H     0002H     UNIT         ?XD?RCVBYTE?IBSP
            XDATA   0AA7H     0001H     UNIT         ?XD?TIMER
            XDATA   0AA8H     0001H     UNIT         ?XD?GETG8FLAG?UART
            XDATA   0AA9H     0001H     UNIT         ?XD?DLRIGHT?PROTCOL
            XDATA   0AAAH     0001H     UNIT         ?XD?DRRIGHT?PROTCOL
            XDATA   0AABH     0001H     UNIT         ?XD?DURIGHT?PROTCOL
            XDATA   0AACH     0001H     UNIT         ?XD?DAZARIGHT?PROTCOL
            XDATA   0AADH     0001H     UNIT         ?XD?DAZBRIGHT?PROTCOL
            XDATA   0AAEH     0001H     UNIT         ?XD?DSRIGHT?PROTCOL
            XDATA   0AAFH     0001H     UNIT         ?XD?SENDRELEASE?PROTCOL
            XDATA   0AB0H     0001H     UNIT         ?XD?_ADDPLO?PROTCOL
            XDATA   0AB1H     0001H     UNIT         ?XD?_DELPLO?PROTCOL
            XDATA   0AB2H     0001H     UNIT         ?XD?IDISEQC
            XDATA   0AB3H     0001H     UNIT         ?XD?A2108_II2C_INITIALIZE?II2C

            * * * * * * *   C O D E   M E M O R Y   * * * * * * *
            CODE    0000H     0003H     ABSOLUTE     
            CODE    0003H     0008H     UNIT         ?PR?OPENTIMER2INTERRUPT?TIMER
            CODE    000BH     0003H     ABSOLUTE     
            CODE    000EH     0015H     UNIT         ?PR?CLOSETIMER0INTERRUPT?TIMER
            CODE    0023H     0003H     ABSOLUTE     
            CODE    0026H     0004H     UNIT         ?PR?CLOSEUART1?UART
                    002AH     0001H                  *** GAP ***
            CODE    002BH     0003H     ABSOLUTE     
            CODE    002EH     0040H     UNIT         ?PR?_OPENTIMER3INTERRUPT?TIMER
                    006EH     0005H                  *** GAP ***
            CODE    0073H     0003H     ABSOLUTE     
            CODE    0076H     0026H     UNIT         ?PR?UART1INIT?UART
                    009CH     0007H                  *** GAP ***
BL51 BANKED LINKER/LOCATER V6.22                                                      12/06/2016  17:34:29  PAGE 6


            CODE    00A3H     0003H     ABSOLUTE     
            CODE    00A6H     13C0H     UNIT         ?CO?SHARPRECEIVER
            CODE    1466H     0A12H     UNIT         ?C?LIB_CODE
            CODE    1E78H     0414H     UNIT         ?C_INITSEG
            CODE    228CH     0345H     UNIT         ?PR?_TESTSTOR?TIMER
            CODE    25D1H     02E1H     UNIT         ?PR?GOTOAZMIDL?TIMER
            CODE    28B2H     02D2H     UNIT         ?PR?GOTOAZMIDR?TIMER
            CODE    2B84H     02C1H     UNIT         ?PR?READGPS?UART
            CODE    2E45H     028AH     UNIT         ?PR?_MOTORCTRL?TIMER
            CODE    30CFH     025DH     UNIT         ?PR?TIMER3INTERRUPT?TIMER
            CODE    332CH     0250H     UNIT         ?PR?_SETXINBIAOFREQNUM?UART
            CODE    357CH     0233H     UNIT         ?PR?GOAM?TIMER
            CODE    37AFH     01F3H     UNIT         ?PR?READGRADIENT?UART
            CODE    39A2H     01E2H     UNIT         ?PR?UART1INTERRUPT?UART
            CODE    3B84H     01B6H     UNIT         ?PR?GOTOAZMIDM?TIMER
            CODE    3D3AH     0198H     UNIT         ?PR?AZLIMITTEST?TIMER
            CODE    3ED2H     0188H     UNIT         ?PR?SIN?SIN
            CODE    405AH     0168H     UNIT         ?PR?GETG8?UART
            CODE    41C2H     0166H     UNIT         ?PR?_POW?POW
            CODE    4328H     015CH     UNIT         ?PR?UART0INTERRUPT?UART
            CODE    4484H     012BH     UNIT         ?PR?GETKCAGC?UART
            CODE    45AFH     0129H     UNIT         ?PR?LOG?LOG
            CODE    46D8H     0122H     UNIT         ?PR?ATAN?ATAN
            CODE    47FAH     00EAH     UNIT         ?PR?_MODF?MODF
            CODE    48E4H     00E4H     UNIT         ?PR?GETXINBIAOVER?UART
            CODE    49C8H     00C6H     UNIT         ?PR?WATCHWIRE?UART
            CODE    4A8EH     0060H     UNIT         ?PR?SELECTGPS?UART
            CODE    4AEEH     000EH     UNIT         ?PR?TIMER3INIT?TIMER
                    4AFCH     0004H                  *** GAP ***
            CODE    4B00H     00BDH     PAGE         ?BANK?SWITCH
            CODE    4BBDH     00B6H     UNIT         ?PR?TIMER2INTERRUPT?TIMER
            CODE    4C73H     00ACH     UNIT         ?PR?_MOTORFUN?TIMER
            CODE    4D1FH     00ACH     UNIT         ?PR?SQRT?SQRT
            CODE    4DCBH     009AH     UNIT         ?PR?EXP?EXP
            CODE    4E65H     0094H     UNIT         ?PR?GETXINBIAOVORX?UART
            CODE    4EF9H     0091H     UNIT         ?PR?_SETFLAG?UART
            CODE    4F8AH     008CH     UNIT         ?C_C51STARTUP
            CODE    5016H     008CH     UNIT         ?PR?GOTOAZMID?TIMER
            CODE    50A2H     0087H     UNIT         ?PR?GETAZS1?TIMER
            CODE    5129H     0087H     UNIT         ?PR?GETAZS2?TIMER
            CODE    51B0H     0087H     UNIT         ?PR?GETELS1?TIMER
            CODE    5237H     005DH     UNIT         ?PR?SELECTGRADIENT?UART
            CODE    5294H     005DH     UNIT         ?PR?SELECTXINBIAO?UART
            CODE    52F1H     004BH     UNIT         ?PR?TIMER0INTERRUPT?TIMER
            CODE    533CH     004BH     UNIT         ?PR?UART0INIT?UART
            CODE    5387H     004AH     UNIT         ?PR?_SETXINBIAOFREQKC?UART
            CODE    53D1H     0046H     UNIT         ?PR?INITWIRE?UART
            CODE    5417H     003EH     UNIT         ?PR?GETG8FLAG?UART
            CODE    5455H     0032H     UNIT         ?PR?UART1TX?UART
            CODE    5487H     0023H     UNIT         ?PR?OPENTIMER0INTERRUPT?TIMER
            CODE    54AAH     0022H     UNIT         ?PR?TIMER2INIT?TIMER
            CODE    54CCH     001FH     UNIT         ?PR?TIMER0INIT?TIMER
            CODE    54EBH     000DH     UNIT         ?PR?OPENUART1?UART
            CODE    54F8H     000DH     UNIT         ?PR?_FABS?FABS
            CODE    5505H     000CH     UNIT         ?BANK?SELECT
            CODE    5511H     000CH     UNIT         ?PR?OPENUART0?UART
            CODE    551DH     000AH     UNIT         ?PR?CLOSETIMER3INTERRUPT?TIMER
BL51 BANKED LINKER/LOCATER V6.22                                                      12/06/2016  17:34:29  PAGE 7


            CODE    5527H     0009H     UNIT         ?PR?CLOSEUART0?UART
            CODE    5530H     0008H     UNIT         ?PR?CLOSETIMER2INTERRUPT?TIMER

            * * * * * * *   C O D E   B A N K   1   * * * * * * *
                    0000H     8000H                  *** GAP ***
            BANK1   8000H     0D59H     UNIT         ?PR?WATCH?PROTCOL
            BANK1   8D59H     0979H     UNIT         ?PR?_STORBSARR?PROTCOL
            BANK1   96D2H     04C6H     UNIT         ?PR?TOTRETURN?PROTCOL
            BANK1   9B98H     0364H     UNIT         ?PR?_FINDANT?STATION
            BANK1   9EFCH     030CH     UNIT         ?PR?RETURNCAL?PROTCOL
            BANK1   A208H     02DAH     UNIT         ?PR?RETYORN?PROTCOL
            BANK1   A4E2H     028DH     UNIT         ?PR?RETURNRECFREQ?PROTCOL
            BANK1   A76FH     0289H     UNIT         ?PR?RETURNSTATIONSTATUS?PROTCOL
            BANK1   A9F8H     0283H     UNIT         ?PR?STOREDATA?PROTCOL
            BANK1   AC7BH     0277H     UNIT         ?PR?RETBASESTARDATA?PROTCOL
            BANK1   AEF2H     0246H     UNIT         ?PR?CHANGEXINBIAOFREQ?PROTCOL
            BANK1   B138H     023BH     UNIT         ?PR?SETAZRIGHT?PROTCOL
            BANK1   B373H     0224H     UNIT         ?PR?SETSTATIONLONGLAT?PROTCOL
            BANK1   B597H     0214H     UNIT         ?PR?GOTOPOLAR?PROTCOL
            BANK1   B7ABH     0212H     UNIT         ?PR?SETPLORIGHT?PROTCOL
            BANK1   B9BDH     0204H     UNIT         ?PR?SETELRIGHT?PROTCOL
            BANK1   BBC1H     0202H     UNIT         ?PR?SENDWARNING?PROTCOL
            BANK1   BDC3H     01FEH     UNIT         ?PR?GOTOAZ?PROTCOL
            BANK1   BFC1H     01E3H     UNIT         ?PR?RETURNGPS?PROTCOL
            BANK1   C1A4H     01CCH     UNIT         ?PR?GOTOEL?PROTCOL
            BANK1   C370H     01C4H     UNIT         ?PR?_WRITEEEPROM?RWEEPROM
            BANK1   C534H     01BAH     UNIT         ?PR?RETURNAGCPLOAR?PROTCOL
            BANK1   C6EEH     01B4H     UNIT         ?PR?SETSTALONGPLO?PROTCOL
            BANK1   C8A2H     01AFH     UNIT         ?PR?GETPOLARANGLE?ADC
            BANK1   CA51H     0190H     UNIT         ?PR?_RETURNBITS?PROTCOL
            BANK1   CBE1H     0179H     UNIT         ?PR?RETURNAZEL?PROTCOL
            BANK1   CD5AH     0156H     UNIT         ?PR?RETURNSATLONGPLOARVET?PROTCOL
            BANK1   CEB0H     012FH     UNIT         ?PR?GETT?ADC
            BANK1   CFDFH     0129H     UNIT         ?PR?ELRANGE?PROTCOL
            BANK1   D108H     0113H     UNIT         ?PR?GETSHARPAGC?ADC
            BANK1   D21BH     0101H     UNIT         ?PR?SETTHRESHOLD?PROTCOL
            BANK1   D31CH     00FEH     UNIT         ?PR?RETURNSTALONG?PROTCOL
            BANK1   D41AH     00EDH     UNIT         ?PR?SENDRELEASE?PROTCOL
            BANK1   D507H     00E6H     UNIT         ?PR?RETURNSTALATITUDE?PROTCOL
            BANK1   D5EDH     00DEH     UNIT         ?PR?_GOTOPOLARANGLE?POLAR
            BANK1   D6CBH     00CFH     UNIT         ?PR?_READEEPROM?RWEEPROM
            BANK1   D79AH     00ADH     UNIT         ?PR?_ITOA?STATION
            BANK1   D847H     0087H     UNIT         ?PR?RETURNXINBIAOAGCTHRESHOLD?PROTCOL
            BANK1   D8CEH     0083H     UNIT         ?PR?_ADDAZ?PROTCOL
            BANK1   D951H     0083H     UNIT         ?PR?_DELAZ?PROTCOL
            BANK1   D9D4H     0082H     UNIT         ?PR?_ADDEL?PROTCOL
            BANK1   DA56H     0082H     UNIT         ?PR?_DELEL?PROTCOL
            BANK1   DAD8H     0071H     UNIT         ?PR?MAIN?MAIN
            BANK1   DB49H     006BH     UNIT         ?PR?_ADDPLO?PROTCOL
            BANK1   DBB4H     006BH     UNIT         ?PR?_DELPLO?PROTCOL
            BANK1   DC1FH     006AH     UNIT         ?PR?_SEND?RWEEPROM
            BANK1   DC89H     006AH     UNIT         ?PR?DURIGHT?PROTCOL
            BANK1   DCF3H     006AH     UNIT         ?PR?DAZARIGHT?PROTCOL
            BANK1   DD5DH     006AH     UNIT         ?PR?DAZBRIGHT?PROTCOL
            BANK1   DDC7H     006AH     UNIT         ?PR?DSRIGHT?PROTCOL
            BANK1   DE31H     005FH     UNIT         ?PR?RETURNRECKIND?PROTCOL
            BANK1   DE90H     005CH     UNIT         ?PR?RETURNENBASESTAR?PROTCOL
BL51 BANKED LINKER/LOCATER V6.22                                                      12/06/2016  17:34:29  PAGE 8


            BANK1   DEECH     0057H     UNIT         ?PR?SETRECKIND?PROTCOL
            BANK1   DF43H     0054H     UNIT         ?PR?RETURNRESETSUCCESS?PROTCOL
            BANK1   DF97H     0050H     UNIT         ?PR?_TIMETEST?STATION
            BANK1   DFE7H     0049H     UNIT         ?PR?DLRIGHT?PROTCOL
            BANK1   E030H     0049H     UNIT         ?PR?DRRIGHT?PROTCOL
            BANK1   E079H     0040H     UNIT         ?PR?SENDSJ?PROTCOL
            BANK1   E0B9H     0040H     UNIT         ?PR?SENDKJ?PROTCOL
            BANK1   E0F9H     0040H     UNIT         ?PR?RETURNSTORESUCCESS?PROTCOL
            BANK1   E139H     003DH     UNIT         ?PR?RETURNSTA?PROTCOL
            BANK1   E176H     003DH     UNIT         ?PR?SENDSEARCHING?PROTCOL
            BANK1   E1B3H     003DH     UNIT         ?PR?SENDTACKING?PROTCOL
            BANK1   E1F0H     003AH     UNIT         ?PR?PORTINIT?CPUINIT
            BANK1   E22AH     0031H     UNIT         ?PR?OSCINIT?CPUINIT
            BANK1   E25BH     002FH     UNIT         ?PR?GETAGC?ADC
            BANK1   E28AH     002DH     UNIT         ?PR?RETURNSET?PROTCOL
            BANK1   E2B7H     0029H     UNIT         ?PR?SETMANULMODE?PROTCOL
            BANK1   E2E0H     0026H     UNIT         ?PR?ADC0INIT?ADC
            BANK1   E306H     001EH     UNIT         ?PR?RESET?PROTCOL
            BANK1   E324H     001DH     UNIT         ?PR?SETAUTOMODE?PROTCOL
            BANK1   E341H     0018H     UNIT         ?PR?GETCOMPOLA?ADC
            BANK1   E359H     0018H     UNIT         ?PR?RETFLAG1?PROTCOL
            BANK1   E371H     0018H     UNIT         ?PR?RETFLAG2?PROTCOL
            BANK1   E389H     0015H     UNIT         ?PR?_DELAY?STATION
            BANK1   E39EH     000BH     UNIT         ?PR?WATCHDOGINIT?CPUINIT
            BANK1   E3A9H     000AH     UNIT         ?PR?CPU020INIT?CPUINIT
            BANK1   E3B3H     0004H     UNIT         ?PR?RETURNWARNING?PROTCOL

            * * * * * * *   C O D E   B A N K   2   * * * * * * *
                    0000H     8000H                  *** GAP ***
            BANK2   8000H     056FH     UNIT         ?PR?_SHARPBS2S7HZ6306_SETFREQUENCY?EXTSHARPBS2S7HZ6306
            BANK2   856FH     0550H     UNIT         ?PR?_A2108_IDISEQC_INITIALIZE?IDISEQC
            BANK2   8ABFH     04F9H     UNIT         ?PR?_A2108_II2C_WRITE?II2C
            BANK2   8FB8H     03F1H     UNIT         ?PR?_A2108_IDVBSXRX_LOCKCHANNEL?IDVBSXRX
            BANK2   93A9H     036CH     UNIT         ?PR?_SHARPBS2S7HZ6306_COMMITSETTING?EXTSHARPBS2S7HZ6306
            BANK2   9715H     02FAH     UNIT         ?PR?_A2108_IBASE_SETPLL?IBASE
            BANK2   9A0FH     02E7H     UNIT         ?PR?_A2108_IBASE_DOWNLOADFIRMWARE?IBASE
            BANK2   9CF6H     029CH     UNIT         ?PR?_INITIALIZE?SHARPRECEIVER
            BANK2   9F92H     021BH     UNIT         ?PR?_SETSHARPFREQ1_SUB?SHARPRECEIVER
            BANK2   A1ADH     0215H     UNIT         ?PR?_A2108_II2C_READ?II2C
            BANK2   A3C2H     0206H     UNIT         ?PR?_SETSHARPFREQ_SUB?SHARPRECEIVER
            BANK2   A5C8H     01E3H     UNIT         ?PR?_A2108_II2CREPEATER_READDATA?II2CREPEATER
            BANK2   A7ABH     018FH     UNIT         ?PR?_A2108_II2CREPEATER_SENDDATA?II2CREPEATER
            BANK2   A93AH     017FH     UNIT         ?PR?_EXTSHARPBS2S7HZ6306_INITIALIZE?EXTSHARPBS2S7HZ6306
            BANK2   AAB9H     0153H     UNIT         ?PR?_A2108_IDVBSXRX_INITIALIZE?IDVBSXRX
            BANK2   AC0CH     0140H     UNIT         ?PR?_A2108_IBSP_I2CREAD?IBSP
            BANK2   AD4CH     013EH     UNIT         ?PR?_A2108_IDVBSXRX_SETMPEGMODE?IDVBSXRX
            BANK2   AE8AH     0137H     UNIT         ?PR?_EXTSHARPBS2S7HZ6306_LOCK?EXTSHARPBS2S7HZ6306
            BANK2   AFC1H     0135H     UNIT         ?PR?_DECHUNK32?AVL
            BANK2   B0F6H     0101H     UNIT         ?PR?_A2108_II2CREPEATER_SENDOP?II2CREPEATER
            BANK2   B1F7H     00EEH     UNIT         ?PR?_INITA2108CHIPOBJECT?AVL21081
            BANK2   B2E5H     00ECH     UNIT         ?PR?_A2108_IBASE_SENDRXOP?IBASE
            BANK2   B3D1H     00E0H     UNIT         ?PR?_SETSHARPFREQ?SHARPRECEIVER
            BANK2   B4B1H     00DEH     UNIT         ?PR?_A2108_IBASE_GETSTATUS?IBASE
            BANK2   B58FH     00DBH     UNIT         ?PR?_CHUNK32?AVL
            BANK2   B66AH     00C1H     UNIT         ?PR?_SETSHARPFREQ1?SHARPRECEIVER
            BANK2   B72BH     00B1H     UNIT         ?PR?_A2108_II2CREPEATER_INITIALIZE?II2CREPEATER
            BANK2   B7DCH     00AEH     UNIT         ?PR?_A2108_ITUNER_CALCULATELPF?ITUNER
BL51 BANKED LINKER/LOCATER V6.22                                                      12/06/2016  17:34:29  PAGE 9


            BANK2   B88AH     00AEH     UNIT         ?PR?_A2108_IBSP_I2CWRITE?IBSP
            BANK2   B938H     00A7H     UNIT         ?PR?_A2108_IBASE_INITIALIZE?IBASE
            BANK2   B9DFH     008BH     UNIT         ?PR?_SHARPBS2S7HZ6306REGS_SETLPF?EXTSHARPBS2S7HZ6306
            BANK2   BA6AH     0085H     UNIT         ?PR?ACKCHECK?IBSP
            BANK2   BAEFH     0083H     UNIT         ?PR?_SENDBYTEACK?IBSP
            BANK2   BB72H     007FH     UNIT         ?PR?_CHUNKADDR?AVL
            BANK2   BBF1H     007DH     UNIT         ?PR?RCVBYTE?IBSP
            BANK2   BC6EH     007BH     UNIT         ?PR?_EXTSHARPBS2S7HZ6306_GETLOCKSTATUS?EXTSHARPBS2S7HZ6306
            BANK2   BCE9H     0078H     UNIT         ?PR?_CPU_HALT?SHARPRECEIVER
            BANK2   BD61H     0076H     UNIT         ?PR?_A2108_II2C_READ16?II2C
            BANK2   BDD7H     0073H     UNIT         ?PR?_A2108_II2C_READ32?II2C
            BANK2   BE4AH     006CH     UNIT         ?PR?_A2108_IBASE_GETRXOPSTATUS?IBASE
            BANK2   BEB6H     006CH     UNIT         ?PR?_A2108_II2CREPEATER_GETOPSTATUS?II2CREPEATER
            BANK2   BF22H     0069H     UNIT         ?PR?_A2108_IDVBSXRX_SETRFAGCPOLA?IDVBSXRX
            BANK2   BF8BH     0068H     UNIT         ?PR?_A2108_IBASE_GETFUNCTIONALMODE?IBASE
            BANK2   BFF3H     0065H     UNIT         ?PR?_A2108_IDVBSXRX_SETFREQSWEEPRANGE?IDVBSXRX
            BANK2   C058H     0060H     UNIT         ?PR?_DECHUNK16?AVL
            BANK2   C0B8H     005BH     UNIT         ?PR?_SHARPBS2S7HZ6306_SETBBGAIN?EXTSHARPBS2S7HZ6306
            BANK2   C113H     005BH     UNIT         ?PR?_SHARPBS2S7HZ6306_SETCHARGEPUMP?EXTSHARPBS2S7HZ6306
            BANK2   C16EH     005BH     UNIT         ?PR?_A2108_II2C_WRITE32?II2C
            BANK2   C1C9H     0055H     UNIT         ?PR?_A2108_II2C_WRITE16?II2C
            BANK2   C21EH     0052H     UNIT         ?PR?_A2108_IDVBSXRX_GETLOCKSTATUS?IDVBSXRX
            BANK2   C270H     0050H     UNIT         ?PR?_CHUNK16?AVL
            BANK2   C2C0H     0039H     UNIT         ?PR?START_I2C?IBSP
            BANK2   C2F9H     0034H     UNIT         ?PR?_A2108_IBSP_DELAY_MS?IBSP
            BANK2   C32DH     002BH     UNIT         ?PR?STOP_I2C?IBSP
            BANK2   C358H     0024H     UNIT         ?PR?_A2108_IBSP_INITSEMAPHORE?IBSP
            BANK2   C37CH     0024H     UNIT         ?PR?_A2108_IBSP_WAITSEMAPHORE?IBSP
            BANK2   C3A0H     0024H     UNIT         ?PR?_A2108_IBSP_RELEASESEMAPHORE?IBSP
            BANK2   C3C4H     0019H     UNIT         ?PR?A2108_II2C_INITIALIZE?II2C
            BANK2   C3DDH     0015H     UNIT         ?PR?_A2108_IBSP_DELAY?IBSP

            * * * * * * *   C O D E   B A N K   3   * * * * * * *
                    0000H     8000H                  *** GAP ***
            BANK3   8000H     0A5EH     UNIT         ?PR?_TACKINGUPDOWNRIGHTLEFT?ANTENNA
            BANK3   8A5EH     0926H     UNIT         ?PR?ANTENNATIMESEARCH?ANTENNA
            BANK3   9384H     064EH     UNIT         ?PR?ANTENNAREADYSEARCH?ANTENNA
            BANK3   99D2H     045DH     UNIT         ?PR?GOTOOBJSTAR?ANTENNA
            BANK3   9E2FH     0455H     UNIT         ?PR?ANTENNASTORE?ANTENNA
            BANK3   A284H     043DH     UNIT         ?PR?ANTENNAINIT?ANTENNA
            BANK3   A6C1H     0427H     UNIT         ?PR?ANTENNATRACKING?ANTENNA
            BANK3   AAE8H     040BH     UNIT         ?PR?LEDTEST?ANTENNA
            BANK3   AEF3H     03BFH     UNIT         ?PR?STORSRCPARA?ANTENNA
            BANK3   B2B2H     036AH     UNIT         ?PR?GETPARA?ANTENNA
            BANK3   B61CH     030AH     UNIT         ?PR?PARAPROTECT?ANTENNA
            BANK3   B926H     0228H     UNIT         ?PR?GETBASESTARPARA?ANTENNA
            BANK3   BB4EH     01D9H     UNIT         ?PR?TESTXIANWEI?ANTENNA
            BANK3   BD27H     01D1H     UNIT         ?PR?TRACKINGSUCCEED?ANTENNA
            BANK3   BEF8H     015DH     UNIT         ?PR?GETPARAEN?ANTENNA
            BANK3   C055H     00F9H     UNIT         ?PR?TESTBASESTARPARA?ANTENNA
            BANK3   C14EH     00C9H     UNIT         ?PR?ANTENNAMANUAL?ANTENNA
            BANK3   C217H     00C0H     UNIT         ?PR?TESTXINBIAO?ANTENNA
            BANK3   C2D7H     00B3H     UNIT         ?PR?MOTORUP?ANTENNA
            BANK3   C38AH     0096H     UNIT         ?PR?TESTGPS?ANTENNA
            BANK3   C420H     006CH     UNIT         ?PR?TESTSELF?ANTENNA
            BANK3   C48CH     0048H     UNIT         ?PR?GRADIENTTEST?ANTENNA
            BANK3   C4D4H     003DH     UNIT         ?PR?SETBIANBAN?ANTENNA
BL51 BANKED LINKER/LOCATER V6.22                                                      12/06/2016  17:34:29  PAGE 10


            BANK3   C511H     0037H     UNIT         ?PR?POLARANGLEINIT?ANTENNA
            BANK3   C548H     002DH     UNIT         ?PR?TESTPOLAR?ANTENNA
            BANK3   C575H     0018H     UNIT         ?PR?ANTTESTFUN?ANTENNA



OVERLAY MAP OF MODULE:   dvb7700 (?BANK?SWITCHING)


SEGMENT                                             BIT_GROUP          XDATA_GROUP
  +--> CALLED SEGMENT                            START    LENGTH     START    LENGTH
------------------------------------------------------------------------------------
?C_C51STARTUP                                    -----    -----      -----    -----
  +--> ?PR?MAIN?MAIN
  +--> ?C_INITSEG

?PR?MAIN?MAIN                                    -----    -----      -----    -----
  +--> ?PR?CPU020INIT?CPUINIT
  +--> ?PR?ADC0INIT?ADC
  +--> ?PR?TIMER0INIT?TIMER
  +--> ?PR?TIMER2INIT?TIMER
  +--> ?PR?TIMER3INIT?TIMER
  +--> ?PR?UART0INIT?UART
  +--> ?PR?UART1INIT?UART
  +--> ?PR?ANTENNAINIT?ANTENNA
  +--> ?PR?ANTENNAREADYSEARCH?ANTENNA
  +--> ?PR?ANTENNATIMESEARCH?ANTENNA
  +--> ?PR?ANTENNATRACKING?ANTENNA
  +--> ?PR?ANTENNAMANUAL?ANTENNA
  +--> ?PR?ANTENNASTORE?ANTENNA

?PR?CPU020INIT?CPUINIT                           -----    -----      -----    -----
  +--> ?PR?WATCHDOGINIT?CPUINIT
  +--> ?PR?OSCINIT?CPUINIT
  +--> ?PR?PORTINIT?CPUINIT

?PR?UART1INIT?UART                               -----    -----      -----    -----
  +--> ?PR?OPENUART1?UART

?PR?ANTENNAINIT?ANTENNA                          -----    -----      -----    -----
  +--> ?PR?_DELAY?STATION
  +--> ?PR?ANTTESTFUN?ANTENNA
  +--> ?PR?OPENTIMER0INTERRUPT?TIMER
  +--> ?PR?CLOSETIMER0INTERRUPT?TIMER
  +--> ?PR?WATCHWIRE?UART
  +--> ?PR?_READEEPROM?RWEEPROM
  +--> ?PR?_WRITEEEPROM?RWEEPROM
  +--> ?PR?_SETSHARPFREQ?SHARPRECEIVER
  +--> ?PR?GETPARA?ANTENNA
  +--> ?PR?GETBASESTARPARA?ANTENNA
  +--> ?PR?TESTSELF?ANTENNA
  +--> ?PR?READGRADIENT?UART
  +--> ?PR?GETELS1?TIMER
  +--> ?PR?_MOTORFUN?TIMER
  +--> ?PR?_TIMETEST?STATION
  +--> ?PR?WATCH?PROTCOL
  +--> ?PR?AZLIMITTEST?TIMER
BL51 BANKED LINKER/LOCATER V6.22                                                      12/06/2016  17:34:29  PAGE 11


  +--> ?PR?GOTOAZMID?TIMER
  +--> ?PR?SETBIANBAN?ANTENNA
  +--> ?PR?POLARANGLEINIT?ANTENNA
  +--> ?PR?GETCOMPOLA?ADC
  +--> ?PR?_GOTOPOLARANGLE?POLAR

?PR?ANTTESTFUN?ANTENNA                           -----    -----      -----    -----
  +--> ?PR?LEDTEST?ANTENNA
  +--> ?PR?GRADIENTTEST?ANTENNA
  +--> ?PR?MOTORUP?ANTENNA
  +--> ?PR?TESTXIANWEI?ANTENNA
  +--> ?PR?TESTPOLAR?ANTENNA
  +--> ?PR?TESTXINBIAO?ANTENNA
  +--> ?PR?TESTGPS?ANTENNA

?PR?LEDTEST?ANTENNA                              -----    -----      -----    -----
  +--> ?PR?_TIMETEST?STATION
  +--> ?PR?_WRITEEEPROM?RWEEPROM

?PR?_TIMETEST?STATION                            -----    -----      -----    -----
  +--> ?PR?_DELAY?STATION

?PR?_WRITEEEPROM?RWEEPROM                        -----    -----      -----    -----
  +--> ?PR?_DELAY?STATION
  +--> ?PR?_SEND?RWEEPROM
  +--> ?PR?OPENTIMER0INTERRUPT?TIMER
  +--> ?PR?CLOSETIMER0INTERRUPT?TIMER

?PR?_SEND?RWEEPROM                               -----    -----      -----    -----
  +--> ?PR?_DELAY?STATION

?PR?GRADIENTTEST?ANTENNA                         -----    -----      -----    -----
  +--> ?PR?READGRADIENT?UART
  +--> ?PR?_DELAY?STATION

?PR?READGRADIENT?UART                            -----    -----      -----    -----
  +--> ?PR?OPENTIMER0INTERRUPT?TIMER
  +--> ?PR?SELECTGRADIENT?UART
  +--> ?PR?CLOSEUART0?UART
  +--> ?PR?CLOSETIMER0INTERRUPT?TIMER

?PR?SELECTGRADIENT?UART                          -----    -----      -----    -----
  +--> ?PR?CLOSEUART0?UART
  +--> ?PR?OPENUART0?UART

?PR?MOTORUP?ANTENNA                              -----    -----      -----    -----
  +--> ?PR?READGRADIENT?UART
  +--> ?PR?GETELS1?TIMER
  +--> ?PR?_MOTORFUN?TIMER
  +--> ?PR?_TIMETEST?STATION

?PR?GETELS1?TIMER                                -----    -----      -----    -----
  +--> ?PR?_READEEPROM?RWEEPROM

?PR?_READEEPROM?RWEEPROM                         -----    -----      -----    -----
  +--> ?PR?_DELAY?STATION
  +--> ?PR?_SEND?RWEEPROM
BL51 BANKED LINKER/LOCATER V6.22                                                      12/06/2016  17:34:29  PAGE 12



?PR?_MOTORFUN?TIMER                              -----    -----      -----    -----
  +--> ?PR?CLOSETIMER3INTERRUPT?TIMER
  +--> ?PR?_OPENTIMER3INTERRUPT?TIMER

?PR?TESTXIANWEI?ANTENNA                          -----    -----      -----    -----
  +--> ?PR?GETAZS2?TIMER
  +--> ?PR?_MOTORCTRL?TIMER
  +--> ?PR?_DELAY?STATION
  +--> ?PR?_TIMETEST?STATION
  +--> ?PR?_MOTORFUN?TIMER

?PR?GETAZS2?TIMER                                -----    -----      -----    -----
  +--> ?PR?_READEEPROM?RWEEPROM

?PR?_MOTORCTRL?TIMER                             -----    -----      -----    -----
  +--> ?PR?_MOTORFUN?TIMER

?PR?TESTPOLAR?ANTENNA                            -----    -----      -----    -----
  +--> ?PR?POLARANGLEINIT?ANTENNA
  +--> ?PR?GETCOMPOLA?ADC
  +--> ?PR?_GOTOPOLARANGLE?POLAR
  +--> ?PR?_TIMETEST?STATION

?PR?POLARANGLEINIT?ANTENNA                       -----    -----      -----    -----
  +--> ?PR?_DELAY?STATION
  +--> ?PR?GETCOMPOLA?ADC

?PR?GETCOMPOLA?ADC                               -----    -----      -----    -----
  +--> ?PR?GETPOLARANGLE?ADC

?PR?_GOTOPOLARANGLE?POLAR                        -----    -----      -----    -----
  +--> ?PR?_READEEPROM?RWEEPROM
  +--> ?PR?OPENTIMER0INTERRUPT?TIMER
  +--> ?PR?OPENTIMER2INTERRUPT?TIMER
  +--> ?PR?CLOSETIMER2INTERRUPT?TIMER
  +--> ?PR?CLOSETIMER0INTERRUPT?TIMER

?PR?TESTXINBIAO?ANTENNA                          -----    -----      -----    -----
  +--> ?PR?GETELS1?TIMER
  +--> ?PR?_MOTORFUN?TIMER
  +--> ?PR?_SETXINBIAOFREQKC?UART
  +--> ?PR?_TIMETEST?STATION
  +--> ?PR?_DELAY?STATION

?PR?_SETXINBIAOFREQKC?UART                       -----    -----      -----    -----
  +--> ?PR?_DELAY?STATION
  +--> ?PR?_SETXINBIAOFREQNUM?UART

?PR?_SETXINBIAOFREQNUM?UART                      -----    -----      -----    -----
  +--> ?PR?SELECTXINBIAO?UART
  +--> ?PR?_DELAY?STATION
  +--> ?PR?OPENTIMER0INTERRUPT?TIMER
  +--> ?PR?CLOSEUART0?UART
  +--> ?PR?CLOSETIMER0INTERRUPT?TIMER

?PR?SELECTXINBIAO?UART                           -----    -----      -----    -----
BL51 BANKED LINKER/LOCATER V6.22                                                      12/06/2016  17:34:29  PAGE 13


  +--> ?PR?CLOSEUART0?UART
  +--> ?PR?OPENUART0?UART

?PR?TESTGPS?ANTENNA                              -----    -----      -----    -----
  +--> ?PR?READGPS?UART
  +--> ?PR?_DELAY?STATION
  +--> ?PR?_TIMETEST?STATION

?PR?READGPS?UART                                 -----    -----      -----    -----
  +--> ?PR?OPENTIMER0INTERRUPT?TIMER
  +--> ?PR?SELECTGPS?UART
  +--> ?PR?CLOSEUART0?UART
  +--> ?PR?CLOSETIMER0INTERRUPT?TIMER

?PR?SELECTGPS?UART                               -----    -----      -----    -----
  +--> ?PR?CLOSEUART0?UART
  +--> ?PR?OPENUART0?UART

?PR?WATCHWIRE?UART                               -----    -----      -----    -----
  +--> ?PR?_READEEPROM?RWEEPROM
  +--> ?PR?_WRITEEEPROM?RWEEPROM
  +--> ?PR?GETG8?UART
  +--> ?PR?INITWIRE?UART
  +--> ?PR?GETG8FLAG?UART
  +--> ?PR?_SETFLAG?UART

?PR?GETG8?UART                                   -----    -----      -----    -----
  +--> ?PR?INITWIRE?UART
  +--> ?PR?OPENTIMER0INTERRUPT?TIMER
  +--> ?PR?CLOSETIMER0INTERRUPT?TIMER
  +--> ?PR?_DELAY?STATION

?PR?INITWIRE?UART                                -----    -----      -----    -----
  +--> ?PR?CLOSEUART1?UART
  +--> ?PR?_TIMETEST?STATION
  +--> ?PR?_DELAY?STATION
  +--> ?PR?OPENUART1?UART

?PR?_SETFLAG?UART                                -----    -----      -----    -----
  +--> ?PR?_DELAY?STATION
  +--> ?PR?CLOSEUART1?UART

?PR?_SETSHARPFREQ?SHARPRECEIVER                  -----    -----      -----    -----
  +--> ?PR?_DELAY?STATION
  +--> ?PR?_SETSHARPFREQ_SUB?SHARPRECEIVER

?PR?_SETSHARPFREQ_SUB?SHARPRECEIVER              -----    -----      -----    -----
  +--> ?PR?_INITIALIZE?SHARPRECEIVER
  +--> ?PR?_A2108_ITUNER_CALCULATELPF?ITUNER
  +--> ?PR?_CPU_HALT?SHARPRECEIVER
  +--> ?PR?_A2108_IBSP_DELAY_MS?IBSP
  +--> ?PR?_A2108_IDVBSXRX_LOCKCHANNEL?IDVBSXRX

?PR?_INITIALIZE?SHARPRECEIVER                    -----    -----      -----    -----
  +--> ?PR?_INITA2108CHIPOBJECT?AVL21081
  +--> ?CO?SHARPRECEIVER
  +--> ?PR?_A2108_IBASE_INITIALIZE?IBASE
BL51 BANKED LINKER/LOCATER V6.22                                                      12/06/2016  17:34:29  PAGE 14


  +--> ?PR?_A2108_IBSP_DELAY_MS?IBSP
  +--> ?PR?_A2108_IBASE_GETSTATUS?IBASE
  +--> ?PR?_A2108_IDVBSXRX_INITIALIZE?IDVBSXRX
  +--> ?PR?_A2108_IDVBSXRX_SETRFAGCPOLA?IDVB...
  +--> ?PR?_A2108_IDVBSXRX_SETMPEGMODE?IDVBSXRX
  +--> ?PR?_EXTSHARPBS2S7HZ6306_INITIALIZE?E...
  +--> ?PR?_EXTSHARPBS2S7HZ6306_LOCK?EXTSHAR...
  +--> ?PR?_EXTSHARPBS2S7HZ6306_GETLOCKSTATU...
  +--> ?PR?_A2108_IDISEQC_INITIALIZE?IDISEQC

?PR?_INITA2108CHIPOBJECT?AVL21081                -----    -----      -----    -----
  +--> ?PR?_A2108_IBSP_INITSEMAPHORE?IBSP
  +--> ?PR?A2108_II2C_INITIALIZE?II2C

?PR?_A2108_IBASE_INITIALIZE?IBASE                -----    -----      -----    -----
  +--> ?PR?_A2108_IBASE_SETPLL?IBASE
  +--> ?PR?_A2108_IBSP_DELAY_MS?IBSP
  +--> ?PR?_A2108_IBASE_DOWNLOADFIRMWARE?IBASE

?PR?_A2108_IBASE_SETPLL?IBASE                    -----    -----      -----    -----
  +--> ?PR?_A2108_II2C_WRITE32?II2C

?PR?_A2108_II2C_WRITE32?II2C                     -----    -----      -----    -----
  +--> ?PR?_CHUNKADDR?AVL
  +--> ?PR?_CHUNK32?AVL
  +--> ?PR?_A2108_II2C_WRITE?II2C

?PR?_A2108_II2C_WRITE?II2C                       -----    -----      -----    -----
  +--> ?PR?_A2108_IBSP_WAITSEMAPHORE?IBSP
  +--> ?PR?_CHUNKADDR?AVL
  +--> ?PR?_A2108_IBSP_I2CWRITE?IBSP
  +--> ?PR?_A2108_IBSP_I2CREAD?IBSP
  +--> ?PR?_A2108_IBSP_RELEASESEMAPHORE?IBSP

?PR?_A2108_IBSP_I2CWRITE?IBSP                    -----    -----      -----    -----
  +--> ?PR?START_I2C?IBSP
  +--> ?PR?_SENDBYTEACK?IBSP
  +--> ?PR?STOP_I2C?IBSP

?PR?START_I2C?IBSP                               -----    -----      -----    -----
  +--> ?PR?_A2108_IBSP_DELAY?IBSP

?PR?_SENDBYTEACK?IBSP                            -----    -----      -----    -----
  +--> ?PR?_A2108_IBSP_DELAY?IBSP
  +--> ?PR?ACKCHECK?IBSP

?PR?ACKCHECK?IBSP                                -----    -----      -----    -----
  +--> ?PR?_A2108_IBSP_DELAY?IBSP

?PR?STOP_I2C?IBSP                                -----    -----      -----    -----
  +--> ?PR?_A2108_IBSP_DELAY?IBSP

?PR?_A2108_IBSP_I2CREAD?IBSP                     -----    -----      -----    -----
  +--> ?PR?START_I2C?IBSP
  +--> ?PR?_SENDBYTEACK?IBSP
  +--> ?PR?_A2108_IBSP_DELAY?IBSP
  +--> ?PR?RCVBYTE?IBSP
BL51 BANKED LINKER/LOCATER V6.22                                                      12/06/2016  17:34:29  PAGE 15


  +--> ?PR?STOP_I2C?IBSP

?PR?RCVBYTE?IBSP                                 -----    -----      -----    -----
  +--> ?PR?_A2108_IBSP_DELAY?IBSP

?PR?_A2108_IBASE_DOWNLOADFIRMWARE?IBASE          -----    -----      -----    -----
  +--> ?PR?_A2108_II2C_WRITE32?II2C
  +--> ?PR?_DECHUNK32?AVL
  +--> ?PR?_A2108_II2C_WRITE?II2C
  +--> ?PR?_A2108_II2C_WRITE16?II2C

?PR?_A2108_II2C_WRITE16?II2C                     -----    -----      -----    -----
  +--> ?PR?_CHUNKADDR?AVL
  +--> ?PR?_CHUNK16?AVL
  +--> ?PR?_A2108_II2C_WRITE?II2C

?PR?_A2108_IBASE_GETSTATUS?IBASE                 -----    -----      -----    -----
  +--> ?PR?_A2108_II2C_READ32?II2C
  +--> ?PR?_A2108_II2C_READ16?II2C

?PR?_A2108_II2C_READ32?II2C                      -----    -----      -----    -----
  +--> ?PR?_A2108_II2C_READ?II2C
  +--> ?PR?_DECHUNK32?AVL

?PR?_A2108_II2C_READ?II2C                        -----    -----      -----    -----
  +--> ?PR?_A2108_IBSP_WAITSEMAPHORE?IBSP
  +--> ?PR?_CHUNKADDR?AVL
  +--> ?PR?_A2108_IBSP_I2CWRITE?IBSP
  +--> ?PR?_A2108_IBSP_I2CREAD?IBSP
  +--> ?PR?_A2108_IBSP_RELEASESEMAPHORE?IBSP

?PR?_A2108_II2C_READ16?II2C                      -----    -----      -----    -----
  +--> ?PR?_A2108_II2C_READ?II2C
  +--> ?PR?_DECHUNK16?AVL

?PR?_A2108_IDVBSXRX_INITIALIZE?IDVBSXRX          -----    -----      -----    -----
  +--> ?PR?_A2108_II2C_WRITE16?II2C
  +--> ?PR?_A2108_II2C_WRITE32?II2C

?PR?_A2108_IDVBSXRX_SETRFAGCPOLA?IDVB...         -----    -----      -----    -----
  +--> ?PR?_A2108_II2C_WRITE32?II2C

?PR?_A2108_IDVBSXRX_SETMPEGMODE?IDVBSXRX         -----    -----      -----    -----
  +--> ?PR?_A2108_II2C_WRITE32?II2C
  +--> ?PR?_A2108_II2C_WRITE16?II2C

?PR?_EXTSHARPBS2S7HZ6306_INITIALIZE?E...         -----    -----      -----    -----
  +--> ?PR?_A2108_II2C_WRITE16?II2C
  +--> ?PR?_A2108_II2CREPEATER_INITIALIZE?II...

?PR?_A2108_II2CREPEATER_INITIALIZE?II...         -----    -----      -----    -----
  +--> ?PR?_A2108_II2C_WRITE16?II2C
  +--> ?PR?_CHUNKADDR?AVL
  +--> ?PR?_A2108_II2CREPEATER_SENDOP?II2CRE...

?PR?_A2108_II2CREPEATER_SENDOP?II2CRE...         -----    -----      -----    -----
  +--> ?PR?_A2108_IBSP_WAITSEMAPHORE?IBSP
BL51 BANKED LINKER/LOCATER V6.22                                                      12/06/2016  17:34:29  PAGE 16


  +--> ?PR?_A2108_II2CREPEATER_GETOPSTATUS?I...
  +--> ?PR?_A2108_IBSP_DELAY?IBSP
  +--> ?PR?_A2108_II2C_WRITE?II2C
  +--> ?PR?_A2108_IBSP_RELEASESEMAPHORE?IBSP

?PR?_A2108_II2CREPEATER_GETOPSTATUS?I...         -----    -----      -----    -----
  +--> ?PR?_A2108_II2C_READ?II2C

?PR?_EXTSHARPBS2S7HZ6306_LOCK?EXTSHAR...         -----    -----      -----    -----
  +--> ?PR?_SHARPBS2S7HZ6306_SETFREQUENCY?EX...
  +--> ?PR?_SHARPBS2S7HZ6306_SETCHARGEPUMP?E...
  +--> ?PR?_SHARPBS2S7HZ6306_SETBBGAIN?EXTSH...
  +--> ?PR?_SHARPBS2S7HZ6306_COMMITSETTING?E...

?PR?_SHARPBS2S7HZ6306_COMMITSETTING?E...         -----    -----      -----    -----
  +--> ?PR?_A2108_II2CREPEATER_SENDDATA?II2C...
  +--> ?PR?_A2108_IBSP_DELAY_MS?IBSP
  +--> ?PR?_SHARPBS2S7HZ6306REGS_SETLPF?EXTS...

?PR?_A2108_II2CREPEATER_SENDDATA?II2C...         -----    -----      -----    -----
  +--> ?PR?_CHUNKADDR?AVL
  +--> ?PR?_A2108_II2CREPEATER_SENDOP?II2CRE...

?PR?_EXTSHARPBS2S7HZ6306_GETLOCKSTATU...         -----    -----      -----    -----
  +--> ?PR?_A2108_II2CREPEATER_READDATA?II2C...

?PR?_A2108_II2CREPEATER_READDATA?II2C...         -----    -----      -----    -----
  +--> ?PR?_A2108_IBSP_WAITSEMAPHORE?IBSP
  +--> ?PR?_CHUNKADDR?AVL
  +--> ?PR?_A2108_II2CREPEATER_SENDOP?II2CRE...
  +--> ?PR?_A2108_II2CREPEATER_GETOPSTATUS?I...
  +--> ?PR?_A2108_IBSP_RELEASESEMAPHORE?IBSP
  +--> ?PR?_A2108_IBSP_DELAY_MS?IBSP
  +--> ?PR?_A2108_II2C_READ?II2C

?PR?_A2108_IDISEQC_INITIALIZE?IDISEQC            -----    -----      -----    -----
  +--> ?PR?_A2108_II2C_WRITE32?II2C
  +--> ?PR?_A2108_II2C_READ32?II2C

?PR?_CPU_HALT?SHARPRECEIVER                      -----    -----      -----    -----
  +--> ?PR?_A2108_IBASE_SENDRXOP?IBASE
  +--> ?PR?_A2108_IBASE_GETRXOPSTATUS?IBASE
  +--> ?PR?_A2108_IBSP_DELAY_MS?IBSP

?PR?_A2108_IBASE_SENDRXOP?IBASE                  -----    -----      -----    -----
  +--> ?PR?_A2108_IBSP_WAITSEMAPHORE?IBSP
  +--> ?PR?_A2108_IBASE_GETRXOPSTATUS?IBASE
  +--> ?PR?_DECHUNK16?AVL
  +--> ?PR?_A2108_II2C_WRITE16?II2C
  +--> ?PR?_A2108_IBSP_RELEASESEMAPHORE?IBSP

?PR?_A2108_IBASE_GETRXOPSTATUS?IBASE             -----    -----      -----    -----
  +--> ?PR?_A2108_II2C_READ?II2C

?PR?_A2108_IDVBSXRX_LOCKCHANNEL?IDVBSXRX         -----    -----      -----    -----
  +--> ?PR?_A2108_IBASE_GETFUNCTIONALMODE?IBASE
  +--> ?PR?_A2108_II2C_WRITE16?II2C
BL51 BANKED LINKER/LOCATER V6.22                                                      12/06/2016  17:34:29  PAGE 17


  +--> ?PR?_A2108_IDVBSXRX_SETFREQSWEEPRANGE...
  +--> ?PR?_A2108_II2C_WRITE32?II2C
  +--> ?PR?_A2108_IBASE_SENDRXOP?IBASE

?PR?_A2108_IBASE_GETFUNCTIONALMODE?IBASE         -----    -----      -----    -----
  +--> ?PR?_A2108_II2C_READ16?II2C

?PR?_A2108_IDVBSXRX_SETFREQSWEEPRANGE...         -----    -----      -----    -----
  +--> ?PR?_A2108_II2C_WRITE16?II2C

?PR?GETPARA?ANTENNA                              -----    -----      -----    -----
  +--> ?PR?_READEEPROM?RWEEPROM

?PR?GETBASESTARPARA?ANTENNA                      -----    -----      -----    -----
  +--> ?PR?_READEEPROM?RWEEPROM

?PR?TESTSELF?ANTENNA                             -----    -----      -----    -----
  +--> ?PR?READGRADIENT?UART
  +--> ?PR?GETCOMPOLA?ADC
  +--> ?PR?GETXINBIAOVER?UART
  +--> ?PR?GETAGC?ADC
  +--> ?PR?_SETSHARPFREQ1?SHARPRECEIVER
  +--> ?PR?_SETXINBIAOFREQKC?UART
  +--> ?PR?READGPS?UART

?PR?GETXINBIAOVER?UART                           -----    -----      -----    -----
  +--> ?PR?SELECTXINBIAO?UART
  +--> ?PR?_DELAY?STATION
  +--> ?PR?OPENTIMER0INTERRUPT?TIMER
  +--> ?PR?CLOSEUART0?UART
  +--> ?PR?CLOSETIMER0INTERRUPT?TIMER

?PR?GETAGC?ADC                                   -----    -----      -----    -----
  +--> ?PR?GETKCAGC?UART
  +--> ?PR?GETSHARPAGC?ADC

?PR?GETKCAGC?UART                                -----    -----      -----    -----
  +--> ?PR?OPENTIMER0INTERRUPT?TIMER
  +--> ?PR?SELECTXINBIAO?UART
  +--> ?PR?CLOSEUART0?UART
  +--> ?PR?CLOSETIMER0INTERRUPT?TIMER

?PR?_SETSHARPFREQ1?SHARPRECEIVER                 -----    -----      -----    -----
  +--> ?PR?_SETSHARPFREQ1_SUB?SHARPRECEIVER
  +--> ?PR?_DELAY?STATION

?PR?_SETSHARPFREQ1_SUB?SHARPRECEIVER             -----    -----      -----    -----
  +--> ?PR?_A2108_II2C_READ32?II2C
  +--> ?PR?_A2108_ITUNER_CALCULATELPF?ITUNER
  +--> ?PR?_CPU_HALT?SHARPRECEIVER
  +--> ?PR?_A2108_IBSP_DELAY_MS?IBSP
  +--> ?PR?_A2108_IDVBSXRX_LOCKCHANNEL?IDVBSXRX

?PR?WATCH?PROTCOL                                -----    -----      -----    -----
  +--> ?PR?GETT?ADC
  +--> ?PR?_READEEPROM?RWEEPROM
  +--> ?PR?_MOTORFUN?TIMER
BL51 BANKED LINKER/LOCATER V6.22                                                      12/06/2016  17:34:29  PAGE 18


  +--> ?PR?WATCHWIRE?UART
  +--> ?PR?_DELAY?STATION
  +--> ?PR?OPENTIMER0INTERRUPT?TIMER
  +--> ?PR?CLOSETIMER0INTERRUPT?TIMER
  +--> ?PR?RESET?PROTCOL
  +--> ?PR?RETFLAG2?PROTCOL
  +--> ?PR?RETFLAG1?PROTCOL
  +--> ?PR?RETURNSTA?PROTCOL
  +--> ?PR?RETURNSET?PROTCOL
  +--> ?PR?RETURNSTATIONSTATUS?PROTCOL
  +--> ?PR?_TIMETEST?STATION
  +--> ?PR?SETSTALONGPLO?PROTCOL
  +--> ?PR?CHANGEXINBIAOFREQ?PROTCOL
  +--> ?PR?SETTHRESHOLD?PROTCOL
  +--> ?PR?_ADDEL?PROTCOL
  +--> ?PR?_DELEL?PROTCOL
  +--> ?PR?GOTOEL?PROTCOL
  +--> ?PR?_ADDAZ?PROTCOL
  +--> ?PR?_DELAZ?PROTCOL
  +--> ?PR?GOTOAZ?PROTCOL
  +--> ?PR?_ADDPLO?PROTCOL
  +--> ?PR?_DELPLO?PROTCOL
  +--> ?PR?GOTOPOLAR?PROTCOL
  +--> ?PR?SETPLORIGHT?PROTCOL
  +--> ?PR?SETAZRIGHT?PROTCOL
  +--> ?PR?SETELRIGHT?PROTCOL
  +--> ?PR?DLRIGHT?PROTCOL
  +--> ?PR?DRRIGHT?PROTCOL
  +--> ?PR?DURIGHT?PROTCOL
  +--> ?PR?DSRIGHT?PROTCOL
  +--> ?PR?DAZARIGHT?PROTCOL
  +--> ?PR?DAZBRIGHT?PROTCOL
  +--> ?PR?READGPS?UART
  +--> ?PR?RETURNWARNING?PROTCOL
  +--> ?PR?SETAUTOMODE?PROTCOL
  +--> ?PR?SETMANULMODE?PROTCOL
  +--> ?PR?SETSTATIONLONGLAT?PROTCOL
  +--> ?PR?STOREDATA?PROTCOL
  +--> ?PR?RETURNSTORESUCCESS?PROTCOL
  +--> ?PR?RETURNGPS?PROTCOL
  +--> ?PR?SETRECKIND?PROTCOL
  +--> ?PR?RETBASESTARDATA?PROTCOL
  +--> ?PR?RETYORN?PROTCOL
  +--> ?PR?TOTRETURN?PROTCOL
  +--> ?PR?_TESTSTOR?TIMER
  +--> ?PR?UART1TX?UART

?PR?RETFLAG2?PROTCOL                             -----    -----      -----    -----
  +--> ?PR?UART1TX?UART

?PR?UART1TX?UART                                 -----    -----      -----    -----
  +--> ?PR?OPENUART1?UART

?PR?RETFLAG1?PROTCOL                             -----    -----      -----    -----
  +--> ?PR?UART1TX?UART

?PR?RETURNSTA?PROTCOL                            -----    -----      -----    -----
BL51 BANKED LINKER/LOCATER V6.22                                                      12/06/2016  17:34:29  PAGE 19


  +--> ?PR?SETAUTOMODE?PROTCOL
  +--> ?PR?RETURNRECKIND?PROTCOL
  +--> ?PR?RETURNAZEL?PROTCOL
  +--> ?PR?RETURNAGCPLOAR?PROTCOL
  +--> ?PR?RETURNSATLONGPLOARVET?PROTCOL
  +--> ?PR?RETURNRECFREQ?PROTCOL
  +--> ?PR?RETURNSTALONG?PROTCOL
  +--> ?PR?RETURNSTALATITUDE?PROTCOL
  +--> ?PR?RETURNXINBIAOAGCTHRESHOLD?PROTCOL
  +--> ?PR?SENDSEARCHING?PROTCOL
  +--> ?PR?SENDTACKING?PROTCOL
  +--> ?PR?_RETURNBITS?PROTCOL

?PR?RETURNAZEL?PROTCOL                           -----    -----      -----    -----
  +--> ?PR?_ITOA?STATION
  +--> ?PR?ELRANGE?PROTCOL

?PR?ELRANGE?PROTCOL                              -----    -----      -----    -----
  +--> ?PR?_ITOA?STATION

?PR?RETURNAGCPLOAR?PROTCOL                       -----    -----      -----    -----
  +--> ?PR?GETAGC?ADC
  +--> ?PR?_ITOA?STATION
  +--> ?PR?GETCOMPOLA?ADC
  +--> ?PR?_FABS?FABS

?PR?RETURNSATLONGPLOARVET?PROTCOL                -----    -----      -----    -----
  +--> ?PR?_ITOA?STATION

?PR?RETURNRECFREQ?PROTCOL                        -----    -----      -----    -----
  +--> ?PR?_MODF?MODF
  +--> ?PR?_ITOA?STATION

?PR?_MODF?MODF                                   -----    -----      081AH    000BH

?PR?RETURNSTALONG?PROTCOL                        -----    -----      -----    -----
  +--> ?PR?_ITOA?STATION

?PR?RETURNSTALATITUDE?PROTCOL                    -----    -----      -----    -----
  +--> ?PR?_ITOA?STATION

?PR?RETURNXINBIAOAGCTHRESHOLD?PROTCOL            -----    -----      -----    -----
  +--> ?PR?_ITOA?STATION

?PR?_RETURNBITS?PROTCOL                          -----    -----      -----    -----
  +--> ?PR?_DELAY?STATION
  +--> ?PR?UART1TX?UART

?PR?RETURNSET?PROTCOL                            -----    -----      -----    -----
  +--> ?PR?RETURNENBASESTAR?PROTCOL
  +--> ?PR?RETURNSATLONGPLOARVET?PROTCOL
  +--> ?PR?RETURNRECFREQ?PROTCOL
  +--> ?PR?RETURNSTALONG?PROTCOL
  +--> ?PR?RETURNSTALATITUDE?PROTCOL
  +--> ?PR?RETURNXINBIAOAGCTHRESHOLD?PROTCOL
  +--> ?PR?RETURNRECKIND?PROTCOL
  +--> ?PR?ELRANGE?PROTCOL
BL51 BANKED LINKER/LOCATER V6.22                                                      12/06/2016  17:34:29  PAGE 20


  +--> ?PR?_RETURNBITS?PROTCOL
  +--> ?PR?SENDRELEASE?PROTCOL

?PR?RETURNSTATIONSTATUS?PROTCOL                  -----    -----      -----    -----
  +--> ?PR?SENDRELEASE?PROTCOL
  +--> ?PR?_DELAY?STATION
  +--> ?PR?UART1TX?UART

?PR?SETSTALONGPLO?PROTCOL                        -----    -----      -----    -----
  +--> ?PR?_WRITEEEPROM?RWEEPROM

?PR?_ADDEL?PROTCOL                               -----    -----      -----    -----
  +--> ?PR?_MOTORCTRL?TIMER
  +--> ?PR?RETURNAGCPLOAR?PROTCOL
  +--> ?PR?RETURNAZEL?PROTCOL
  +--> ?PR?UART1TX?UART

?PR?_DELEL?PROTCOL                               -----    -----      -----    -----
  +--> ?PR?_MOTORCTRL?TIMER
  +--> ?PR?RETURNAGCPLOAR?PROTCOL
  +--> ?PR?RETURNAZEL?PROTCOL
  +--> ?PR?UART1TX?UART

?PR?GOTOEL?PROTCOL                               -----    -----      -----    -----
  +--> ?PR?_MOTORCTRL?TIMER
  +--> ?PR?RETURNAGCPLOAR?PROTCOL
  +--> ?PR?RETURNAZEL?PROTCOL
  +--> ?PR?UART1TX?UART

?PR?_ADDAZ?PROTCOL                               -----    -----      -----    -----
  +--> ?PR?_MOTORCTRL?TIMER
  +--> ?PR?RETURNAGCPLOAR?PROTCOL
  +--> ?PR?RETURNAZEL?PROTCOL
  +--> ?PR?UART1TX?UART

?PR?_DELAZ?PROTCOL                               -----    -----      -----    -----
  +--> ?PR?_MOTORCTRL?TIMER
  +--> ?PR?RETURNAGCPLOAR?PROTCOL
  +--> ?PR?RETURNAZEL?PROTCOL
  +--> ?PR?UART1TX?UART

?PR?GOTOAZ?PROTCOL                               -----    -----      -----    -----
  +--> ?PR?_MOTORCTRL?TIMER
  +--> ?PR?RETURNAGCPLOAR?PROTCOL
  +--> ?PR?RETURNAZEL?PROTCOL
  +--> ?PR?UART1TX?UART

?PR?_ADDPLO?PROTCOL                              -----    -----      -----    -----
  +--> ?PR?GETCOMPOLA?ADC
  +--> ?PR?_GOTOPOLARANGLE?POLAR
  +--> ?PR?RETURNAGCPLOAR?PROTCOL
  +--> ?PR?UART1TX?UART

?PR?_DELPLO?PROTCOL                              -----    -----      -----    -----
  +--> ?PR?GETCOMPOLA?ADC
  +--> ?PR?_GOTOPOLARANGLE?POLAR
  +--> ?PR?RETURNAGCPLOAR?PROTCOL
BL51 BANKED LINKER/LOCATER V6.22                                                      12/06/2016  17:34:29  PAGE 21


  +--> ?PR?UART1TX?UART

?PR?GOTOPOLAR?PROTCOL                            -----    -----      -----    -----
  +--> ?PR?GETCOMPOLA?ADC
  +--> ?PR?_GOTOPOLARANGLE?POLAR
  +--> ?PR?RETURNAGCPLOAR?PROTCOL
  +--> ?PR?UART1TX?UART

?PR?SETPLORIGHT?PROTCOL                          -----    -----      -----    -----
  +--> ?PR?GETCOMPOLA?ADC
  +--> ?PR?_READEEPROM?RWEEPROM
  +--> ?PR?_WRITEEEPROM?RWEEPROM
  +--> ?PR?RETURNAZEL?PROTCOL
  +--> ?PR?RETURNAGCPLOAR?PROTCOL
  +--> ?PR?UART1TX?UART

?PR?SETAZRIGHT?PROTCOL                           -----    -----      -----    -----
  +--> ?PR?_READEEPROM?RWEEPROM
  +--> ?PR?_WRITEEEPROM?RWEEPROM
  +--> ?PR?RETURNAZEL?PROTCOL
  +--> ?PR?RETURNAGCPLOAR?PROTCOL
  +--> ?PR?UART1TX?UART

?PR?SETELRIGHT?PROTCOL                           -----    -----      -----    -----
  +--> ?PR?_READEEPROM?RWEEPROM
  +--> ?PR?_WRITEEEPROM?RWEEPROM
  +--> ?PR?RETURNAZEL?PROTCOL
  +--> ?PR?RETURNAGCPLOAR?PROTCOL
  +--> ?PR?UART1TX?UART

?PR?DLRIGHT?PROTCOL                              -----    -----      -----    -----
  +--> ?PR?_WRITEEEPROM?RWEEPROM

?PR?DRRIGHT?PROTCOL                              -----    -----      -----    -----
  +--> ?PR?_WRITEEEPROM?RWEEPROM

?PR?DURIGHT?PROTCOL                              -----    -----      -----    -----
  +--> ?PR?_WRITEEEPROM?RWEEPROM

?PR?DSRIGHT?PROTCOL                              -----    -----      -----    -----
  +--> ?PR?_WRITEEEPROM?RWEEPROM

?PR?DAZARIGHT?PROTCOL                            -----    -----      -----    -----
  +--> ?PR?_WRITEEEPROM?RWEEPROM

?PR?DAZBRIGHT?PROTCOL                            -----    -----      -----    -----
  +--> ?PR?_WRITEEEPROM?RWEEPROM

?PR?RETURNWARNING?PROTCOL                        -----    -----      -----    -----
  +--> ?PR?SENDWARNING?PROTCOL

?PR?SENDWARNING?PROTCOL                          -----    -----      -----    -----
  +--> ?PR?UART1TX?UART

?PR?SETMANULMODE?PROTCOL                         -----    -----      -----    -----
  +--> ?PR?RETURNAZEL?PROTCOL
  +--> ?PR?RETURNAGCPLOAR?PROTCOL
BL51 BANKED LINKER/LOCATER V6.22                                                      12/06/2016  17:34:29  PAGE 22


  +--> ?PR?RETURNCAL?PROTCOL
  +--> ?PR?SENDRELEASE?PROTCOL

?PR?RETURNCAL?PROTCOL                            -----    -----      -----    -----
  +--> ?PR?_FINDANT?STATION
  +--> ?PR?_ITOA?STATION

?PR?_FINDANT?STATION                             -----    -----      -----    -----
  +--> ?PR?_FABS?FABS
  +--> ?PR?SIN?SIN
  +--> ?PR?ATAN?ATAN
  +--> ?PR?_POW?POW
  +--> ?PR?SQRT?SQRT

?PR?SIN?SIN                                      0020H.0  0000H.1    081AH    0004H

?PR?ATAN?ATAN                                    0020H.0  0000H.2    081AH    0004H

?PR?_POW?POW                                     -----    -----      081AH    000AH
  +--> ?PR?LOG?LOG
  +--> ?PR?EXP?EXP

?PR?LOG?LOG                                      0020H.0  0000H.1    0824H    0004H

?PR?SQRT?SQRT                                    -----    -----      081AH    0004H

?PR?SETSTATIONLONGLAT?PROTCOL                    -----    -----      -----    -----
  +--> ?PR?RETURNAGCPLOAR?PROTCOL
  +--> ?PR?RETURNAZEL?PROTCOL

?PR?STOREDATA?PROTCOL                            -----    -----      -----    -----
  +--> ?PR?_WRITEEEPROM?RWEEPROM
  +--> ?PR?_DELAY?STATION

?PR?RETURNSTORESUCCESS?PROTCOL                   -----    -----      -----    -----
  +--> ?PR?UART1TX?UART

?PR?RETURNGPS?PROTCOL                            -----    -----      -----    -----
  +--> ?PR?_ITOA?STATION

?PR?RETBASESTARDATA?PROTCOL                      -----    -----      -----    -----
  +--> ?PR?RETURNSATLONGPLOARVET?PROTCOL
  +--> ?PR?_MODF?MODF
  +--> ?PR?_ITOA?STATION
  +--> ?PR?_RETURNBITS?PROTCOL

?PR?RETYORN?PROTCOL                              -----    -----      -----    -----
  +--> ?PR?_TIMETEST?STATION
  +--> ?PR?_STORBSARR?PROTCOL
  +--> ?PR?UART1TX?UART

?PR?_STORBSARR?PROTCOL                           -----    -----      -----    -----
  +--> ?PR?_WRITEEEPROM?RWEEPROM

?PR?TOTRETURN?PROTCOL                            -----    -----      -----    -----
  +--> ?PR?_READEEPROM?RWEEPROM
  +--> ?PR?_ITOA?STATION
BL51 BANKED LINKER/LOCATER V6.22                                                      12/06/2016  17:34:29  PAGE 23


  +--> ?PR?UART1TX?UART

?PR?_TESTSTOR?TIMER                              -----    -----      -----    -----
  +--> ?PR?_READEEPROM?RWEEPROM
  +--> ?PR?GETAZS2?TIMER
  +--> ?PR?_MOTORCTRL?TIMER
  +--> ?PR?_TIMETEST?STATION
  +--> ?PR?GOAM?TIMER
  +--> ?PR?_GOTOPOLARANGLE?POLAR
  +--> ?PR?GETELS1?TIMER
  +--> ?PR?OPENTIMER0INTERRUPT?TIMER
  +--> ?PR?CLOSETIMER0INTERRUPT?TIMER

?PR?GOAM?TIMER                                   -----    -----      -----    -----
  +--> ?PR?_TIMETEST?STATION
  +--> ?PR?GETAZS2?TIMER
  +--> ?PR?_MOTORFUN?TIMER
  +--> ?PR?_DELAY?STATION
  +--> ?PR?_MOTORCTRL?TIMER
  +--> ?PR?_WRITEEEPROM?RWEEPROM

?PR?AZLIMITTEST?TIMER                            -----    -----      -----    -----
  +--> ?PR?_DELAY?STATION
  +--> ?PR?_TIMETEST?STATION
  +--> ?PR?GETAZS2?TIMER
  +--> ?PR?_MOTORCTRL?TIMER

?PR?GOTOAZMID?TIMER                              -----    -----      -----    -----
  +--> ?PR?GOTOAZMIDL?TIMER
  +--> ?PR?GOTOAZMIDR?TIMER
  +--> ?PR?GOTOAZMIDM?TIMER

?PR?GOTOAZMIDL?TIMER                             -----    -----      -----    -----
  +--> ?PR?_TIMETEST?STATION
  +--> ?PR?GETAZS2?TIMER
  +--> ?PR?_MOTORFUN?TIMER
  +--> ?PR?_DELAY?STATION
  +--> ?PR?WATCH?PROTCOL
  +--> ?PR?_MOTORCTRL?TIMER

?PR?GOTOAZMIDR?TIMER                             -----    -----      -----    -----
  +--> ?PR?_TIMETEST?STATION
  +--> ?PR?GETAZS2?TIMER
  +--> ?PR?_MOTORFUN?TIMER
  +--> ?PR?_DELAY?STATION
  +--> ?PR?WATCH?PROTCOL
  +--> ?PR?_MOTORCTRL?TIMER

?PR?GOTOAZMIDM?TIMER                             -----    -----      -----    -----
  +--> ?PR?_TIMETEST?STATION
  +--> ?PR?GETAZS2?TIMER
  +--> ?PR?_MOTORFUN?TIMER
  +--> ?PR?_DELAY?STATION
  +--> ?PR?WATCH?PROTCOL
  +--> ?PR?_MOTORCTRL?TIMER
  +--> ?PR?_WRITEEEPROM?RWEEPROM

BL51 BANKED LINKER/LOCATER V6.22                                                      12/06/2016  17:34:29  PAGE 24


?PR?SETBIANBAN?ANTENNA                           -----    -----      -----    -----
  +--> ?PR?OPENTIMER0INTERRUPT?TIMER
  +--> ?PR?_DELAY?STATION
  +--> ?PR?SENDKJ?PROTCOL
  +--> ?PR?WATCH?PROTCOL
  +--> ?PR?CLOSETIMER0INTERRUPT?TIMER

?PR?SENDKJ?PROTCOL                               -----    -----      -----    -----
  +--> ?PR?UART1TX?UART

?PR?ANTENNAREADYSEARCH?ANTENNA                   -----    -----      -----    -----
  +--> ?PR?TESTSELF?ANTENNA
  +--> ?PR?GETPARAEN?ANTENNA
  +--> ?PR?_FINDANT?STATION
  +--> ?PR?_GOTOPOLARANGLE?POLAR
  +--> ?PR?_SETXINBIAOFREQKC?UART
  +--> ?PR?_SETSHARPFREQ1?SHARPRECEIVER
  +--> ?PR?_TIMETEST?STATION
  +--> ?PR?READGRADIENT?UART
  +--> ?PR?GETELS1?TIMER
  +--> ?PR?_MOTORFUN?TIMER
  +--> ?PR?WATCH?PROTCOL
  +--> ?PR?GETAGC?ADC
  +--> ?PR?GETAZS2?TIMER
  +--> ?PR?RETURNSET?PROTCOL
  +--> ?PR?RETURNRESETSUCCESS?PROTCOL

?PR?GETPARAEN?ANTENNA                            -----    -----      -----    -----
  +--> ?PR?PARAPROTECT?ANTENNA
  +--> ?PR?STORSRCPARA?ANTENNA
  +--> ?PR?TESTBASESTARPARA?ANTENNA

?PR?STORSRCPARA?ANTENNA                          -----    -----      -----    -----
  +--> ?PR?_TIMETEST?STATION
  +--> ?PR?_WRITEEEPROM?RWEEPROM

?PR?RETURNRESETSUCCESS?PROTCOL                   -----    -----      -----    -----
  +--> ?PR?UART1TX?UART

?PR?ANTENNATIMESEARCH?ANTENNA                    -----    -----      -----    -----
  +--> ?PR?_FABS?FABS
  +--> ?PR?READGRADIENT?UART
  +--> ?PR?_MOTORCTRL?TIMER
  +--> ?PR?_MOTORFUN?TIMER
  +--> ?PR?GETAZS1?TIMER
  +--> ?PR?GETAGC?ADC
  +--> ?PR?_DELAY?STATION
  +--> ?PR?_A2108_IDVBSXRX_GETLOCKSTATUS?IDV...
  +--> ?PR?ANTENNATRACKING?ANTENNA
  +--> ?PR?GETXINBIAOVORX?UART
  +--> ?PR?WATCH?PROTCOL
  +--> ?PR?_TIMETEST?STATION

?PR?GETAZS1?TIMER                                -----    -----      -----    -----
  +--> ?PR?_READEEPROM?RWEEPROM

?PR?_A2108_IDVBSXRX_GETLOCKSTATUS?IDV...         -----    -----      -----    -----
BL51 BANKED LINKER/LOCATER V6.22                                                      12/06/2016  17:34:29  PAGE 25


  +--> ?PR?_A2108_II2C_READ16?II2C

?PR?ANTENNATRACKING?ANTENNA                      -----    -----      -----    -----
  +--> ?PR?GETAGC?ADC
  +--> ?PR?_MOTORCTRL?TIMER
  +--> ?PR?_TACKINGUPDOWNRIGHTLEFT?ANTENNA
  +--> ?PR?GOTOOBJSTAR?ANTENNA
  +--> ?PR?TRACKINGSUCCEED?ANTENNA
  +--> ?PR?WATCH?PROTCOL

?PR?_TACKINGUPDOWNRIGHTLEFT?ANTENNA              -----    -----      -----    -----
  +--> ?PR?_MOTORCTRL?TIMER
  +--> ?PR?GETAGC?ADC
  +--> ?PR?WATCH?PROTCOL
  +--> ?PR?_DELAY?STATION

?PR?GOTOOBJSTAR?ANTENNA                          -----    -----      -----    -----
  +--> ?PR?_FINDANT?STATION
  +--> ?PR?_GOTOPOLARANGLE?POLAR
  +--> ?PR?_SETXINBIAOFREQKC?UART
  +--> ?PR?_SETSHARPFREQ1?SHARPRECEIVER
  +--> ?PR?GETAGC?ADC
  +--> ?PR?_MOTORCTRL?TIMER
  +--> ?PR?GETELS1?TIMER
  +--> ?PR?_MOTORFUN?TIMER
  +--> ?PR?READGRADIENT?UART
  +--> ?PR?WATCH?PROTCOL
  +--> ?PR?_TACKINGUPDOWNRIGHTLEFT?ANTENNA

?PR?TRACKINGSUCCEED?ANTENNA                      -----    -----      -----    -----
  +--> ?PR?_DELAY?STATION
  +--> ?PR?WATCH?PROTCOL
  +--> ?PR?GETAGC?ADC

?PR?GETXINBIAOVORX?UART                          -----    -----      -----    -----
  +--> ?PR?SELECTXINBIAO?UART
  +--> ?PR?_DELAY?STATION
  +--> ?PR?OPENTIMER0INTERRUPT?TIMER
  +--> ?PR?CLOSEUART0?UART
  +--> ?PR?CLOSETIMER0INTERRUPT?TIMER

?PR?ANTENNAMANUAL?ANTENNA                        -----    -----      -----    -----
  +--> ?PR?_DELAY?STATION
  +--> ?PR?WATCH?PROTCOL
  +--> ?PR?GETAGC?ADC

?PR?ANTENNASTORE?ANTENNA                         -----    -----      -----    -----
  +--> ?PR?GETELS1?TIMER
  +--> ?PR?_MOTORCTRL?TIMER
  +--> ?PR?_TIMETEST?STATION
  +--> ?PR?GOAM?TIMER
  +--> ?PR?GETAZS2?TIMER
  +--> ?PR?OPENTIMER0INTERRUPT?TIMER
  +--> ?PR?_DELAY?STATION
  +--> ?PR?SENDSJ?PROTCOL
  +--> ?PR?WATCH?PROTCOL
  +--> ?PR?CLOSETIMER0INTERRUPT?TIMER
BL51 BANKED LINKER/LOCATER V6.22                                                      12/06/2016  17:34:29  PAGE 26


  +--> ?PR?_READEEPROM?RWEEPROM
  +--> ?PR?READGRADIENT?UART
  +--> ?PR?_WRITEEEPROM?RWEEPROM

?PR?SENDSJ?PROTCOL                               -----    -----      -----    -----
  +--> ?PR?UART1TX?UART

*** NEW ROOT ***************************************************

?PR?TIMER2INTERRUPT?TIMER                        -----    -----      -----    -----
  +--> ?PR?GETPOLARANGLE?ADC
  +--> ?PR?_FABS?FABS
  +--> ?PR?CLOSETIMER2INTERRUPT?TIMER

*** NEW ROOT ***************************************************

?PR?UART1INTERRUPT?UART                          -----    -----      -----    -----
  +--> ?PR?_DELAY?STATION



INTERBANK CALL TABLE OF MODULE:  dvb7700 (?BANK?SWITCHING)

ADDRESS    FUNCTION NAME
------------------------
 4B44H     ANTENNAINIT
 4B49H     ANTENNAREADYSEARCH
 4B4EH     ANTENNATIMESEARCH
 4B53H     ANTENNATRACKING
 4B58H     ANTENNAMANUAL
 4B5DH     ANTENNASTORE
 4B62H     _TIMETEST
 4B67H     _DELAY
 4B6CH     WATCH
 4B71H     _WRITEEEPROM
 4B76H     _READEEPROM
 4B7BH     _GOTOPOLARANGLE
 4B80H     GETPOLARANGLE
 4B85H     SENDKJ
 4B8AH     GETCOMPOLA
 4B8FH     GETAGC
 4B94H     _SETSHARPFREQ1
 4B99H     _SETSHARPFREQ
 4B9EH     _FINDANT
 4BA3H     RETURNSET
 4BA8H     RETURNRESETSUCCESS
 4BADH     _A2108_IDVBSXRX_GETLOCKSTATUS
 4BB2H     SENDSJ
 4BB7H     MAIN



SYMBOL TABLE OF MODULE:  dvb7700 (?BANK?SWITCHING)

  VALUE           TYPE          NAME
  ----------------------------------

BL51 BANKED LINKER/LOCATER V6.22                                                      12/06/2016  17:34:29  PAGE 27


  -------         MODULE        ?BANK?SWITCHING
  C:5505H         SEGMENT       ?BANK?SELECT
  D:001CH         SEGMENT       ?BANK?DATA
  C:4B00H         SEGMENT       ?BANK?SWITCH
  C:4B00H         PUBLIC        ?B_BANK0
  C:4B11H         PUBLIC        ?B_BANK1
  C:4B22H         PUBLIC        ?B_BANK2
  C:4B33H         PUBLIC        ?B_BANK3
  D:001CH         PUBLIC        ?B_CURRENTBANK
  N:0000H         PUBLIC        ?B_FACTOR
  N:0003H         PUBLIC        ?B_MASK
  N:0004H         PUBLIC        ?B_MODE
  N:0004H         PUBLIC        ?B_NBANKS
  N:00FFH         PUBLIC        ?B_RST_BANK
  C:4B0AH         PUBLIC        ?B_SWITCH0
  C:4B1BH         PUBLIC        ?B_SWITCH1
  C:4B2CH         PUBLIC        ?B_SWITCH2
  C:4B3DH         PUBLIC        ?B_SWITCH3
  C:5505H         PUBLIC        _SWITCHBANK
  N:0000H         SYMBOL        ?BANK?SWITCHING
  N:0000H         SYMBOL        ?B_FIRSTBIT
  N:0000H         SYMBOL        ?B_RTX
  N:0000H         SYMBOL        ?B_VAR_BANKING
  D:00E0H         SYMBOL        ACC
  D:00F0H         SYMBOL        B
  N:0044H         SYMBOL        B_SWITCH_SIZE
  C:4B00H         SYMBOL        B_SWITCH_START
  N:0004H         SYMBOL        CNT
  D:0083H         SYMBOL        DPH
  D:0082H         SYMBOL        DPL
  B:00A8H.7       SYMBOL        EA
  D:00A8H         SYMBOL        IE
  N:0003H         SYMBOL        MASK
  D:00B1H         SYMBOL        PSBANK
  C:550DH         SYMBOL        SWITCH_TAB
  C:5506H         SYMBOL        _SWITCHBANK_A
  -------         ENDMOD        ?BANK?SWITCHING

  -------         MODULE        ?C_STARTUP
  C:4F8AH         SEGMENT       ?C_C51STARTUP
  I:004EH         SEGMENT       ?STACK
  C:0000H         PUBLIC        ?C_STARTUP
  D:00E0H         SYMBOL        ACC
  D:00F0H         SYMBOL        B
  D:0083H         SYMBOL        DPH
  D:0082H         SYMBOL        DPL
  N:0000H         SYMBOL        IBPSTACK
  N:0100H         SYMBOL        IBPSTACKTOP
  N:0080H         SYMBOL        IDATALEN
  C:4F8DH         SYMBOL        IDATALOOP
  N:0000H         SYMBOL        PBPSTACK
  N:0100H         SYMBOL        PBPSTACKTOP
  N:0000H         SYMBOL        PDATALEN
  N:0000H         SYMBOL        PDATASTART
  N:0000H         SYMBOL        PPAGE
  N:0000H         SYMBOL        PPAGEENABLE
  D:00A0H         SYMBOL        PPAGE_SFR
BL51 BANKED LINKER/LOCATER V6.22                                                      12/06/2016  17:34:29  PAGE 28


  D:0081H         SYMBOL        SP
  C:4F8AH         SYMBOL        STARTUP1
  N:0000H         SYMBOL        XBPSTACK
  N:0000H         SYMBOL        XBPSTACKTOP
  N:0000H         SYMBOL        XDATALEN
  N:0000H         SYMBOL        XDATASTART
  C:0000H         LINE#         126
  C:4F8AH         LINE#         133
  C:4F8CH         LINE#         134
  C:4F8DH         LINE#         135
  C:4F8EH         LINE#         136
  C:4F90H         LINE#         185
  C:4F93H         LINE#         196
  -------         ENDMOD        ?C_STARTUP

  -------         MODULE        CPUINIT
  C:0000H         SYMBOL        _ICE_DUMMY_
  D:0080H         PUBLIC        P0
  D:00FFH         PUBLIC        WDTCN
  D:00A0H         PUBLIC        P2
  B:00A8H.7       PUBLIC        EA
  D:00E8H         PUBLIC        ADC0CN
  D:0084H         PUBLIC        SFRPAGE
  D:00A4H         PUBLIC        P0MDOUT
  D:00E8H         PUBLIC        ADC2CN
  D:00A5H         PUBLIC        P1MDOUT
  D:00A8H         PUBLIC        IE
  D:00A6H         PUBLIC        P2MDOUT
  D:00A7H         PUBLIC        P3MDOUT
  D:009CH         PUBLIC        P4MDOUT
  D:009DH         PUBLIC        P5MDOUT
  D:009EH         PUBLIC        P6MDOUT
 C1:E3A9H         PUBLIC        CPU020Init
  D:009FH         PUBLIC        P7MDOUT
  D:0096H         PUBLIC        SFRPGCN
  D:00D8H         PUBLIC        PCA0CN
  D:00B8H         PUBLIC        IP
  D:00E1H         PUBLIC        XBR0
  D:00E2H         PUBLIC        XBR1
  D:00E3H         PUBLIC        XBR2
  D:00C0H         PUBLIC        SMB0CN
  D:0088H         PUBLIC        CPT0CN
  D:0088H         PUBLIC        CPT1CN
  D:00F8H         PUBLIC        SPI0CN
  D:0088H         PUBLIC        TCON
  D:00C8H         PUBLIC        TMR2CN
  D:00C8H         PUBLIC        TMR3CN
  D:00C8H         PUBLIC        TMR4CN
 C1:E1F0H         SYMBOL        PortInit
  D:0097H         PUBLIC        CLKSEL
  D:008AH         PUBLIC        OSCICN
 C1:E39EH         SYMBOL        WatchdogInit
  D:008CH         PUBLIC        OSCXCN
  D:0088H         PUBLIC        FLSTAT
  D:0098H         PUBLIC        SCON0
  D:0098H         PUBLIC        SCON1
  D:00D0H         PUBLIC        PSW
BL51 BANKED LINKER/LOCATER V6.22                                                      12/06/2016  17:34:29  PAGE 29


 C1:E22AH         SYMBOL        OSCInit

  -------         PROC BANK=1   CPU020INIT
 C1:E3A9H         LINE#         38
 C1:E3A9H         LINE#         39
 C1:E3A9H         LINE#         40
 C1:E3ACH         LINE#         41
 C1:E3AFH         LINE#         42
 C1:E3B2H         LINE#         43
  -------         ENDPROC       CPU020INIT

  -------         PROC BANK=1   WATCHDOGINIT
 C1:E39EH         LINE#         57
 C1:E39EH         LINE#         58
 C1:E39EH         LINE#         59
 C1:E3A0H         LINE#         60
 C1:E3A3H         LINE#         61
 C1:E3A6H         LINE#         62
 C1:E3A8H         LINE#         63
  -------         ENDPROC       WATCHDOGINIT

  -------         PROC BANK=1   OSCINIT
  -------         DO            
  X:0A89H         SYMBOL        i
  -------         ENDDO         
 C1:E22AH         LINE#         77
 C1:E22AH         LINE#         78
 C1:E22AH         LINE#         81
 C1:E234H         LINE#         82
 C1:E237H         LINE#         83
 C1:E23AH         LINE#         84
 C1:E23DH         LINE#         85
 C1:E24FH         LINE#         86
 C1:E24FH         LINE#         88
 C1:E24FH         LINE#         89
 C1:E254H         LINE#         91
 C1:E257H         LINE#         92
 C1:E25AH         LINE#         93
  -------         ENDPROC       OSCINIT

  -------         PROC BANK=1   PORTINIT
 C1:E1F0H         LINE#         117
 C1:E1F0H         LINE#         118
 C1:E1F0H         LINE#         119
 C1:E1F3H         LINE#         120
 C1:E1F6H         LINE#         121
 C1:E1F9H         LINE#         122
 C1:E1FCH         LINE#         124
 C1:E1FFH         LINE#         125
 C1:E202H         LINE#         126
 C1:E205H         LINE#         128
 C1:E208H         LINE#         129
 C1:E20BH         LINE#         130
 C1:E20EH         LINE#         131
 C1:E211H         LINE#         132
 C1:E214H         LINE#         134
 C1:E217H         LINE#         136
BL51 BANKED LINKER/LOCATER V6.22                                                      12/06/2016  17:34:29  PAGE 30


 C1:E21DH         LINE#         137
 C1:E223H         LINE#         138
 C1:E229H         LINE#         139
  -------         ENDPROC       PORTINIT
  -------         ENDMOD        CPUINIT

  -------         MODULE        MAIN
  C:0000H         SYMBOL        _ICE_DUMMY_
  D:00A0H         PUBLIC        P2
  D:00B0H         PUBLIC        P3
[...]
 C2:8B26H         LINE#         164
 C2:8B3FH         LINE#         165
BL51 BANKED LINKER/LOCATER V6.22                                                      12/06/2016  17:34:29  PAGE 159


 C2:8B8AH         LINE#         166
 C2:8BA3H         LINE#         167
 C2:8BEEH         LINE#         169
 C2:8BFAH         LINE#         170
 C2:8BFAH         LINE#         171
 C2:8C12H         LINE#         172
 C2:8C14H         LINE#         174
 C2:8C14H         LINE#         175
 C2:8C24H         LINE#         176
 C2:8C24H         LINE#         178
 C2:8C2DH         LINE#         180
 C2:8C35H         LINE#         181
 C2:8C4FH         LINE#         182
 C2:8C4FH         LINE#         183
 C2:8C67H         LINE#         185
 C2:8C86H         LINE#         186
 C2:8CD5H         LINE#         191
 C2:8CECH         LINE#         194
 C2:8D20H         LINE#         236
 C2:8D4BH         LINE#         237
 C2:8D5FH         LINE#         238
 C2:8D7EH         LINE#         239
 C2:8D81H         LINE#         240
 C2:8D99H         LINE#         241
 C2:8DB8H         LINE#         242
 C2:8E07H         LINE#         249
 C2:8E1EH         LINE#         252
 C2:8E52H         LINE#         259
 C2:8E7DH         LINE#         260
 C2:8E91H         LINE#         263
 C2:8EA0H         LINE#         264
 C2:8EA0H         LINE#         265
 C2:8EB7H         LINE#         266
 C2:8EC0H         LINE#         267
 C2:8EF4H         LINE#         268
 C2:8EFDH         LINE#         269
 C2:8F31H         LINE#         270
 C2:8F59H         LINE#         271
 C2:8F62H         LINE#         272
 C2:8F96H         LINE#         273
 C2:8F96H         LINE#         274
 C2:8F96H         LINE#         275
 C2:8FB2H         LINE#         277
 C2:8FB7H         LINE#         278
  -------         ENDPROC       _A2108_II2C_WRITE

  -------         PROC BANK=2   _A2108_II2C_READ16
  X:087EH         SYMBOL        uiSlaveAddr
  X:0880H         SYMBOL        uiAddr
  X:0884H         SYMBOL        puiData
  -------         DO            
  X:0887H         SYMBOL        r
  X:0888H         SYMBOL        pBuff
  -------         ENDDO         
 C2:BD61H         LINE#         281
 C2:BD69H         LINE#         282
 C2:BD69H         LINE#         286
BL51 BANKED LINKER/LOCATER V6.22                                                      12/06/2016  17:34:29  PAGE 160


 C2:BDAFH         LINE#         287
 C2:BDB7H         LINE#         288
 C2:BDB7H         LINE#         289
 C2:BDD1H         LINE#         290
 C2:BDD1H         LINE#         291
 C2:BDD6H         LINE#         292
  -------         ENDPROC       _A2108_II2C_READ16

  -------         PROC BANK=2   _A2108_II2C_READ32
  X:07FEH         SYMBOL        uiSlaveAddr
  X:0800H         SYMBOL        uiAddr
  X:0804H         SYMBOL        puiData
  -------         DO            
  X:0807H         SYMBOL        r
  X:0808H         SYMBOL        pBuff
  -------         ENDDO         
 C2:BDD7H         LINE#         299
 C2:BDDFH         LINE#         300
 C2:BDDFH         LINE#         304
 C2:BE25H         LINE#         305
 C2:BE2DH         LINE#         306
 C2:BE2DH         LINE#         307
 C2:BE44H         LINE#         308
 C2:BE44H         LINE#         309
 C2:BE49H         LINE#         310
  -------         ENDPROC       _A2108_II2C_READ32

  -------         PROC BANK=2   _A2108_II2C_WRITE16
  X:080CH         SYMBOL        uiSlaveAddr
  X:080EH         SYMBOL        uiAddr
  X:0812H         SYMBOL        uiData
  -------         DO            
  X:0814H         SYMBOL        r
  X:0815H         SYMBOL        pBuff
  -------         ENDDO         
 C2:C1C9H         LINE#         312
 C2:C1D1H         LINE#         313
 C2:C1D1H         LINE#         317
 C2:C1E8H         LINE#         318
 C2:C1F9H         LINE#         320
 C2:C218H         LINE#         321
 C2:C21DH         LINE#         322
  -------         ENDPROC       _A2108_II2C_WRITE16

  -------         PROC BANK=2   _A2108_II2C_WRITE32
  X:0736H         SYMBOL        uiSlaveAddr
  X:0738H         SYMBOL        uiAddr
  X:073CH         SYMBOL        uiData
  -------         DO            
  X:0740H         SYMBOL        r
  X:0741H         SYMBOL        pBuff
  -------         ENDDO         
 C2:C16EH         LINE#         332
 C2:C176H         LINE#         333
 C2:C176H         LINE#         337
 C2:C18DH         LINE#         340
 C2:C1A4H         LINE#         341
BL51 BANKED LINKER/LOCATER V6.22                                                      12/06/2016  17:34:29  PAGE 161


 C2:C1C3H         LINE#         342
 C2:C1C8H         LINE#         343
  -------         ENDPROC       _A2108_II2C_WRITE32
  -------         ENDMOD        II2C

  -------         MODULE        II2CREPEATER
  C:0000H         SYMBOL        _ICE_DUMMY_
 C2:A5C8H         PUBLIC        _A2108_II2CRepeater_ReadData
 C2:A7ABH         PUBLIC        _A2108_II2CRepeater_SendData
 C2:B72BH         PUBLIC        _A2108_II2CRepeater_Initialize
 C2:B0F6H         PUBLIC        _A2108_II2CRepeater_SendOP
 C2:BEB6H         PUBLIC        _A2108_II2CRepeater_GetOPStatus
  -------         PROC          _A2108_II2CREPEATER_SENDOP
  X:0789H         SYMBOL        pBuff
  X:078CH         SYMBOL        ucSize
  X:078DH         SYMBOL        pAVLChip
  -------         DO            
  X:0790H         SYMBOL        r
  X:0791H         SYMBOL        uiTimeDelay
  X:0793H         SYMBOL        uiMaxRetries
  X:0795H         SYMBOL        i
  -------         ENDDO         
 C2:B0F6H         LINE#         20
 C2:B106H         LINE#         21
 C2:B106H         LINE#         23
 C2:B10FH         LINE#         24
 C2:B118H         LINE#         27
 C2:B133H         LINE#         29
 C2:B13DH         LINE#         30
 C2:B14EH         LINE#         31
 C2:B14EH         LINE#         32
 C2:B16DH         LINE#         33
 C2:B16DH         LINE#         34
 C2:B17BH         LINE#         35
 C2:B17DH         LINE#         36
 C2:B17DH         LINE#         37
 C2:B18BH         LINE#         38
 C2:B18DH         LINE#         40
 C2:B195H         LINE#         41
 C2:B195H         LINE#         42
 C2:B1C8H         LINE#         43
 C2:B1C8H         LINE#         44
 C2:B1F1H         LINE#         45
 C2:B1F6H         LINE#         46
  -------         ENDPROC       _A2108_II2CREPEATER_SENDOP
  -------         PROC          _A2108_II2CREPEATER_INITIALIZE
  X:08B6H         SYMBOL        I2CBusClock_kHz
  X:08B8H         SYMBOL        pAVLChip
  -------         DO            
  X:08BBH         SYMBOL        pBuff
  X:08C0H         SYMBOL        r
  -------         ENDDO         
 C2:B72BH         LINE#         56
 C2:B73EH         LINE#         57
 C2:B73EH         LINE#         60
 C2:B779H         LINE#         61
 C2:B78AH         LINE#         62
BL51 BANKED LINKER/LOCATER V6.22                                                      12/06/2016  17:34:29  PAGE 162


 C2:B790H         LINE#         63
 C2:B796H         LINE#         64
 C2:B7D6H         LINE#         65
 C2:B7DBH         LINE#         66
  -------         ENDPROC       _A2108_II2CREPEATER_INITIALIZE
  -------         PROC          _A2108_II2CREPEATER_GETOPSTATUS
  X:09C5H         SYMBOL        pAVLChip
  -------         DO            
  X:09C8H         SYMBOL        r
  X:09C9H         SYMBOL        pBuff
  -------         ENDDO         
 C2:BEB6H         LINE#         71
 C2:BEC1H         LINE#         72
 C2:BEC1H         LINE#         75
 C2:BF06H         LINE#         76
 C2:BF0EH         LINE#         77
 C2:BF0EH         LINE#         78
 C2:BF16H         LINE#         79
 C2:BF16H         LINE#         80
 C2:BF1CH         LINE#         81
 C2:BF1CH         LINE#         82
 C2:BF1CH         LINE#         83
 C2:BF21H         LINE#         84
  -------         ENDPROC       _A2108_II2CREPEATER_GETOPSTATUS
  -------         PROC          _A2108_II2CREPEATER_READDATA
  X:0664H         SYMBOL        ucSlaveAddr
  X:0665H         SYMBOL        pucBuff
  X:0668H         SYMBOL        uiSize
  X:066AH         SYMBOL        pAVLChip
  -------         DO            
  X:066DH         SYMBOL        r
  X:066EH         SYMBOL        pBuff
  X:0682H         SYMBOL        uiTimeOut
  X:0684H         SYMBOL        uiTimeOutTh
  X:0686H         SYMBOL        uiTimeDelay
  -------         ENDDO         
 C2:A5C8H         LINE#         96
 C2:A5D8H         LINE#         97
 C2:A5D8H         LINE#         101
 C2:A5E1H         LINE#         102
 C2:A5EBH         LINE#         104
 C2:A5FCH         LINE#         105
 C2:A5FCH         LINE#         106
 C2:A5FFH         LINE#         107
 C2:A5FFH         LINE#         108
 C2:A61AH         LINE#         110
 C2:A62BH         LINE#         111
 C2:A630H         LINE#         112
 C2:A63DH         LINE#         113
 C2:A647H         LINE#         114
 C2:A64DH         LINE#         115
 C2:A68DH         LINE#         116
 C2:A698H         LINE#         117
 C2:A698H         LINE#         118
 C2:A6A0H         LINE#         119
 C2:A6B1H         LINE#         120
 C2:A6B1H         LINE#         121
BL51 BANKED LINKER/LOCATER V6.22                                                      12/06/2016  17:34:29  PAGE 163


 C2:A6CDH         LINE#         122
 C2:A6CDH         LINE#         123
 C2:A6DBH         LINE#         124
 C2:A704H         LINE#         125
 C2:A70AH         LINE#         126
 C2:A70AH         LINE#         127
 C2:A71BH         LINE#         128
 C2:A71DH         LINE#         129
 C2:A77CH         LINE#         130
 C2:A77CH         LINE#         131
 C2:A7A5H         LINE#         132
 C2:A7AAH         LINE#         133
  -------         ENDPROC       _A2108_II2CREPEATER_READDATA
  -------         PROC          _A2108_II2CREPEATER_SENDDATA
  X:068AH         SYMBOL        ucSlaveAddr
  X:068BH         SYMBOL        pucBuff
  X:068EH         SYMBOL        uiSize
  X:0690H         SYMBOL        pAVLChip
  -------         DO            
  X:0693H         SYMBOL        pBuff
  X:06AAH         SYMBOL        i1
  X:06ACH         SYMBOL        i2
  X:06AEH         SYMBOL        cmdSize
  -------         ENDDO         
 C2:A7ABH         LINE#         150
 C2:A7BBH         LINE#         151
 C2:A7BBH         LINE#         156
 C2:A7CCH         LINE#         157
 C2:A7CCH         LINE#         158
 C2:A7CFH         LINE#         159
 C2:A7CFH         LINE#         161
 C2:A803H         LINE#         162
 C2:A820H         LINE#         164
 C2:A846H         LINE#         166
 C2:A865H         LINE#         167
 C2:A865H         LINE#         168
 C2:A899H         LINE#         169
 C2:A8A9H         LINE#         170
 C2:A8CAH         LINE#         171
 C2:A8E8H         LINE#         172
 C2:A902H         LINE#         174
 C2:A939H         LINE#         175
  -------         ENDPROC       _A2108_II2CREPEATER_SENDDATA
  -------         ENDMOD        II2CREPEATER

  -------         MODULE        ?C?FPADD
  C:146DH         PUBLIC        ?C?FPADD
  C:1469H         PUBLIC        ?C?FPSUB
  -------         ENDMOD        ?C?FPADD

  -------         MODULE        ?C?FPMUL
  C:155EH         PUBLIC        ?C?FPMUL
  -------         ENDMOD        ?C?FPMUL

  -------         MODULE        ?C?FPDIV
  C:1667H         PUBLIC        ?C?FPDIV
  -------         ENDMOD        ?C?FPDIV
BL51 BANKED LINKER/LOCATER V6.22                                                      12/06/2016  17:34:29  PAGE 164



  -------         MODULE        ?C?FPCMP
  C:1706H         PUBLIC        ?C?FPCMP
  C:1704H         PUBLIC        ?C?FPCMP3
  -------         ENDMOD        ?C?FPCMP

  -------         MODULE        ?C?FPNEG
  C:1771H         PUBLIC        ?C?FPNEG
  -------         ENDMOD        ?C?FPNEG

  -------         MODULE        ?C?FCAST
  C:178CH         PUBLIC        ?C?FCASTC
  C:1787H         PUBLIC        ?C?FCASTI
  C:1782H         PUBLIC        ?C?FCASTL
  -------         ENDMOD        ?C?FCAST

  -------         MODULE        ?C?CASTF
  C:17C0H         PUBLIC        ?C?CASTF
  -------         ENDMOD        ?C?CASTF

  -------         MODULE        FABS
  C:54F8H         PUBLIC        _FABS
  -------         ENDMOD        FABS

  -------         MODULE        SQRT
  C:4D23H         PUBLIC        _SQRT
  -------         ENDMOD        SQRT

  -------         MODULE        SIN
  C:3F1AH         PUBLIC        _COS
  C:3F30H         PUBLIC        _SIN
  C:3F6CH         PUBLIC        _TAN
  -------         ENDMOD        SIN

  -------         MODULE        ATAN
  C:46F8H         PUBLIC        _ATAN
  -------         ENDMOD        ATAN

  -------         MODULE        MODF
  C:47FAH         PUBLIC        _modf
  -------         ENDMOD        MODF

  -------         MODULE        POW
  X:081AH         PUBLIC        ?_pow?BYTE
  C:41C2H         PUBLIC        _pow
  -------         ENDMOD        POW

  -------         MODULE        ?C?CHKFLOAT
  C:1841H         PUBLIC        ?C?CHKFLOAT
  -------         ENDMOD        ?C?CHKFLOAT

  -------         MODULE        EXP
  C:4E03H         PUBLIC        _EXP
  -------         ENDMOD        EXP

  -------         MODULE        LOG
  C:45E3H         PUBLIC        _LOG
BL51 BANKED LINKER/LOCATER V6.22                                                      12/06/2016  17:34:29  PAGE 165


  C:45DFH         PUBLIC        _LOG10
  -------         ENDMOD        LOG

  -------         MODULE        ?C?CLDPTR
  C:18A8H         PUBLIC        ?C?CLDPTR
  -------         ENDMOD        ?C?CLDPTR

  -------         MODULE        ?C?CLDOPTR
  C:18C1H         PUBLIC        ?C?CLDOPTR
  -------         ENDMOD        ?C?CLDOPTR

  -------         MODULE        ?C?CSTPTR
  C:18EEH         PUBLIC        ?C?CSTPTR
  -------         ENDMOD        ?C?CSTPTR

  -------         MODULE        ?C?CSTOPTR
  C:1900H         PUBLIC        ?C?CSTOPTR
  -------         ENDMOD        ?C?CSTOPTR

  -------         MODULE        ?C?IMUL
  C:1922H         PUBLIC        ?C?IMUL
  -------         ENDMOD        ?C?IMUL

  -------         MODULE        ?C?UIDIV
  C:1934H         PUBLIC        ?C?UIDIV
  -------         ENDMOD        ?C?UIDIV

  -------         MODULE        ?C?SIDIV
  C:1989H         PUBLIC        ?C?SIDIV
  -------         ENDMOD        ?C?SIDIV

  -------         MODULE        ?C?IILDX
  C:19BFH         PUBLIC        ?C?IILDX
  -------         ENDMOD        ?C?IILDX

  -------         MODULE        ?C?ILDIX
  C:19D5H         PUBLIC        ?C?ILDIX
  -------         ENDMOD        ?C?ILDIX

  -------         MODULE        ?C?ILDPTR
  C:19EBH         PUBLIC        ?C?ILDPTR
  -------         ENDMOD        ?C?ILDPTR

  -------         MODULE        ?C?ILDOPTR
  C:1A16H         PUBLIC        ?C?ILDOPTR
  -------         ENDMOD        ?C?ILDOPTR

  -------         MODULE        ?C?ISTPTR
  C:1A4EH         PUBLIC        ?C?ISTPTR
  -------         ENDMOD        ?C?ISTPTR

  -------         MODULE        ?C?ISTOPTR
  C:1A6DH         PUBLIC        ?C?ISTOPTR
  -------         ENDMOD        ?C?ISTOPTR

  -------         MODULE        ?C?LMUL
  C:1A9AH         PUBLIC        ?C?LMUL
BL51 BANKED LINKER/LOCATER V6.22                                                      12/06/2016  17:34:29  PAGE 166


  -------         ENDMOD        ?C?LMUL

  -------         MODULE        ?C?ULDIV
  C:1B25H         PUBLIC        ?C?ULDIV
  -------         ENDMOD        ?C?ULDIV

  -------         MODULE        ?C?LNEG
  C:1BB7H         PUBLIC        ?C?LNEG
  -------         ENDMOD        ?C?LNEG

  -------         MODULE        ?C?ULCMP
  C:1BC5H         PUBLIC        ?C?ULCMP
  -------         ENDMOD        ?C?ULCMP

  -------         MODULE        ?C?ULSHR
  C:1BD6H         PUBLIC        ?C?ULSHR
  -------         ENDMOD        ?C?ULSHR

  -------         MODULE        ?C?LSHL
  C:1BE9H         PUBLIC        ?C?LSHL
  -------         ENDMOD        ?C?LSHL

  -------         MODULE        ?C?LLDPTR
  C:1BFCH         PUBLIC        ?C?LLDPTR
  -------         ENDMOD        ?C?LLDPTR

  -------         MODULE        ?C?LLDOPTR
  C:1C1CH         PUBLIC        ?C?LLDOPTR
  -------         ENDMOD        ?C?LLDOPTR

  -------         MODULE        ?C?LSTPTR
  C:1C4CH         PUBLIC        ?C?LSTPTR
  -------         ENDMOD        ?C?LSTPTR

  -------         MODULE        ?C?LLDXDATA
  C:1C66H         PUBLIC        ?C?LLDXDATA
  -------         ENDMOD        ?C?LLDXDATA

  -------         MODULE        ?C?LLDCODE
  C:1C72H         PUBLIC        ?C?LLDCODE
  -------         ENDMOD        ?C?LLDCODE

  -------         MODULE        ?C?LLDXDATA0
  C:1C82H         PUBLIC        ?C?LLDXDATA0
  -------         ENDMOD        ?C?LLDXDATA0

  -------         MODULE        ?C?LLDCODE0
  C:1C8EH         PUBLIC        ?C?LLDCODE0
  -------         ENDMOD        ?C?LLDCODE0

  -------         MODULE        ?C?LLDIXDATA
  C:1CA7H         PUBLIC        ?C?LLDIXDATA
  C:1C9EH         PUBLIC        ?C?LLDIXDATA1
  C:1CA0H         PUBLIC        ?C?LLDIXDATA8
  -------         ENDMOD        ?C?LLDIXDATA

  -------         MODULE        ?C?LILDXDATA
BL51 BANKED LINKER/LOCATER V6.22                                                      12/06/2016  17:34:29  PAGE 167


  C:1CDCH         PUBLIC        ?C?LILDXDATA
  C:1CD3H         PUBLIC        ?C?LILDXDATA1
  C:1CD5H         PUBLIC        ?C?LILDXDATA8
  -------         ENDMOD        ?C?LILDXDATA

  -------         MODULE        ?C?LSTXDATA
  C:1D08H         PUBLIC        ?C?LSTXDATA
  -------         ENDMOD        ?C?LSTXDATA

  -------         MODULE        ?C?LSTKXDATA
  C:1D14H         PUBLIC        ?C?LSTKXDATA
  -------         ENDMOD        ?C?LSTKXDATA

  -------         MODULE        ?C?OFFXADD
  C:1D45H         PUBLIC        ?C?OFFXADD
  -------         ENDMOD        ?C?OFFXADD

  -------         MODULE        ?C?PLDOPTR
  C:1D51H         PUBLIC        ?C?PLDOPTR
  -------         ENDMOD        ?C?PLDOPTR

  -------         MODULE        ?C?PSTOPTR
  C:1D81H         PUBLIC        ?C?PSTOPTR
  -------         ENDMOD        ?C?PSTOPTR

  -------         MODULE        ?C?CCASE
  C:1DDAH         PUBLIC        ?C?CCASE
  -------         ENDMOD        ?C?CCASE

  -------         MODULE        ?C?ICALL
  C:1E00H         PUBLIC        ?C?ICALL
  C:1E04H         PUBLIC        ?C?ICALL2
  -------         ENDMOD        ?C?ICALL

  -------         MODULE        ?C?LLDIDATA
  C:1E06H         PUBLIC        ?C?LLDIDATA
  -------         ENDMOD        ?C?LLDIDATA

  -------         MODULE        ?C?LLDPDATA
  C:1E12H         PUBLIC        ?C?LLDPDATA
  -------         ENDMOD        ?C?LLDPDATA

  -------         MODULE        ?C?LSTIDATA
  C:1E1EH         PUBLIC        ?C?LSTIDATA
  -------         ENDMOD        ?C?LSTIDATA

  -------         MODULE        ?C?LSTPDATA
  C:1E2AH         PUBLIC        ?C?LSTPDATA
  -------         ENDMOD        ?C?LSTPDATA

  -------         MODULE        ?C?PLDIDATA
  C:1E36H         PUBLIC        ?C?PLDIDATA
  -------         ENDMOD        ?C?PLDIDATA

  -------         MODULE        ?C?PSTIDATA
  C:1E3FH         PUBLIC        ?C?PSTIDATA
  -------         ENDMOD        ?C?PSTIDATA
BL51 BANKED LINKER/LOCATER V6.22                                                      12/06/2016  17:34:29  PAGE 168



  -------         MODULE        ?C?PLDXDATA
  C:1E48H         PUBLIC        ?C?PLDXDATA
  -------         ENDMOD        ?C?PLDXDATA

  -------         MODULE        ?C?PSTXDATA
  C:1E51H         PUBLIC        ?C?PSTXDATA
  -------         ENDMOD        ?C?PSTXDATA

  -------         MODULE        ?C?PLDPDATA
  C:1E5AH         PUBLIC        ?C?PLDPDATA
  -------         ENDMOD        ?C?PLDPDATA

  -------         MODULE        ?C?PSTPDATA
  C:1E63H         PUBLIC        ?C?PSTPDATA
  -------         ENDMOD        ?C?PSTPDATA

  -------         MODULE        ?C?PLDCODE
  C:1E6CH         PUBLIC        ?C?PLDCODE
  -------         ENDMOD        ?C?PLDCODE

Program Size: data=75.2 xdata=2740 code=82525
LINK/LOCATE RUN COMPLETE.  0 WARNING(S),  0 ERROR(S)
