BL51 BANKED LINKER/LOCATER V6.22                                                        03/18/2016  16:14:09  PAGE 1


BL51 BANKED LINKER/LOCATER V6.22, INVOKED BY:
C:\KEIL\C51\BIN\BL51.EXE COMMON {L51_BANK.obj}, COMMON {STARTUP.obj}, BANK1 {CPUInit.obj}, BANK1 {main.obj}, BANK1 {adc.
>> obj}, COMMON {timer.obj}, COMMON {uart.obj}, BANK1 {rweeprom.obj}, BANK3 {antenna.obj}, BANK1 {protcol.obj}, BANK1 {p
>> olar.obj}, BANK1 {station.obj}, BANK2 {SharpReceiver.obj}, BANK2 {ITuner.obj}, BANK2 {avl21081.obj}, BANK2 {avl.obj},
>>  BANK2 {ExtSharpBS2S7HZ6306.obj}, BANK2 {IBase.obj}, BANK2 {IBSP.obj}, BANK2 {IDiseqc.obj}, BANK2 {IDVBSxRx.obj}, BAN
>> K2 {II2C.obj}, BANK2 {II2CRepeater.obj} TO dvb7700 BANKAREA (0X8000, 0XFFFF) RAMSIZE (256)


MEMORY MODEL: LARGE WITH FLOATING POINT ARITHMETIC


INPUT MODULES INCLUDED:
  L51_BANK.obj (?BANK?SWITCHING)
  STARTUP.obj (?C_STARTUP)
  CPUInit.obj (CPUINIT)
  main.obj (MAIN)
  adc.obj (ADC)
  timer.obj (TIMER)
  uart.obj (UART)
  rweeprom.obj (RWEEPROM)
  antenna.obj (ANTENNA)
  protcol.obj (PROTCOL)
  polar.obj (POLAR)
  station.obj (STATION)
  SharpReceiver.obj (SHARPRECEIVER)
  ITuner.obj (ITUNER)
  avl21081.obj (AVL21081)
  avl.obj (AVL)
  ExtSharpBS2S7HZ6306.obj (EXTSHARPBS2S7HZ6306)
  IBase.obj (IBASE)
  IBSP.obj (IBSP)
  IDiseqc.obj (IDISEQC)
  IDVBSxRx.obj (IDVBSXRX)
  II2C.obj (II2C)
  II2CRepeater.obj (II2CREPEATER)
  C:\KEIL\C51\LIB\C51FPL.LIB (?C?FPADD)
  C:\KEIL\C51\LIB\C51FPL.LIB (?C?FPMUL)
  C:\KEIL\C51\LIB\C51FPL.LIB (?C?FPDIV)
  C:\KEIL\C51\LIB\C51FPL.LIB (?C?FPCMP)
  C:\KEIL\C51\LIB\C51FPL.LIB (?C?FPNEG)
  C:\KEIL\C51\LIB\C51FPL.LIB (?C?FCAST)
  C:\KEIL\C51\LIB\C51FPL.LIB (?C?CASTF)
  C:\KEIL\C51\LIB\C51FPL.LIB (FABS)
  C:\KEIL\C51\LIB\C51FPL.LIB (SQRT)
  C:\KEIL\C51\LIB\C51FPL.LIB (SIN)
  C:\KEIL\C51\LIB\C51FPL.LIB (ATAN)
  C:\KEIL\C51\LIB\C51FPL.LIB (MODF)
  C:\KEIL\C51\LIB\C51FPL.LIB (POW)
  C:\KEIL\C51\LIB\C51FPL.LIB (?C?FPGETOPN)
  C:\KEIL\C51\LIB\C51FPL.LIB (?C?CHKFLOAT)
  C:\KEIL\C51\LIB\C51FPL.LIB (?C?FPSERIES)
  C:\KEIL\C51\LIB\C51FPL.LIB (EXP)
  C:\KEIL\C51\LIB\C51FPL.LIB (LOG)
  C:\KEIL\C51\LIB\C51L.LIB (?C_INIT)
  C:\KEIL\C51\LIB\C51L.LIB (?C?CLDPTR)
  C:\KEIL\C51\LIB\C51L.LIB (?C?CLDOPTR)
  C:\KEIL\C51\LIB\C51L.LIB (?C?CSTPTR)
  C:\KEIL\C51\LIB\C51L.LIB (?C?CSTOPTR)
BL51 BANKED LINKER/LOCATER V6.22                                                      03/18/2016  16:14:09  PAGE 2


  C:\KEIL\C51\LIB\C51L.LIB (?C?IMUL)
  C:\KEIL\C51\LIB\C51L.LIB (?C?UIDIV)
  C:\KEIL\C51\LIB\C51L.LIB (?C?SIDIV)
  C:\KEIL\C51\LIB\C51L.LIB (?C?IILDX)
  C:\KEIL\C51\LIB\C51L.LIB (?C?ILDIX)
  C:\KEIL\C51\LIB\C51L.LIB (?C?ILDPTR)
  C:\KEIL\C51\LIB\C51L.LIB (?C?ILDOPTR)
  C:\KEIL\C51\LIB\C51L.LIB (?C?ISTPTR)
  C:\KEIL\C51\LIB\C51L.LIB (?C?ISTOPTR)
  C:\KEIL\C51\LIB\C51L.LIB (?C?LMUL)
  C:\KEIL\C51\LIB\C51L.LIB (?C?ULDIV)
  C:\KEIL\C51\LIB\C51L.LIB (?C?LNEG)
  C:\KEIL\C51\LIB\C51L.LIB (?C?ULCMP)
  C:\KEIL\C51\LIB\C51L.LIB (?C?ULSHR)
  C:\KEIL\C51\LIB\C51L.LIB (?C?LSHL)
  C:\KEIL\C51\LIB\C51L.LIB (?C?LLDPTR)
  C:\KEIL\C51\LIB\C51L.LIB (?C?LLDOPTR)
  C:\KEIL\C51\LIB\C51L.LIB (?C?LSTPTR)
  C:\KEIL\C51\LIB\C51L.LIB (?C?LLDXDATA)
  C:\KEIL\C51\LIB\C51L.LIB (?C?LLDCODE)
  C:\KEIL\C51\LIB\C51L.LIB (?C?LLDXDATA0)
  C:\KEIL\C51\LIB\C51L.LIB (?C?LLDCODE0)
  C:\KEIL\C51\LIB\C51L.LIB (?C?LLDIXDATA)
  C:\KEIL\C51\LIB\C51L.LIB (?C?LILDXDATA)
  C:\KEIL\C51\LIB\C51L.LIB (?C?LSTXDATA)
  C:\KEIL\C51\LIB\C51L.LIB (?C?LSTKXDATA)
  C:\KEIL\C51\LIB\C51L.LIB (?C?OFFXADD)
  C:\KEIL\C51\LIB\C51L.LIB (?C?PLDOPTR)
  C:\KEIL\C51\LIB\C51L.LIB (?C?PSTOPTR)
  C:\KEIL\C51\LIB\C51L.LIB (?C?CCASE)
  C:\KEIL\C51\LIB\C51L.LIB (?C?ICALL)
  C:\KEIL\C51\LIB\C51L.LIB (?C?LLDIDATA)
  C:\KEIL\C51\LIB\C51L.LIB (?C?LLDPDATA)
  C:\KEIL\C51\LIB\C51L.LIB (?C?LSTIDATA)
  C:\KEIL\C51\LIB\C51L.LIB (?C?LSTPDATA)
  C:\KEIL\C51\LIB\C51L.LIB (?C?PLDIDATA)
  C:\KEIL\C51\LIB\C51L.LIB (?C?PSTIDATA)
  C:\KEIL\C51\LIB\C51L.LIB (?C?PLDXDATA)
  C:\KEIL\C51\LIB\C51L.LIB (?C?PSTXDATA)
  C:\KEIL\C51\LIB\C51L.LIB (?C?PLDPDATA)
  C:\KEIL\C51\LIB\C51L.LIB (?C?PSTPDATA)
  C:\KEIL\C51\LIB\C51L.LIB (?C?PLDCODE)


LINK MAP OF MODULE:  dvb7700 (?BANK?SWITCHING)


            TYPE    BASE      LENGTH    RELOCATION   SEGMENT NAME
            -----------------------------------------------------

            * * * * * * *   D A T A   M E M O R Y   * * * * * * *
            REG     0000H     0008H     ABSOLUTE     "REG BANK 0"
            DATA    0008H     0008H     UNIT         ?DT?UART
            DATA    0010H     0001H     UNIT         ?BANK?DATA
                    0011H     000FH                  *** GAP ***
            BIT     0020H.0   0000H.2   UNIT         _BIT_GROUP_
                    0020H.2   0000H.6                *** GAP ***
BL51 BANKED LINKER/LOCATER V6.22                                                      03/18/2016  16:14:09  PAGE 3


            DATA    0021H     002DH     UNIT         ?DT?TIMER
            IDATA   004EH     0001H     UNIT         ?STACK

            * * * * * * *  X D A T A   M E M O R Y  * * * * * * *
            XDATA   0000H     03A2H     UNIT         ?XD?STATION
            XDATA   03A2H     01AAH     UNIT         ?XD?UART
            XDATA   054CH     005AH     UNIT         ?XD?_TACKINGUPDOWNRIGHTLEFT?ANTENNA
            XDATA   05A6H     004DH     UNIT         ?XD?SHARPRECEIVER
            XDATA   05F3H     0042H     UNIT         ?XD?II2C
            XDATA   0635H     002FH     UNIT         ?XD?ANTENNATIMESEARCH?ANTENNA
            XDATA   0664H     0026H     UNIT         ?XD?_A2108_II2CREPEATER_READDATA?II2CREPEATER
            XDATA   068AH     0026H     UNIT         ?XD?_A2108_II2CREPEATER_SENDDATA?II2CREPEATER
            XDATA   06B0H     001BH     UNIT         ?XD?_STORBSARR?PROTCOL
            XDATA   06CBH     001BH     UNIT         ?XD?_A2108_II2C_WRITE?II2C
            XDATA   06E6H     0015H     UNIT         ?XD?RETBASESTARDATA?PROTCOL
            XDATA   06FBH     0015H     UNIT         ?XD?_A2108_II2C_READ?II2C
            XDATA   0710H     0013H     UNIT         ?XD?_A2108_IBASE_DOWNLOADFIRMWARE?IBASE
            XDATA   0723H     0013H     UNIT         ?XD?_A2108_IDVBSXRX_LOCKCHANNEL?IDVBSXRX
            XDATA   0736H     0012H     UNIT         ?XD?_A2108_II2C_WRITE32?II2C
            XDATA   0748H     0011H     UNIT         ?XD?_FINDANT?STATION
            XDATA   0759H     0010H     UNIT         ?XD?SETPLORIGHT?PROTCOL
            XDATA   0769H     0010H     UNIT         ?XD?_SETSHARPFREQ1_SUB?SHARPRECEIVER
            XDATA   0779H     0010H     UNIT         ?XD?_INITIALIZE?SHARPRECEIVER
            XDATA   0789H     0010H     UNIT         ?XD?_A2108_II2CREPEATER_SENDOP?II2CREPEATER
            XDATA   0799H     000FH     UNIT         ?XD?ANTENNATRACKING?ANTENNA
            XDATA   07A8H     000FH     UNIT         ?XD?RETURNRECFREQ?PROTCOL
            XDATA   07B7H     000FH     UNIT         ?XD?STOREDATA?PROTCOL
            XDATA   07C6H     000EH     UNIT         ?XD?ADC
            XDATA   07D4H     000EH     UNIT         ?XD?LEDTEST?ANTENNA
            XDATA   07E2H     000EH     UNIT         ?XD?STORSRCPARA?ANTENNA
            XDATA   07F0H     000EH     UNIT         ?XD?_A2108_II2C_READ32?II2C
            XDATA   07FEH     000EH     UNIT         ?XD?_A2108_II2C_WRITE16?II2C
            XDATA   080CH     000EH     UNIT         _XDATA_GROUP_
            XDATA   081AH     000DH     UNIT         ?XD?_SHARPBS2S7HZ6306_SETFREQUENCY?EXTSHARPBS2S7HZ6306
            XDATA   0827H     000DH     UNIT         ?XD?_A2108_IDVBSXRX_SETMPEGMODE?IDVBSXRX
            XDATA   0834H     000CH     UNIT         ?XD?GETSHARPAGC?ADC
            XDATA   0840H     000CH     UNIT         ?XD?GETT?ADC
            XDATA   084CH     000CH     UNIT         ?XD?SETAZRIGHT?PROTCOL
            XDATA   0858H     000CH     UNIT         ?XD?SETELRIGHT?PROTCOL
            XDATA   0864H     000CH     UNIT         ?XD?_EXTSHARPBS2S7HZ6306_LOCK?EXTSHARPBS2S7HZ6306
            XDATA   0870H     000CH     UNIT         ?XD?_A2108_II2C_READ16?II2C
            XDATA   087CH     000BH     UNIT         ?XD?PROTCOL
            XDATA   0887H     000BH     UNIT         ?XD?_SETSHARPFREQ?SHARPRECEIVER
            XDATA   0892H     000BH     UNIT         ?XD?_SETSHARPFREQ1?SHARPRECEIVER
            XDATA   089DH     000BH     UNIT         ?XD?_A2108_IDISEQC_INITIALIZE?IDISEQC
            XDATA   08A8H     000BH     UNIT         ?XD?_A2108_II2CREPEATER_INITIALIZE?II2CREPEATER
            XDATA   08B3H     000AH     UNIT         ?XD?GETPOLARANGLE?ADC
            XDATA   08BDH     000AH     UNIT         ?XD?ANTENNAREADYSEARCH?ANTENNA
            XDATA   08C7H     000AH     UNIT         ?XD?_A2108_IBASE_GETSTATUS?IBASE
            XDATA   08D1H     000AH     UNIT         ?XD?_A2108_IBASE_INITIALIZE?IBASE
            XDATA   08DBH     000AH     UNIT         ?XD?_A2108_IBSP_I2CREAD?IBSP
            XDATA   08E5H     0009H     UNIT         ?XD?GOTOOBJSTAR?ANTENNA
            XDATA   08EEH     0009H     UNIT         ?XD?_SETSHARPFREQ_SUB?SHARPRECEIVER
            XDATA   08F7H     0009H     UNIT         ?XD?_A2108_ITUNER_CALCULATELPF?ITUNER
            XDATA   0900H     0009H     UNIT         ?XD?_A2108_IBASE_GETFUNCTIONALMODE?IBASE
            XDATA   0909H     0009H     UNIT         ?XD?_A2108_IBASE_SENDRXOP?IBASE
            XDATA   0912H     0009H     UNIT         ?XD?_A2108_IBSP_I2CWRITE?IBSP
BL51 BANKED LINKER/LOCATER V6.22                                                      03/18/2016  16:14:09  PAGE 4


            XDATA   091BH     0009H     UNIT         ?XD?_A2108_IDVBSXRX_SETRFAGCPOLA?IDVBSXRX
            XDATA   0924H     0008H     UNIT         ?XD?_MOTORCTRL?TIMER
            XDATA   092CH     0008H     UNIT         ?XD?_WRITEEEPROM?RWEEPROM
            XDATA   0934H     0008H     UNIT         ?XD?_CHUNK32?AVL
            XDATA   093CH     0007H     UNIT         ?XD?_TESTSTOR?TIMER
            XDATA   0943H     0007H     UNIT         ?XD?TRACKINGSUCCEED?ANTENNA
            XDATA   094AH     0007H     UNIT         ?XD?WATCH?PROTCOL
            XDATA   0951H     0007H     UNIT         ?XD?_ITOA?STATION
            XDATA   0958H     0007H     UNIT         ?XD?_CHUNKADDR?AVL
            XDATA   095FH     0007H     UNIT         ?XD?_DECHUNK32?AVL
            XDATA   0966H     0007H     UNIT         ?XD?_SHARPBS2S7HZ6306_COMMITSETTING?EXTSHARPBS2S7HZ6306
            XDATA   096DH     0007H     UNIT         ?XD?_A2108_IBASE_SETPLL?IBASE
            XDATA   0974H     0007H     UNIT         ?XD?_A2108_IDVBSXRX_GETLOCKSTATUS?IDVBSXRX
            XDATA   097BH     0006H     UNIT         ?XD?_MOTORFUN?TIMER
            XDATA   0981H     0006H     UNIT         ?XD?AZLIMITTEST?TIMER
            XDATA   0987H     0006H     UNIT         ?XD?_SETXINBIAOFREQKC?UART
            XDATA   098DH     0006H     UNIT         ?XD?_SETXINBIAOFREQNUM?UART
            XDATA   0993H     0006H     UNIT         ?XD?GOTOAZ?PROTCOL
            XDATA   0999H     0006H     UNIT         ?XD?GOTOEL?PROTCOL
            XDATA   099FH     0006H     UNIT         ?XD?TOTRETURN?PROTCOL
            XDATA   09A5H     0006H     UNIT         ?XD?_RETURNBITS?PROTCOL
            XDATA   09ABH     0006H     UNIT         ?XD?_CPU_HALT?SHARPRECEIVER
            XDATA   09B1H     0006H     UNIT         ?XD?_A2108_IBASE_GETRXOPSTATUS?IBASE
            XDATA   09B7H     0006H     UNIT         ?XD?_A2108_II2CREPEATER_GETOPSTATUS?II2CREPEATER
            XDATA   09BDH     0005H     UNIT         ?XD?_READEEPROM?RWEEPROM
            XDATA   09C2H     0005H     UNIT         ?XD?_ADDEL?PROTCOL
            XDATA   09C7H     0005H     UNIT         ?XD?_DELEL?PROTCOL
            XDATA   09CCH     0005H     UNIT         ?XD?_ADDAZ?PROTCOL
            XDATA   09D1H     0005H     UNIT         ?XD?_DELAZ?PROTCOL
            XDATA   09D6H     0005H     UNIT         ?XD?RETURNCAL?PROTCOL
            XDATA   09DBH     0005H     UNIT         ?XD?POLAR
            XDATA   09E0H     0005H     UNIT         ?XD?_INITA2108CHIPOBJECT?AVL21081
            XDATA   09E5H     0005H     UNIT         ?XD?_CHUNK16?AVL
            XDATA   09EAH     0005H     UNIT         ?XD?_DECHUNK16?AVL
            XDATA   09EFH     0005H     UNIT         ?XD?_SHARPBS2S7HZ6306REGS_SETLPF?EXTSHARPBS2S7HZ6306
            XDATA   09F4H     0005H     UNIT         ?XD?_EXTSHARPBS2S7HZ6306_GETLOCKSTATUS?EXTSHARPBS2S7HZ6306
            XDATA   09F9H     0005H     UNIT         ?XD?_A2108_IDVBSXRX_SETFREQSWEEPRANGE?IDVBSXRX
            XDATA   09FEH     0004H     UNIT         ?XD?GETAGC?ADC
            XDATA   0A02H     0004H     UNIT         ?XD?GETCOMPOLA?ADC
            XDATA   0A06H     0004H     UNIT         ?XD?GOTOAZMIDL?TIMER
            XDATA   0A0AH     0004H     UNIT         ?XD?GOTOAZMIDR?TIMER
            XDATA   0A0EH     0004H     UNIT         ?XD?GETAZS1?TIMER
            XDATA   0A12H     0004H     UNIT         ?XD?GETAZS2?TIMER
            XDATA   0A16H     0004H     UNIT         ?XD?GETELS1?TIMER
            XDATA   0A1AH     0004H     UNIT         ?XD?GETKCAGC?UART
            XDATA   0A1EH     0004H     UNIT         ?XD?WATCHWIRE?UART
            XDATA   0A22H     0004H     UNIT         ?XD?ANTENNASTORE?ANTENNA
            XDATA   0A26H     0004H     UNIT         ?XD?RETURNGPS?PROTCOL
            XDATA   0A2AH     0004H     UNIT         ?XD?SETSTALONGPLO?PROTCOL
            XDATA   0A2EH     0004H     UNIT         ?XD?CHANGEXINBIAOFREQ?PROTCOL
            XDATA   0A32H     0004H     UNIT         ?XD?RETURNAZEL?PROTCOL
            XDATA   0A36H     0004H     UNIT         ?XD?RETURNAGCPLOAR?PROTCOL
            XDATA   0A3AH     0004H     UNIT         ?XD?RETURNSATLONGPLOARVET?PROTCOL
            XDATA   0A3EH     0004H     UNIT         ?XD?RETURNSTALONG?PROTCOL
            XDATA   0A42H     0004H     UNIT         ?XD?RETURNSTALATITUDE?PROTCOL
            XDATA   0A46H     0004H     UNIT         ?XD?RETYORN?PROTCOL
            XDATA   0A4AH     0004H     UNIT         ?XD?_GOTOPOLARANGLE?POLAR
BL51 BANKED LINKER/LOCATER V6.22                                                      03/18/2016  16:14:09  PAGE 5


            XDATA   0A4EH     0004H     UNIT         ?XD?_TIMETEST?STATION
            XDATA   0A52H     0004H     UNIT         ?XD?_SHARPBS2S7HZ6306_SETBBGAIN?EXTSHARPBS2S7HZ6306
            XDATA   0A56H     0004H     UNIT         ?XD?_SHARPBS2S7HZ6306_SETCHARGEPUMP?EXTSHARPBS2S7HZ6306
            XDATA   0A5AH     0004H     UNIT         ?XD?_EXTSHARPBS2S7HZ6306_INITIALIZE?EXTSHARPBS2S7HZ6306
            XDATA   0A5EH     0004H     UNIT         ?XD?_A2108_IBSP_DELAY?IBSP
            XDATA   0A62H     0004H     UNIT         ?XD?_A2108_IBSP_DELAY_MS?IBSP
            XDATA   0A66H     0004H     UNIT         ?XD?_A2108_IDVBSXRX_INITIALIZE?IDVBSXRX
            XDATA   0A6AH     0003H     UNIT         ?XD?ELRANGE?PROTCOL
            XDATA   0A6DH     0003H     UNIT         ?XD?_A2108_IBSP_INITSEMAPHORE?IBSP
            XDATA   0A70H     0003H     UNIT         ?XD?_A2108_IBSP_WAITSEMAPHORE?IBSP
            XDATA   0A73H     0003H     UNIT         ?XD?_A2108_IBSP_RELEASESEMAPHORE?IBSP
            XDATA   0A76H     0003H     UNIT         ?XD?_SENDBYTEACK?IBSP
            XDATA   0A79H     0003H     UNIT         ?XD?ACKCHECK?IBSP
            XDATA   0A7CH     0002H     UNIT         ?XD?OSCINIT?CPUINIT
            XDATA   0A7EH     0002H     UNIT         ?XD?_OPENTIMER3INTERRUPT?TIMER
            XDATA   0A80H     0002H     UNIT         ?XD?UART0INIT?UART
            XDATA   0A82H     0002H     UNIT         ?XD?SELECTGPS?UART
            XDATA   0A84H     0002H     UNIT         ?XD?SELECTGRADIENT?UART
            XDATA   0A86H     0002H     UNIT         ?XD?SELECTXINBIAO?UART
            XDATA   0A88H     0002H     UNIT         ?XD?GETXINBIAOVER?UART
            XDATA   0A8AH     0002H     UNIT         ?XD?_SETFLAG?UART
            XDATA   0A8CH     0002H     UNIT         ?XD?_SEND?RWEEPROM
            XDATA   0A8EH     0002H     UNIT         ?XD?ANTENNA
            XDATA   0A90H     0002H     UNIT         ?XD?TESTXINBIAO?ANTENNA
            XDATA   0A92H     0002H     UNIT         ?XD?TESTGPS?ANTENNA
            XDATA   0A94H     0002H     UNIT         ?XD?RETURNXINBIAOAGCTHRESHOLD?PROTCOL
            XDATA   0A96H     0002H     UNIT         ?XD?_DELAY?STATION
            XDATA   0A98H     0002H     UNIT         ?XD?RCVBYTE?IBSP
            XDATA   0A9AH     0001H     UNIT         ?XD?TIMER
            XDATA   0A9BH     0001H     UNIT         ?XD?GETG8FLAG?UART
            XDATA   0A9CH     0001H     UNIT         ?XD?DLRIGHT?PROTCOL
            XDATA   0A9DH     0001H     UNIT         ?XD?DRRIGHT?PROTCOL
            XDATA   0A9EH     0001H     UNIT         ?XD?DURIGHT?PROTCOL
            XDATA   0A9FH     0001H     UNIT         ?XD?DAZARIGHT?PROTCOL
            XDATA   0AA0H     0001H     UNIT         ?XD?DAZBRIGHT?PROTCOL
            XDATA   0AA1H     0001H     UNIT         ?XD?DSRIGHT?PROTCOL
            XDATA   0AA2H     0001H     UNIT         ?XD?SENDRELEASE?PROTCOL
            XDATA   0AA3H     0001H     UNIT         ?XD?_ADDPLO?PROTCOL
            XDATA   0AA4H     0001H     UNIT         ?XD?_DELPLO?PROTCOL
            XDATA   0AA5H     0001H     UNIT         ?XD?IDISEQC
            XDATA   0AA6H     0001H     UNIT         ?XD?A2108_II2C_INITIALIZE?II2C

            * * * * * * *   C O D E   M E M O R Y   * * * * * * *
            CODE    0000H     0003H     ABSOLUTE     
            CODE    0003H     0008H     UNIT         ?PR?OPENTIMER2INTERRUPT?TIMER
            CODE    000BH     0003H     ABSOLUTE     
            CODE    000EH     0015H     UNIT         ?PR?CLOSETIMER0INTERRUPT?TIMER
            CODE    0023H     0003H     ABSOLUTE     
            CODE    0026H     0004H     UNIT         ?PR?CLOSEUART1?UART
                    002AH     0001H                  *** GAP ***
            CODE    002BH     0003H     ABSOLUTE     
            CODE    002EH     0042H     UNIT         ?PR?INITWIRE?UART
                    0070H     0003H                  *** GAP ***
            CODE    0073H     0003H     ABSOLUTE     
            CODE    0076H     0026H     UNIT         ?PR?UART1INIT?UART
                    009CH     0007H                  *** GAP ***
            CODE    00A3H     0003H     ABSOLUTE     
BL51 BANKED LINKER/LOCATER V6.22                                                      03/18/2016  16:14:09  PAGE 6


            CODE    00A6H     13C0H     UNIT         ?CO?SHARPRECEIVER
            CODE    1466H     0A12H     UNIT         ?C?LIB_CODE
            CODE    1E78H     03F6H     UNIT         ?C_INITSEG
            CODE    226EH     0345H     UNIT         ?PR?_TESTSTOR?TIMER
            CODE    25B3H     02D1H     UNIT         ?PR?GOTOAZMIDL?TIMER
            CODE    2884H     02C2H     UNIT         ?PR?GOTOAZMIDR?TIMER
            CODE    2B46H     02A3H     UNIT         ?PR?READGPS?UART
            CODE    2DE9H     028AH     UNIT         ?PR?_MOTORCTRL?TIMER
            CODE    3073H     025DH     UNIT         ?PR?TIMER3INTERRUPT?TIMER
            CODE    32D0H     024CH     UNIT         ?PR?_SETXINBIAOFREQNUM?UART
            CODE    351CH     0223H     UNIT         ?PR?GOAM?TIMER
            CODE    373FH     0218H     UNIT         ?PR?READGRADIENT?UART
            CODE    3957H     01DEH     UNIT         ?PR?UART1INTERRUPT?UART
            CODE    3B35H     01A6H     UNIT         ?PR?GOTOAZMIDM?TIMER
            CODE    3CDBH     0188H     UNIT         ?PR?SIN?SIN
            CODE    3E63H     017CH     UNIT         ?PR?AZLIMITTEST?TIMER
            CODE    3FDFH     0166H     UNIT         ?PR?_POW?POW
            CODE    4145H     0160H     UNIT         ?PR?GETG8?UART
            CODE    42A5H     012BH     UNIT         ?PR?GETKCAGC?UART
            CODE    43D0H     0129H     UNIT         ?PR?LOG?LOG
            CODE    44F9H     0122H     UNIT         ?PR?ATAN?ATAN
            CODE    461BH     00EAH     UNIT         ?PR?_MODF?MODF
            CODE    4705H     00E0H     UNIT         ?PR?GETXINBIAOVER?UART
            CODE    47E5H     00C6H     UNIT         ?PR?WATCHWIRE?UART
            CODE    48ABH     004BH     UNIT         ?PR?TIMER0INTERRUPT?TIMER
            CODE    48F6H     000AH     UNIT         ?PR?CLOSETIMER3INTERRUPT?TIMER
            CODE    4900H     00BDH     PAGE         ?BANK?SWITCH
            CODE    49BDH     00B6H     UNIT         ?PR?TIMER2INTERRUPT?TIMER
            CODE    4A73H     00ACH     UNIT         ?PR?_MOTORFUN?TIMER
            CODE    4B1FH     00ACH     UNIT         ?PR?SQRT?SQRT
            CODE    4BCBH     00A9H     UNIT         ?PR?UART0INTERRUPT?UART
            CODE    4C74H     009AH     UNIT         ?PR?EXP?EXP
            CODE    4D0EH     0090H     UNIT         ?PR?GETXINBIAOVORX?UART
            CODE    4D9EH     008DH     UNIT         ?PR?_SETFLAG?UART
            CODE    4E2BH     008CH     UNIT         ?C_C51STARTUP
            CODE    4EB7H     008CH     UNIT         ?PR?GOTOAZMID?TIMER
            CODE    4F43H     0087H     UNIT         ?PR?GETAZS1?TIMER
            CODE    4FCAH     0087H     UNIT         ?PR?GETAZS2?TIMER
            CODE    5051H     0087H     UNIT         ?PR?GETELS1?TIMER
            CODE    50D8H     005AH     UNIT         ?PR?SELECTGPS?UART
            CODE    5132H     0057H     UNIT         ?PR?SELECTGRADIENT?UART
            CODE    5189H     0057H     UNIT         ?PR?SELECTXINBIAO?UART
            CODE    51E0H     004BH     UNIT         ?PR?UART0INIT?UART
            CODE    522BH     0046H     UNIT         ?PR?_SETXINBIAOFREQKC?UART
            CODE    5271H     0040H     UNIT         ?PR?_OPENTIMER3INTERRUPT?TIMER
            CODE    52B1H     003EH     UNIT         ?PR?GETG8FLAG?UART
            CODE    52EFH     0032H     UNIT         ?PR?UART1TX?UART
            CODE    5321H     0023H     UNIT         ?PR?OPENTIMER0INTERRUPT?TIMER
            CODE    5344H     0022H     UNIT         ?PR?TIMER2INIT?TIMER
            CODE    5366H     001FH     UNIT         ?PR?TIMER0INIT?TIMER
            CODE    5385H     000EH     UNIT         ?PR?TIMER3INIT?TIMER
            CODE    5393H     000DH     UNIT         ?PR?OPENUART1?UART
            CODE    53A0H     000DH     UNIT         ?PR?_FABS?FABS
            CODE    53ADH     000CH     UNIT         ?BANK?SELECT
            CODE    53B9H     000CH     UNIT         ?PR?OPENUART0?UART
            CODE    53C5H     0009H     UNIT         ?PR?CLOSEUART0?UART
            CODE    53CEH     0008H     UNIT         ?PR?CLOSETIMER2INTERRUPT?TIMER
BL51 BANKED LINKER/LOCATER V6.22                                                      03/18/2016  16:14:09  PAGE 7



            * * * * * * *   C O D E   B A N K   1   * * * * * * *
                    0000H     8000H                  *** GAP ***
            BANK1   8000H     0D4DH     UNIT         ?PR?WATCH?PROTCOL
            BANK1   8D4DH     0979H     UNIT         ?PR?_STORBSARR?PROTCOL
            BANK1   96C6H     04C6H     UNIT         ?PR?TOTRETURN?PROTCOL
            BANK1   9B8CH     0364H     UNIT         ?PR?_FINDANT?STATION
            BANK1   9EF0H     030CH     UNIT         ?PR?RETURNCAL?PROTCOL
            BANK1   A1FCH     02DAH     UNIT         ?PR?RETYORN?PROTCOL
            BANK1   A4D6H     028DH     UNIT         ?PR?RETURNRECFREQ?PROTCOL
            BANK1   A763H     0285H     UNIT         ?PR?RETURNSTATIONSTATUS?PROTCOL
            BANK1   A9E8H     027FH     UNIT         ?PR?STOREDATA?PROTCOL
            BANK1   AC67H     0277H     UNIT         ?PR?RETBASESTARDATA?PROTCOL
            BANK1   AEDEH     0246H     UNIT         ?PR?CHANGEXINBIAOFREQ?PROTCOL
            BANK1   B124H     023BH     UNIT         ?PR?SETAZRIGHT?PROTCOL
            BANK1   B35FH     0224H     UNIT         ?PR?SETSTATIONLONGLAT?PROTCOL
            BANK1   B583H     0214H     UNIT         ?PR?GOTOPOLAR?PROTCOL
            BANK1   B797H     0212H     UNIT         ?PR?SETPLORIGHT?PROTCOL
            BANK1   B9A9H     0204H     UNIT         ?PR?SETELRIGHT?PROTCOL
            BANK1   BBADH     0202H     UNIT         ?PR?SENDWARNING?PROTCOL
            BANK1   BDAFH     01FEH     UNIT         ?PR?GOTOAZ?PROTCOL
            BANK1   BFADH     01E3H     UNIT         ?PR?RETURNGPS?PROTCOL
            BANK1   C190H     01CCH     UNIT         ?PR?GOTOEL?PROTCOL
            BANK1   C35CH     01BAH     UNIT         ?PR?RETURNAGCPLOAR?PROTCOL
            BANK1   C516H     01B4H     UNIT         ?PR?SETSTALONGPLO?PROTCOL
            BANK1   C6CAH     018CH     UNIT         ?PR?_RETURNBITS?PROTCOL
            BANK1   C856H     0179H     UNIT         ?PR?RETURNAZEL?PROTCOL
            BANK1   C9CFH     0178H     UNIT         ?PR?_WRITEEEPROM?RWEEPROM
            BANK1   CB47H     0175H     UNIT         ?PR?GETPOLARANGLE?ADC
            BANK1   CCBCH     0156H     UNIT         ?PR?RETURNSATLONGPLOARVET?PROTCOL
            BANK1   CE12H     012FH     UNIT         ?PR?GETT?ADC
            BANK1   CF41H     0129H     UNIT         ?PR?ELRANGE?PROTCOL
            BANK1   D06AH     0113H     UNIT         ?PR?GETSHARPAGC?ADC
            BANK1   D17DH     0101H     UNIT         ?PR?SETTHRESHOLD?PROTCOL
            BANK1   D27EH     00FEH     UNIT         ?PR?RETURNSTALONG?PROTCOL
            BANK1   D37CH     00EDH     UNIT         ?PR?SENDRELEASE?PROTCOL
            BANK1   D469H     00E6H     UNIT         ?PR?RETURNSTALATITUDE?PROTCOL
            BANK1   D54FH     00DEH     UNIT         ?PR?_GOTOPOLARANGLE?POLAR
            BANK1   D62DH     00B3H     UNIT         ?PR?_READEEPROM?RWEEPROM
            BANK1   D6E0H     00ADH     UNIT         ?PR?_ITOA?STATION
            BANK1   D78DH     0087H     UNIT         ?PR?RETURNXINBIAOAGCTHRESHOLD?PROTCOL
            BANK1   D814H     0083H     UNIT         ?PR?_ADDAZ?PROTCOL
            BANK1   D897H     0083H     UNIT         ?PR?_DELAZ?PROTCOL
            BANK1   D91AH     0082H     UNIT         ?PR?_ADDEL?PROTCOL
            BANK1   D99CH     0082H     UNIT         ?PR?_DELEL?PROTCOL
            BANK1   DA1EH     006BH     UNIT         ?PR?_ADDPLO?PROTCOL
            BANK1   DA89H     006BH     UNIT         ?PR?_DELPLO?PROTCOL
            BANK1   DAF4H     006AH     UNIT         ?PR?DURIGHT?PROTCOL
            BANK1   DB5EH     006AH     UNIT         ?PR?DAZARIGHT?PROTCOL
            BANK1   DBC8H     006AH     UNIT         ?PR?DAZBRIGHT?PROTCOL
            BANK1   DC32H     006AH     UNIT         ?PR?DSRIGHT?PROTCOL
            BANK1   DC9CH     0069H     UNIT         ?PR?MAIN?MAIN
            BANK1   DD05H     005FH     UNIT         ?PR?RETURNRECKIND?PROTCOL
            BANK1   DD64H     005EH     UNIT         ?PR?_SEND?RWEEPROM
            BANK1   DDC2H     005CH     UNIT         ?PR?RETURNENBASESTAR?PROTCOL
            BANK1   DE1EH     0057H     UNIT         ?PR?SETRECKIND?PROTCOL
            BANK1   DE75H     0054H     UNIT         ?PR?RETURNRESETSUCCESS?PROTCOL
BL51 BANKED LINKER/LOCATER V6.22                                                      03/18/2016  16:14:09  PAGE 8


            BANK1   DEC9H     004CH     UNIT         ?PR?_TIMETEST?STATION
            BANK1   DF15H     0049H     UNIT         ?PR?DLRIGHT?PROTCOL
            BANK1   DF5EH     0049H     UNIT         ?PR?DRRIGHT?PROTCOL
            BANK1   DFA7H     0040H     UNIT         ?PR?SENDSJ?PROTCOL
            BANK1   DFE7H     0040H     UNIT         ?PR?SENDKJ?PROTCOL
            BANK1   E027H     0040H     UNIT         ?PR?RETURNSTORESUCCESS?PROTCOL
            BANK1   E067H     003DH     UNIT         ?PR?RETURNSTA?PROTCOL
            BANK1   E0A4H     003DH     UNIT         ?PR?SENDSEARCHING?PROTCOL
            BANK1   E0E1H     003DH     UNIT         ?PR?SENDTACKING?PROTCOL
            BANK1   E11EH     003AH     UNIT         ?PR?PORTINIT?CPUINIT
            BANK1   E158H     0031H     UNIT         ?PR?OSCINIT?CPUINIT
            BANK1   E189H     002FH     UNIT         ?PR?GETAGC?ADC
            BANK1   E1B8H     002DH     UNIT         ?PR?RETURNSET?PROTCOL
            BANK1   E1E5H     0029H     UNIT         ?PR?SETMANULMODE?PROTCOL
            BANK1   E20EH     0026H     UNIT         ?PR?ADC0INIT?ADC
            BANK1   E234H     001EH     UNIT         ?PR?RESET?PROTCOL
            BANK1   E252H     001DH     UNIT         ?PR?SETAUTOMODE?PROTCOL
            BANK1   E26FH     001BH     UNIT         ?PR?_DELAY?STATION
            BANK1   E28AH     0018H     UNIT         ?PR?GETCOMPOLA?ADC
            BANK1   E2A2H     0018H     UNIT         ?PR?RETFLAG1?PROTCOL
            BANK1   E2BAH     0018H     UNIT         ?PR?RETFLAG2?PROTCOL
            BANK1   E2D2H     000BH     UNIT         ?PR?WATCHDOGINIT?CPUINIT
            BANK1   E2DDH     000AH     UNIT         ?PR?CPU020INIT?CPUINIT
            BANK1   E2E7H     0004H     UNIT         ?PR?RETURNWARNING?PROTCOL

            * * * * * * *   C O D E   B A N K   2   * * * * * * *
                    0000H     8000H                  *** GAP ***
            BANK2   8000H     056FH     UNIT         ?PR?_SHARPBS2S7HZ6306_SETFREQUENCY?EXTSHARPBS2S7HZ6306
            BANK2   856FH     0550H     UNIT         ?PR?_A2108_IDISEQC_INITIALIZE?IDISEQC
            BANK2   8ABFH     04F9H     UNIT         ?PR?_A2108_II2C_WRITE?II2C
            BANK2   8FB8H     03F1H     UNIT         ?PR?_A2108_IDVBSXRX_LOCKCHANNEL?IDVBSXRX
            BANK2   93A9H     036CH     UNIT         ?PR?_SHARPBS2S7HZ6306_COMMITSETTING?EXTSHARPBS2S7HZ6306
            BANK2   9715H     02FAH     UNIT         ?PR?_A2108_IBASE_SETPLL?IBASE
            BANK2   9A0FH     02E7H     UNIT         ?PR?_A2108_IBASE_DOWNLOADFIRMWARE?IBASE
            BANK2   9CF6H     029CH     UNIT         ?PR?_INITIALIZE?SHARPRECEIVER
            BANK2   9F92H     021BH     UNIT         ?PR?_SETSHARPFREQ1_SUB?SHARPRECEIVER
            BANK2   A1ADH     0215H     UNIT         ?PR?_A2108_II2C_READ?II2C
            BANK2   A3C2H     0206H     UNIT         ?PR?_SETSHARPFREQ_SUB?SHARPRECEIVER
            BANK2   A5C8H     01E3H     UNIT         ?PR?_A2108_II2CREPEATER_READDATA?II2CREPEATER
            BANK2   A7ABH     018FH     UNIT         ?PR?_A2108_II2CREPEATER_SENDDATA?II2CREPEATER
            BANK2   A93AH     017FH     UNIT         ?PR?_EXTSHARPBS2S7HZ6306_INITIALIZE?EXTSHARPBS2S7HZ6306
            BANK2   AAB9H     0153H     UNIT         ?PR?_A2108_IDVBSXRX_INITIALIZE?IDVBSXRX
            BANK2   AC0CH     0140H     UNIT         ?PR?_A2108_IBSP_I2CREAD?IBSP
            BANK2   AD4CH     013EH     UNIT         ?PR?_A2108_IDVBSXRX_SETMPEGMODE?IDVBSXRX
            BANK2   AE8AH     0137H     UNIT         ?PR?_EXTSHARPBS2S7HZ6306_LOCK?EXTSHARPBS2S7HZ6306
            BANK2   AFC1H     0135H     UNIT         ?PR?_DECHUNK32?AVL
            BANK2   B0F6H     0101H     UNIT         ?PR?_A2108_II2CREPEATER_SENDOP?II2CREPEATER
            BANK2   B1F7H     00EEH     UNIT         ?PR?_INITA2108CHIPOBJECT?AVL21081
            BANK2   B2E5H     00ECH     UNIT         ?PR?_A2108_IBASE_SENDRXOP?IBASE
            BANK2   B3D1H     00DEH     UNIT         ?PR?_A2108_IBASE_GETSTATUS?IBASE
            BANK2   B4AFH     00DBH     UNIT         ?PR?_CHUNK32?AVL
            BANK2   B58AH     00D4H     UNIT         ?PR?_SETSHARPFREQ?SHARPRECEIVER
            BANK2   B65EH     00BDH     UNIT         ?PR?_SETSHARPFREQ1?SHARPRECEIVER
            BANK2   B71BH     00B1H     UNIT         ?PR?_A2108_II2CREPEATER_INITIALIZE?II2CREPEATER
            BANK2   B7CCH     00AEH     UNIT         ?PR?_A2108_ITUNER_CALCULATELPF?ITUNER
            BANK2   B87AH     00AEH     UNIT         ?PR?_A2108_IBSP_I2CWRITE?IBSP
            BANK2   B928H     00A7H     UNIT         ?PR?_A2108_IBASE_INITIALIZE?IBASE
BL51 BANKED LINKER/LOCATER V6.22                                                      03/18/2016  16:14:09  PAGE 9


            BANK2   B9CFH     008BH     UNIT         ?PR?_SHARPBS2S7HZ6306REGS_SETLPF?EXTSHARPBS2S7HZ6306
            BANK2   BA5AH     0085H     UNIT         ?PR?ACKCHECK?IBSP
            BANK2   BADFH     0083H     UNIT         ?PR?_SENDBYTEACK?IBSP
            BANK2   BB62H     007FH     UNIT         ?PR?_CHUNKADDR?AVL
            BANK2   BBE1H     007DH     UNIT         ?PR?RCVBYTE?IBSP
            BANK2   BC5EH     007BH     UNIT         ?PR?_EXTSHARPBS2S7HZ6306_GETLOCKSTATUS?EXTSHARPBS2S7HZ6306
            BANK2   BCD9H     0078H     UNIT         ?PR?_CPU_HALT?SHARPRECEIVER
            BANK2   BD51H     0076H     UNIT         ?PR?_A2108_II2C_READ16?II2C
            BANK2   BDC7H     0073H     UNIT         ?PR?_A2108_II2C_READ32?II2C
            BANK2   BE3AH     006CH     UNIT         ?PR?_A2108_IBASE_GETRXOPSTATUS?IBASE
            BANK2   BEA6H     006CH     UNIT         ?PR?_A2108_II2CREPEATER_GETOPSTATUS?II2CREPEATER
            BANK2   BF12H     0069H     UNIT         ?PR?_A2108_IDVBSXRX_SETRFAGCPOLA?IDVBSXRX
            BANK2   BF7BH     0068H     UNIT         ?PR?_A2108_IBASE_GETFUNCTIONALMODE?IBASE
            BANK2   BFE3H     0065H     UNIT         ?PR?_A2108_IDVBSXRX_SETFREQSWEEPRANGE?IDVBSXRX
            BANK2   C048H     0060H     UNIT         ?PR?_DECHUNK16?AVL
            BANK2   C0A8H     005BH     UNIT         ?PR?_SHARPBS2S7HZ6306_SETBBGAIN?EXTSHARPBS2S7HZ6306
            BANK2   C103H     005BH     UNIT         ?PR?_SHARPBS2S7HZ6306_SETCHARGEPUMP?EXTSHARPBS2S7HZ6306
            BANK2   C15EH     005BH     UNIT         ?PR?_A2108_II2C_WRITE32?II2C
            BANK2   C1B9H     0055H     UNIT         ?PR?_A2108_II2C_WRITE16?II2C
            BANK2   C20EH     0052H     UNIT         ?PR?_A2108_IDVBSXRX_GETLOCKSTATUS?IDVBSXRX
            BANK2   C260H     0050H     UNIT         ?PR?_CHUNK16?AVL
            BANK2   C2B0H     0039H     UNIT         ?PR?START_I2C?IBSP
            BANK2   C2E9H     0034H     UNIT         ?PR?_A2108_IBSP_DELAY_MS?IBSP
            BANK2   C31DH     002BH     UNIT         ?PR?STOP_I2C?IBSP
            BANK2   C348H     0024H     UNIT         ?PR?_A2108_IBSP_INITSEMAPHORE?IBSP
            BANK2   C36CH     0024H     UNIT         ?PR?_A2108_IBSP_WAITSEMAPHORE?IBSP
            BANK2   C390H     0024H     UNIT         ?PR?_A2108_IBSP_RELEASESEMAPHORE?IBSP
            BANK2   C3B4H     0019H     UNIT         ?PR?A2108_II2C_INITIALIZE?II2C
            BANK2   C3CDH     0015H     UNIT         ?PR?_A2108_IBSP_DELAY?IBSP

            * * * * * * *   C O D E   B A N K   3   * * * * * * *
                    0000H     8000H                  *** GAP ***
            BANK3   8000H     0A5AH     UNIT         ?PR?_TACKINGUPDOWNRIGHTLEFT?ANTENNA
            BANK3   8A5AH     0922H     UNIT         ?PR?ANTENNATIMESEARCH?ANTENNA
            BANK3   937CH     0648H     UNIT         ?PR?ANTENNAREADYSEARCH?ANTENNA
            BANK3   99C4H     045DH     UNIT         ?PR?GOTOOBJSTAR?ANTENNA
            BANK3   9E21H     044EH     UNIT         ?PR?ANTENNAINIT?ANTENNA
            BANK3   A26FH     0445H     UNIT         ?PR?ANTENNASTORE?ANTENNA
            BANK3   A6B4H     0427H     UNIT         ?PR?ANTENNATRACKING?ANTENNA
            BANK3   AADBH     040BH     UNIT         ?PR?LEDTEST?ANTENNA
            BANK3   AEE6H     03BFH     UNIT         ?PR?STORSRCPARA?ANTENNA
            BANK3   B2A5H     036AH     UNIT         ?PR?GETPARA?ANTENNA
            BANK3   B60FH     030AH     UNIT         ?PR?PARAPROTECT?ANTENNA
            BANK3   B919H     0228H     UNIT         ?PR?GETBASESTARPARA?ANTENNA
            BANK3   BB41H     01CCH     UNIT         ?PR?TRACKINGSUCCEED?ANTENNA
            BANK3   BD0DH     01B5H     UNIT         ?PR?TESTXIANWEI?ANTENNA
            BANK3   BEC2H     015DH     UNIT         ?PR?GETPARAEN?ANTENNA
            BANK3   C01FH     00F9H     UNIT         ?PR?TESTBASESTARPARA?ANTENNA
            BANK3   C118H     00CFH     UNIT         ?PR?TESTPOLAR?ANTENNA
            BANK3   C1E7H     00C5H     UNIT         ?PR?ANTENNAMANUAL?ANTENNA
            BANK3   C2ACH     00B8H     UNIT         ?PR?TESTXINBIAO?ANTENNA
            BANK3   C364H     00B3H     UNIT         ?PR?MOTORUP?ANTENNA
            BANK3   C417H     0086H     UNIT         ?PR?TESTGPS?ANTENNA
            BANK3   C49DH     006CH     UNIT         ?PR?TESTSELF?ANTENNA
            BANK3   C509H     0040H     UNIT         ?PR?GRADIENTTEST?ANTENNA
            BANK3   C549H     0035H     UNIT         ?PR?SETBIANBAN?ANTENNA
            BANK3   C57EH     0018H     UNIT         ?PR?ANTTESTFUN?ANTENNA
BL51 BANKED LINKER/LOCATER V6.22                                                      03/18/2016  16:14:09  PAGE 10


            BANK3   C596H     0015H     UNIT         ?PR?POLARANGLEINIT?ANTENNA



OVERLAY MAP OF MODULE:   dvb7700 (?BANK?SWITCHING)


SEGMENT                                             BIT_GROUP          XDATA_GROUP
  +--> CALLED SEGMENT                            START    LENGTH     START    LENGTH
------------------------------------------------------------------------------------
?C_C51STARTUP                                    -----    -----      -----    -----
  +--> ?PR?MAIN?MAIN
  +--> ?C_INITSEG

?PR?MAIN?MAIN                                    -----    -----      -----    -----
  +--> ?PR?CPU020INIT?CPUINIT
  +--> ?PR?ADC0INIT?ADC
  +--> ?PR?TIMER0INIT?TIMER
  +--> ?PR?TIMER2INIT?TIMER
  +--> ?PR?TIMER3INIT?TIMER
  +--> ?PR?UART0INIT?UART
  +--> ?PR?UART1INIT?UART
  +--> ?PR?ANTENNAINIT?ANTENNA
  +--> ?PR?ANTENNAREADYSEARCH?ANTENNA
  +--> ?PR?ANTENNATIMESEARCH?ANTENNA
  +--> ?PR?ANTENNATRACKING?ANTENNA
  +--> ?PR?ANTENNAMANUAL?ANTENNA
  +--> ?PR?ANTENNASTORE?ANTENNA

?PR?CPU020INIT?CPUINIT                           -----    -----      -----    -----
  +--> ?PR?WATCHDOGINIT?CPUINIT
  +--> ?PR?OSCINIT?CPUINIT
  +--> ?PR?PORTINIT?CPUINIT

?PR?UART1INIT?UART                               -----    -----      -----    -----
  +--> ?PR?OPENUART1?UART

?PR?ANTENNAINIT?ANTENNA                          -----    -----      -----    -----
  +--> ?PR?_DELAY?STATION
  +--> ?PR?ANTTESTFUN?ANTENNA
  +--> ?PR?OPENTIMER0INTERRUPT?TIMER
  +--> ?PR?CLOSETIMER0INTERRUPT?TIMER
  +--> ?PR?WATCHWIRE?UART
  +--> ?PR?POLARANGLEINIT?ANTENNA
  +--> ?PR?GETCOMPOLA?ADC
  +--> ?PR?_GOTOPOLARANGLE?POLAR
  +--> ?PR?_READEEPROM?RWEEPROM
  +--> ?PR?_WRITEEEPROM?RWEEPROM
  +--> ?PR?_SETSHARPFREQ?SHARPRECEIVER
  +--> ?PR?GETPARA?ANTENNA
  +--> ?PR?GETBASESTARPARA?ANTENNA
  +--> ?PR?TESTSELF?ANTENNA
  +--> ?PR?READGRADIENT?UART
  +--> ?PR?GETELS1?TIMER
  +--> ?PR?_MOTORFUN?TIMER
  +--> ?PR?_TIMETEST?STATION
  +--> ?PR?WATCH?PROTCOL
BL51 BANKED LINKER/LOCATER V6.22                                                      03/18/2016  16:14:09  PAGE 11


  +--> ?PR?AZLIMITTEST?TIMER
  +--> ?PR?GOTOAZMID?TIMER
  +--> ?PR?SETBIANBAN?ANTENNA
  +--> ?PR?_MOTORCTRL?TIMER

?PR?ANTTESTFUN?ANTENNA                           -----    -----      -----    -----
  +--> ?PR?LEDTEST?ANTENNA
  +--> ?PR?GRADIENTTEST?ANTENNA
  +--> ?PR?MOTORUP?ANTENNA
  +--> ?PR?TESTXIANWEI?ANTENNA
  +--> ?PR?TESTPOLAR?ANTENNA
  +--> ?PR?TESTXINBIAO?ANTENNA
  +--> ?PR?TESTGPS?ANTENNA

?PR?LEDTEST?ANTENNA                              -----    -----      -----    -----
  +--> ?PR?_TIMETEST?STATION
  +--> ?PR?_WRITEEEPROM?RWEEPROM

?PR?_TIMETEST?STATION                            -----    -----      -----    -----
  +--> ?PR?_DELAY?STATION

?PR?_WRITEEEPROM?RWEEPROM                        -----    -----      -----    -----
  +--> ?PR?_DELAY?STATION
  +--> ?PR?_SEND?RWEEPROM
  +--> ?PR?OPENTIMER0INTERRUPT?TIMER
  +--> ?PR?CLOSETIMER0INTERRUPT?TIMER

?PR?_SEND?RWEEPROM                               -----    -----      -----    -----
  +--> ?PR?_DELAY?STATION

?PR?GRADIENTTEST?ANTENNA                         -----    -----      -----    -----
  +--> ?PR?READGRADIENT?UART
  +--> ?PR?_DELAY?STATION

?PR?READGRADIENT?UART                            -----    -----      -----    -----
  +--> ?PR?OPENTIMER0INTERRUPT?TIMER
  +--> ?PR?SELECTGRADIENT?UART
  +--> ?PR?CLOSEUART0?UART
  +--> ?PR?CLOSETIMER0INTERRUPT?TIMER

?PR?SELECTGRADIENT?UART                          -----    -----      -----    -----
  +--> ?PR?CLOSEUART0?UART
  +--> ?PR?OPENUART0?UART

?PR?MOTORUP?ANTENNA                              -----    -----      -----    -----
  +--> ?PR?READGRADIENT?UART
  +--> ?PR?GETELS1?TIMER
  +--> ?PR?_MOTORFUN?TIMER
  +--> ?PR?_TIMETEST?STATION

?PR?GETELS1?TIMER                                -----    -----      -----    -----
  +--> ?PR?_READEEPROM?RWEEPROM

?PR?_READEEPROM?RWEEPROM                         -----    -----      -----    -----
  +--> ?PR?_DELAY?STATION
  +--> ?PR?_SEND?RWEEPROM

BL51 BANKED LINKER/LOCATER V6.22                                                      03/18/2016  16:14:09  PAGE 12


?PR?_MOTORFUN?TIMER                              -----    -----      -----    -----
  +--> ?PR?CLOSETIMER3INTERRUPT?TIMER
  +--> ?PR?_OPENTIMER3INTERRUPT?TIMER

?PR?TESTXIANWEI?ANTENNA                          -----    -----      -----    -----
  +--> ?PR?GETAZS2?TIMER
  +--> ?PR?_MOTORCTRL?TIMER
  +--> ?PR?_DELAY?STATION
  +--> ?PR?_TIMETEST?STATION
  +--> ?PR?_MOTORFUN?TIMER

?PR?GETAZS2?TIMER                                -----    -----      -----    -----
  +--> ?PR?_READEEPROM?RWEEPROM

?PR?_MOTORCTRL?TIMER                             -----    -----      -----    -----
  +--> ?PR?_MOTORFUN?TIMER

?PR?TESTPOLAR?ANTENNA                            -----    -----      -----    -----
  +--> ?PR?GETCOMPOLA?ADC
  +--> ?PR?_DELAY?STATION
  +--> ?PR?_TIMETEST?STATION
  +--> ?PR?GETPOLARANGLE?ADC

?PR?GETCOMPOLA?ADC                               -----    -----      -----    -----
  +--> ?PR?GETPOLARANGLE?ADC

?PR?TESTXINBIAO?ANTENNA                          -----    -----      -----    -----
  +--> ?PR?GETELS1?TIMER
  +--> ?PR?_MOTORFUN?TIMER
  +--> ?PR?_SETXINBIAOFREQKC?UART
  +--> ?PR?_TIMETEST?STATION
  +--> ?PR?_DELAY?STATION

?PR?_SETXINBIAOFREQKC?UART                       -----    -----      -----    -----
  +--> ?PR?_DELAY?STATION
  +--> ?PR?_SETXINBIAOFREQNUM?UART

?PR?_SETXINBIAOFREQNUM?UART                      -----    -----      -----    -----
  +--> ?PR?SELECTXINBIAO?UART
  +--> ?PR?_DELAY?STATION
  +--> ?PR?OPENTIMER0INTERRUPT?TIMER
  +--> ?PR?CLOSEUART0?UART
  +--> ?PR?CLOSETIMER0INTERRUPT?TIMER

?PR?SELECTXINBIAO?UART                           -----    -----      -----    -----
  +--> ?PR?CLOSEUART0?UART
  +--> ?PR?OPENUART0?UART

?PR?TESTGPS?ANTENNA                              -----    -----      -----    -----
  +--> ?PR?READGPS?UART
  +--> ?PR?_DELAY?STATION
  +--> ?PR?_TIMETEST?STATION

?PR?READGPS?UART                                 -----    -----      -----    -----
  +--> ?PR?OPENTIMER0INTERRUPT?TIMER
  +--> ?PR?SELECTGPS?UART
  +--> ?PR?CLOSEUART0?UART
BL51 BANKED LINKER/LOCATER V6.22                                                      03/18/2016  16:14:09  PAGE 13


  +--> ?PR?CLOSETIMER0INTERRUPT?TIMER

?PR?SELECTGPS?UART                               -----    -----      -----    -----
  +--> ?PR?CLOSEUART0?UART
  +--> ?PR?OPENUART0?UART

?PR?WATCHWIRE?UART                               -----    -----      -----    -----
  +--> ?PR?_READEEPROM?RWEEPROM
  +--> ?PR?_WRITEEEPROM?RWEEPROM
  +--> ?PR?GETG8?UART
  +--> ?PR?INITWIRE?UART
  +--> ?PR?GETG8FLAG?UART
  +--> ?PR?_SETFLAG?UART

?PR?GETG8?UART                                   -----    -----      -----    -----
  +--> ?PR?INITWIRE?UART
  +--> ?PR?OPENTIMER0INTERRUPT?TIMER
  +--> ?PR?CLOSETIMER0INTERRUPT?TIMER
  +--> ?PR?_DELAY?STATION

?PR?INITWIRE?UART                                -----    -----      -----    -----
  +--> ?PR?CLOSEUART1?UART
  +--> ?PR?_TIMETEST?STATION
  +--> ?PR?_DELAY?STATION
  +--> ?PR?OPENUART1?UART

?PR?_SETFLAG?UART                                -----    -----      -----    -----
  +--> ?PR?_DELAY?STATION
  +--> ?PR?CLOSEUART1?UART

?PR?_GOTOPOLARANGLE?POLAR                        -----    -----      -----    -----
  +--> ?PR?_READEEPROM?RWEEPROM
  +--> ?PR?OPENTIMER0INTERRUPT?TIMER
  +--> ?PR?OPENTIMER2INTERRUPT?TIMER
  +--> ?PR?CLOSETIMER2INTERRUPT?TIMER
  +--> ?PR?CLOSETIMER0INTERRUPT?TIMER

?PR?_SETSHARPFREQ?SHARPRECEIVER                  -----    -----      -----    -----
  +--> ?PR?_DELAY?STATION
  +--> ?PR?_SETSHARPFREQ_SUB?SHARPRECEIVER

?PR?_SETSHARPFREQ_SUB?SHARPRECEIVER              -----    -----      -----    -----
  +--> ?PR?_INITIALIZE?SHARPRECEIVER
  +--> ?PR?_A2108_ITUNER_CALCULATELPF?ITUNER
  +--> ?PR?_CPU_HALT?SHARPRECEIVER
  +--> ?PR?_A2108_IBSP_DELAY_MS?IBSP
  +--> ?PR?_A2108_IDVBSXRX_LOCKCHANNEL?IDVBSXRX

?PR?_INITIALIZE?SHARPRECEIVER                    -----    -----      -----    -----
  +--> ?PR?_INITA2108CHIPOBJECT?AVL21081
  +--> ?CO?SHARPRECEIVER
  +--> ?PR?_A2108_IBASE_INITIALIZE?IBASE
  +--> ?PR?_A2108_IBSP_DELAY_MS?IBSP
  +--> ?PR?_A2108_IBASE_GETSTATUS?IBASE
  +--> ?PR?_A2108_IDVBSXRX_INITIALIZE?IDVBSXRX
  +--> ?PR?_A2108_IDVBSXRX_SETRFAGCPOLA?IDVB...
  +--> ?PR?_A2108_IDVBSXRX_SETMPEGMODE?IDVBSXRX
BL51 BANKED LINKER/LOCATER V6.22                                                      03/18/2016  16:14:09  PAGE 14


  +--> ?PR?_EXTSHARPBS2S7HZ6306_INITIALIZE?E...
  +--> ?PR?_EXTSHARPBS2S7HZ6306_LOCK?EXTSHAR...
  +--> ?PR?_EXTSHARPBS2S7HZ6306_GETLOCKSTATU...
  +--> ?PR?_A2108_IDISEQC_INITIALIZE?IDISEQC

?PR?_INITA2108CHIPOBJECT?AVL21081                -----    -----      -----    -----
  +--> ?PR?_A2108_IBSP_INITSEMAPHORE?IBSP
  +--> ?PR?A2108_II2C_INITIALIZE?II2C

?PR?_A2108_IBASE_INITIALIZE?IBASE                -----    -----      -----    -----
  +--> ?PR?_A2108_IBASE_SETPLL?IBASE
  +--> ?PR?_A2108_IBSP_DELAY_MS?IBSP
  +--> ?PR?_A2108_IBASE_DOWNLOADFIRMWARE?IBASE

?PR?_A2108_IBASE_SETPLL?IBASE                    -----    -----      -----    -----
  +--> ?PR?_A2108_II2C_WRITE32?II2C

?PR?_A2108_II2C_WRITE32?II2C                     -----    -----      -----    -----
  +--> ?PR?_CHUNKADDR?AVL
  +--> ?PR?_CHUNK32?AVL
  +--> ?PR?_A2108_II2C_WRITE?II2C

?PR?_A2108_II2C_WRITE?II2C                       -----    -----      -----    -----
  +--> ?PR?_A2108_IBSP_WAITSEMAPHORE?IBSP
  +--> ?PR?_CHUNKADDR?AVL
  +--> ?PR?_A2108_IBSP_I2CWRITE?IBSP
  +--> ?PR?_A2108_IBSP_I2CREAD?IBSP
  +--> ?PR?_A2108_IBSP_RELEASESEMAPHORE?IBSP

?PR?_A2108_IBSP_I2CWRITE?IBSP                    -----    -----      -----    -----
  +--> ?PR?START_I2C?IBSP
  +--> ?PR?_SENDBYTEACK?IBSP
  +--> ?PR?STOP_I2C?IBSP

?PR?START_I2C?IBSP                               -----    -----      -----    -----
  +--> ?PR?_A2108_IBSP_DELAY?IBSP

?PR?_SENDBYTEACK?IBSP                            -----    -----      -----    -----
  +--> ?PR?_A2108_IBSP_DELAY?IBSP
  +--> ?PR?ACKCHECK?IBSP

?PR?ACKCHECK?IBSP                                -----    -----      -----    -----
  +--> ?PR?_A2108_IBSP_DELAY?IBSP

?PR?STOP_I2C?IBSP                                -----    -----      -----    -----
  +--> ?PR?_A2108_IBSP_DELAY?IBSP

?PR?_A2108_IBSP_I2CREAD?IBSP                     -----    -----      -----    -----
  +--> ?PR?START_I2C?IBSP
  +--> ?PR?_SENDBYTEACK?IBSP
  +--> ?PR?_A2108_IBSP_DELAY?IBSP
  +--> ?PR?RCVBYTE?IBSP
  +--> ?PR?STOP_I2C?IBSP

?PR?RCVBYTE?IBSP                                 -----    -----      -----    -----
  +--> ?PR?_A2108_IBSP_DELAY?IBSP

BL51 BANKED LINKER/LOCATER V6.22                                                      03/18/2016  16:14:09  PAGE 15


?PR?_A2108_IBASE_DOWNLOADFIRMWARE?IBASE          -----    -----      -----    -----
  +--> ?PR?_A2108_II2C_WRITE32?II2C
  +--> ?PR?_DECHUNK32?AVL
  +--> ?PR?_A2108_II2C_WRITE?II2C
  +--> ?PR?_A2108_II2C_WRITE16?II2C

?PR?_A2108_II2C_WRITE16?II2C                     -----    -----      -----    -----
  +--> ?PR?_CHUNKADDR?AVL
  +--> ?PR?_CHUNK16?AVL
  +--> ?PR?_A2108_II2C_WRITE?II2C

?PR?_A2108_IBASE_GETSTATUS?IBASE                 -----    -----      -----    -----
  +--> ?PR?_A2108_II2C_READ32?II2C
  +--> ?PR?_A2108_II2C_READ16?II2C

?PR?_A2108_II2C_READ32?II2C                      -----    -----      -----    -----
  +--> ?PR?_A2108_II2C_READ?II2C
  +--> ?PR?_DECHUNK32?AVL

?PR?_A2108_II2C_READ?II2C                        -----    -----      -----    -----
  +--> ?PR?_A2108_IBSP_WAITSEMAPHORE?IBSP
  +--> ?PR?_CHUNKADDR?AVL
  +--> ?PR?_A2108_IBSP_I2CWRITE?IBSP
  +--> ?PR?_A2108_IBSP_I2CREAD?IBSP
  +--> ?PR?_A2108_IBSP_RELEASESEMAPHORE?IBSP

?PR?_A2108_II2C_READ16?II2C                      -----    -----      -----    -----
  +--> ?PR?_A2108_II2C_READ?II2C
  +--> ?PR?_DECHUNK16?AVL

?PR?_A2108_IDVBSXRX_INITIALIZE?IDVBSXRX          -----    -----      -----    -----
  +--> ?PR?_A2108_II2C_WRITE16?II2C
  +--> ?PR?_A2108_II2C_WRITE32?II2C

?PR?_A2108_IDVBSXRX_SETRFAGCPOLA?IDVB...         -----    -----      -----    -----
  +--> ?PR?_A2108_II2C_WRITE32?II2C

?PR?_A2108_IDVBSXRX_SETMPEGMODE?IDVBSXRX         -----    -----      -----    -----
  +--> ?PR?_A2108_II2C_WRITE32?II2C
  +--> ?PR?_A2108_II2C_WRITE16?II2C

?PR?_EXTSHARPBS2S7HZ6306_INITIALIZE?E...         -----    -----      -----    -----
  +--> ?PR?_A2108_II2C_WRITE16?II2C
  +--> ?PR?_A2108_II2CREPEATER_INITIALIZE?II...

?PR?_A2108_II2CREPEATER_INITIALIZE?II...         -----    -----      -----    -----
  +--> ?PR?_A2108_II2C_WRITE16?II2C
  +--> ?PR?_CHUNKADDR?AVL
  +--> ?PR?_A2108_II2CREPEATER_SENDOP?II2CRE...

?PR?_A2108_II2CREPEATER_SENDOP?II2CRE...         -----    -----      -----    -----
  +--> ?PR?_A2108_IBSP_WAITSEMAPHORE?IBSP
  +--> ?PR?_A2108_II2CREPEATER_GETOPSTATUS?I...
  +--> ?PR?_A2108_IBSP_DELAY?IBSP
  +--> ?PR?_A2108_II2C_WRITE?II2C
  +--> ?PR?_A2108_IBSP_RELEASESEMAPHORE?IBSP

BL51 BANKED LINKER/LOCATER V6.22                                                      03/18/2016  16:14:09  PAGE 16


?PR?_A2108_II2CREPEATER_GETOPSTATUS?I...         -----    -----      -----    -----
  +--> ?PR?_A2108_II2C_READ?II2C

?PR?_EXTSHARPBS2S7HZ6306_LOCK?EXTSHAR...         -----    -----      -----    -----
  +--> ?PR?_SHARPBS2S7HZ6306_SETFREQUENCY?EX...
  +--> ?PR?_SHARPBS2S7HZ6306_SETCHARGEPUMP?E...
  +--> ?PR?_SHARPBS2S7HZ6306_SETBBGAIN?EXTSH...
  +--> ?PR?_SHARPBS2S7HZ6306_COMMITSETTING?E...

?PR?_SHARPBS2S7HZ6306_COMMITSETTING?E...         -----    -----      -----    -----
  +--> ?PR?_A2108_II2CREPEATER_SENDDATA?II2C...
  +--> ?PR?_A2108_IBSP_DELAY_MS?IBSP
  +--> ?PR?_SHARPBS2S7HZ6306REGS_SETLPF?EXTS...

?PR?_A2108_II2CREPEATER_SENDDATA?II2C...         -----    -----      -----    -----
  +--> ?PR?_CHUNKADDR?AVL
  +--> ?PR?_A2108_II2CREPEATER_SENDOP?II2CRE...

?PR?_EXTSHARPBS2S7HZ6306_GETLOCKSTATU...         -----    -----      -----    -----
  +--> ?PR?_A2108_II2CREPEATER_READDATA?II2C...

?PR?_A2108_II2CREPEATER_READDATA?II2C...         -----    -----      -----    -----
  +--> ?PR?_A2108_IBSP_WAITSEMAPHORE?IBSP
  +--> ?PR?_CHUNKADDR?AVL
  +--> ?PR?_A2108_II2CREPEATER_SENDOP?II2CRE...
  +--> ?PR?_A2108_II2CREPEATER_GETOPSTATUS?I...
  +--> ?PR?_A2108_IBSP_RELEASESEMAPHORE?IBSP
  +--> ?PR?_A2108_IBSP_DELAY_MS?IBSP
  +--> ?PR?_A2108_II2C_READ?II2C

?PR?_A2108_IDISEQC_INITIALIZE?IDISEQC            -----    -----      -----    -----
  +--> ?PR?_A2108_II2C_WRITE32?II2C
  +--> ?PR?_A2108_II2C_READ32?II2C

?PR?_CPU_HALT?SHARPRECEIVER                      -----    -----      -----    -----
  +--> ?PR?_A2108_IBASE_SENDRXOP?IBASE
  +--> ?PR?_A2108_IBASE_GETRXOPSTATUS?IBASE
  +--> ?PR?_A2108_IBSP_DELAY_MS?IBSP

?PR?_A2108_IBASE_SENDRXOP?IBASE                  -----    -----      -----    -----
  +--> ?PR?_A2108_IBSP_WAITSEMAPHORE?IBSP
  +--> ?PR?_A2108_IBASE_GETRXOPSTATUS?IBASE
  +--> ?PR?_DECHUNK16?AVL
  +--> ?PR?_A2108_II2C_WRITE16?II2C
  +--> ?PR?_A2108_IBSP_RELEASESEMAPHORE?IBSP

?PR?_A2108_IBASE_GETRXOPSTATUS?IBASE             -----    -----      -----    -----
  +--> ?PR?_A2108_II2C_READ?II2C

?PR?_A2108_IDVBSXRX_LOCKCHANNEL?IDVBSXRX         -----    -----      -----    -----
  +--> ?PR?_A2108_IBASE_GETFUNCTIONALMODE?IBASE
  +--> ?PR?_A2108_II2C_WRITE16?II2C
  +--> ?PR?_A2108_IDVBSXRX_SETFREQSWEEPRANGE...
  +--> ?PR?_A2108_II2C_WRITE32?II2C
  +--> ?PR?_A2108_IBASE_SENDRXOP?IBASE

?PR?_A2108_IBASE_GETFUNCTIONALMODE?IBASE         -----    -----      -----    -----
BL51 BANKED LINKER/LOCATER V6.22                                                      03/18/2016  16:14:09  PAGE 17


  +--> ?PR?_A2108_II2C_READ16?II2C

?PR?_A2108_IDVBSXRX_SETFREQSWEEPRANGE...         -----    -----      -----    -----
  +--> ?PR?_A2108_II2C_WRITE16?II2C

?PR?GETPARA?ANTENNA                              -----    -----      -----    -----
  +--> ?PR?_READEEPROM?RWEEPROM

?PR?GETBASESTARPARA?ANTENNA                      -----    -----      -----    -----
  +--> ?PR?_READEEPROM?RWEEPROM

?PR?TESTSELF?ANTENNA                             -----    -----      -----    -----
  +--> ?PR?READGRADIENT?UART
  +--> ?PR?GETCOMPOLA?ADC
  +--> ?PR?GETXINBIAOVER?UART
  +--> ?PR?GETAGC?ADC
  +--> ?PR?_SETSHARPFREQ1?SHARPRECEIVER
  +--> ?PR?_SETXINBIAOFREQKC?UART
  +--> ?PR?READGPS?UART

?PR?GETXINBIAOVER?UART                           -----    -----      -----    -----
  +--> ?PR?SELECTXINBIAO?UART
  +--> ?PR?_DELAY?STATION
  +--> ?PR?OPENTIMER0INTERRUPT?TIMER
  +--> ?PR?CLOSEUART0?UART
  +--> ?PR?CLOSETIMER0INTERRUPT?TIMER

?PR?GETAGC?ADC                                   -----    -----      -----    -----
  +--> ?PR?GETKCAGC?UART
  +--> ?PR?GETSHARPAGC?ADC

?PR?GETKCAGC?UART                                -----    -----      -----    -----
  +--> ?PR?OPENTIMER0INTERRUPT?TIMER
  +--> ?PR?SELECTXINBIAO?UART
  +--> ?PR?CLOSEUART0?UART
  +--> ?PR?CLOSETIMER0INTERRUPT?TIMER

?PR?_SETSHARPFREQ1?SHARPRECEIVER                 -----    -----      -----    -----
  +--> ?PR?_SETSHARPFREQ1_SUB?SHARPRECEIVER
  +--> ?PR?_DELAY?STATION

?PR?_SETSHARPFREQ1_SUB?SHARPRECEIVER             -----    -----      -----    -----
  +--> ?PR?_A2108_II2C_READ32?II2C
  +--> ?PR?_A2108_ITUNER_CALCULATELPF?ITUNER
  +--> ?PR?_CPU_HALT?SHARPRECEIVER
  +--> ?PR?_A2108_IBSP_DELAY_MS?IBSP
  +--> ?PR?_A2108_IDVBSXRX_LOCKCHANNEL?IDVBSXRX

?PR?WATCH?PROTCOL                                -----    -----      -----    -----
  +--> ?PR?GETT?ADC
  +--> ?PR?_READEEPROM?RWEEPROM
  +--> ?PR?_MOTORFUN?TIMER
  +--> ?PR?WATCHWIRE?UART
  +--> ?PR?_DELAY?STATION
  +--> ?PR?OPENTIMER0INTERRUPT?TIMER
  +--> ?PR?CLOSETIMER0INTERRUPT?TIMER
  +--> ?PR?RESET?PROTCOL
BL51 BANKED LINKER/LOCATER V6.22                                                      03/18/2016  16:14:09  PAGE 18


  +--> ?PR?RETFLAG2?PROTCOL
  +--> ?PR?RETFLAG1?PROTCOL
  +--> ?PR?RETURNSTA?PROTCOL
  +--> ?PR?RETURNSET?PROTCOL
  +--> ?PR?RETURNSTATIONSTATUS?PROTCOL
  +--> ?PR?_TIMETEST?STATION
  +--> ?PR?SETSTALONGPLO?PROTCOL
  +--> ?PR?CHANGEXINBIAOFREQ?PROTCOL
  +--> ?PR?SETTHRESHOLD?PROTCOL
  +--> ?PR?_ADDEL?PROTCOL
  +--> ?PR?_DELEL?PROTCOL
  +--> ?PR?GOTOEL?PROTCOL
  +--> ?PR?_ADDAZ?PROTCOL
  +--> ?PR?_DELAZ?PROTCOL
  +--> ?PR?GOTOAZ?PROTCOL
  +--> ?PR?_ADDPLO?PROTCOL
  +--> ?PR?_DELPLO?PROTCOL
  +--> ?PR?GOTOPOLAR?PROTCOL
  +--> ?PR?SETPLORIGHT?PROTCOL
  +--> ?PR?SETAZRIGHT?PROTCOL
  +--> ?PR?SETELRIGHT?PROTCOL
  +--> ?PR?DLRIGHT?PROTCOL
  +--> ?PR?DRRIGHT?PROTCOL
  +--> ?PR?DURIGHT?PROTCOL
  +--> ?PR?DSRIGHT?PROTCOL
  +--> ?PR?DAZARIGHT?PROTCOL
  +--> ?PR?DAZBRIGHT?PROTCOL
  +--> ?PR?READGPS?UART
  +--> ?PR?RETURNWARNING?PROTCOL
  +--> ?PR?SETAUTOMODE?PROTCOL
  +--> ?PR?SETMANULMODE?PROTCOL
  +--> ?PR?SETSTATIONLONGLAT?PROTCOL
  +--> ?PR?STOREDATA?PROTCOL
  +--> ?PR?RETURNSTORESUCCESS?PROTCOL
  +--> ?PR?RETURNGPS?PROTCOL
  +--> ?PR?SETRECKIND?PROTCOL
  +--> ?PR?RETBASESTARDATA?PROTCOL
  +--> ?PR?RETYORN?PROTCOL
  +--> ?PR?TOTRETURN?PROTCOL
  +--> ?PR?_TESTSTOR?TIMER
  +--> ?PR?UART1TX?UART

?PR?RETFLAG2?PROTCOL                             -----    -----      -----    -----
  +--> ?PR?UART1TX?UART

?PR?UART1TX?UART                                 -----    -----      -----    -----
  +--> ?PR?OPENUART1?UART

?PR?RETFLAG1?PROTCOL                             -----    -----      -----    -----
  +--> ?PR?UART1TX?UART

?PR?RETURNSTA?PROTCOL                            -----    -----      -----    -----
  +--> ?PR?SETAUTOMODE?PROTCOL
  +--> ?PR?RETURNRECKIND?PROTCOL
  +--> ?PR?RETURNAZEL?PROTCOL
  +--> ?PR?RETURNAGCPLOAR?PROTCOL
  +--> ?PR?RETURNSATLONGPLOARVET?PROTCOL
BL51 BANKED LINKER/LOCATER V6.22                                                      03/18/2016  16:14:09  PAGE 19


  +--> ?PR?RETURNRECFREQ?PROTCOL
  +--> ?PR?RETURNSTALONG?PROTCOL
  +--> ?PR?RETURNSTALATITUDE?PROTCOL
  +--> ?PR?RETURNXINBIAOAGCTHRESHOLD?PROTCOL
  +--> ?PR?SENDSEARCHING?PROTCOL
  +--> ?PR?SENDTACKING?PROTCOL
  +--> ?PR?_RETURNBITS?PROTCOL

?PR?RETURNAZEL?PROTCOL                           -----    -----      -----    -----
  +--> ?PR?_ITOA?STATION
  +--> ?PR?ELRANGE?PROTCOL

?PR?ELRANGE?PROTCOL                              -----    -----      -----    -----
  +--> ?PR?_ITOA?STATION

?PR?RETURNAGCPLOAR?PROTCOL                       -----    -----      -----    -----
  +--> ?PR?GETAGC?ADC
  +--> ?PR?_ITOA?STATION
  +--> ?PR?GETCOMPOLA?ADC
  +--> ?PR?_FABS?FABS

?PR?RETURNSATLONGPLOARVET?PROTCOL                -----    -----      -----    -----
  +--> ?PR?_ITOA?STATION

?PR?RETURNRECFREQ?PROTCOL                        -----    -----      -----    -----
  +--> ?PR?_MODF?MODF
  +--> ?PR?_ITOA?STATION

?PR?_MODF?MODF                                   -----    -----      080CH    000BH

?PR?RETURNSTALONG?PROTCOL                        -----    -----      -----    -----
  +--> ?PR?_ITOA?STATION

?PR?RETURNSTALATITUDE?PROTCOL                    -----    -----      -----    -----
  +--> ?PR?_ITOA?STATION

?PR?RETURNXINBIAOAGCTHRESHOLD?PROTCOL            -----    -----      -----    -----
  +--> ?PR?_ITOA?STATION

?PR?_RETURNBITS?PROTCOL                          -----    -----      -----    -----
  +--> ?PR?_DELAY?STATION
  +--> ?PR?UART1TX?UART

?PR?RETURNSET?PROTCOL                            -----    -----      -----    -----
  +--> ?PR?RETURNENBASESTAR?PROTCOL
  +--> ?PR?RETURNSATLONGPLOARVET?PROTCOL
  +--> ?PR?RETURNRECFREQ?PROTCOL
  +--> ?PR?RETURNSTALONG?PROTCOL
  +--> ?PR?RETURNSTALATITUDE?PROTCOL
  +--> ?PR?RETURNXINBIAOAGCTHRESHOLD?PROTCOL
  +--> ?PR?RETURNRECKIND?PROTCOL
  +--> ?PR?ELRANGE?PROTCOL
  +--> ?PR?_RETURNBITS?PROTCOL
  +--> ?PR?SENDRELEASE?PROTCOL

?PR?RETURNSTATIONSTATUS?PROTCOL                  -----    -----      -----    -----
  +--> ?PR?SENDRELEASE?PROTCOL
BL51 BANKED LINKER/LOCATER V6.22                                                      03/18/2016  16:14:09  PAGE 20


  +--> ?PR?_DELAY?STATION
  +--> ?PR?UART1TX?UART

?PR?SETSTALONGPLO?PROTCOL                        -----    -----      -----    -----
  +--> ?PR?_WRITEEEPROM?RWEEPROM

?PR?_ADDEL?PROTCOL                               -----    -----      -----    -----
  +--> ?PR?_MOTORCTRL?TIMER
  +--> ?PR?RETURNAGCPLOAR?PROTCOL
  +--> ?PR?RETURNAZEL?PROTCOL
  +--> ?PR?UART1TX?UART

?PR?_DELEL?PROTCOL                               -----    -----      -----    -----
  +--> ?PR?_MOTORCTRL?TIMER
  +--> ?PR?RETURNAGCPLOAR?PROTCOL
  +--> ?PR?RETURNAZEL?PROTCOL
  +--> ?PR?UART1TX?UART

?PR?GOTOEL?PROTCOL                               -----    -----      -----    -----
  +--> ?PR?_MOTORCTRL?TIMER
  +--> ?PR?RETURNAGCPLOAR?PROTCOL
  +--> ?PR?RETURNAZEL?PROTCOL
  +--> ?PR?UART1TX?UART

?PR?_ADDAZ?PROTCOL                               -----    -----      -----    -----
  +--> ?PR?_MOTORCTRL?TIMER
  +--> ?PR?RETURNAGCPLOAR?PROTCOL
  +--> ?PR?RETURNAZEL?PROTCOL
  +--> ?PR?UART1TX?UART

?PR?_DELAZ?PROTCOL                               -----    -----      -----    -----
  +--> ?PR?_MOTORCTRL?TIMER
  +--> ?PR?RETURNAGCPLOAR?PROTCOL
  +--> ?PR?RETURNAZEL?PROTCOL
  +--> ?PR?UART1TX?UART

?PR?GOTOAZ?PROTCOL                               -----    -----      -----    -----
  +--> ?PR?_MOTORCTRL?TIMER
  +--> ?PR?RETURNAGCPLOAR?PROTCOL
  +--> ?PR?RETURNAZEL?PROTCOL
  +--> ?PR?UART1TX?UART

?PR?_ADDPLO?PROTCOL                              -----    -----      -----    -----
  +--> ?PR?GETCOMPOLA?ADC
  +--> ?PR?_GOTOPOLARANGLE?POLAR
  +--> ?PR?RETURNAGCPLOAR?PROTCOL
  +--> ?PR?UART1TX?UART

?PR?_DELPLO?PROTCOL                              -----    -----      -----    -----
  +--> ?PR?GETCOMPOLA?ADC
  +--> ?PR?_GOTOPOLARANGLE?POLAR
  +--> ?PR?RETURNAGCPLOAR?PROTCOL
  +--> ?PR?UART1TX?UART

?PR?GOTOPOLAR?PROTCOL                            -----    -----      -----    -----
  +--> ?PR?GETCOMPOLA?ADC
  +--> ?PR?_GOTOPOLARANGLE?POLAR
BL51 BANKED LINKER/LOCATER V6.22                                                      03/18/2016  16:14:09  PAGE 21


  +--> ?PR?RETURNAGCPLOAR?PROTCOL
  +--> ?PR?UART1TX?UART

?PR?SETPLORIGHT?PROTCOL                          -----    -----      -----    -----
  +--> ?PR?GETCOMPOLA?ADC
  +--> ?PR?_READEEPROM?RWEEPROM
  +--> ?PR?_WRITEEEPROM?RWEEPROM
  +--> ?PR?RETURNAZEL?PROTCOL
  +--> ?PR?RETURNAGCPLOAR?PROTCOL
  +--> ?PR?UART1TX?UART

?PR?SETAZRIGHT?PROTCOL                           -----    -----      -----    -----
  +--> ?PR?_READEEPROM?RWEEPROM
  +--> ?PR?_WRITEEEPROM?RWEEPROM
  +--> ?PR?RETURNAZEL?PROTCOL
  +--> ?PR?RETURNAGCPLOAR?PROTCOL
  +--> ?PR?UART1TX?UART

?PR?SETELRIGHT?PROTCOL                           -----    -----      -----    -----
  +--> ?PR?_READEEPROM?RWEEPROM
  +--> ?PR?_WRITEEEPROM?RWEEPROM
  +--> ?PR?RETURNAZEL?PROTCOL
  +--> ?PR?RETURNAGCPLOAR?PROTCOL
  +--> ?PR?UART1TX?UART

?PR?DLRIGHT?PROTCOL                              -----    -----      -----    -----
  +--> ?PR?_WRITEEEPROM?RWEEPROM

?PR?DRRIGHT?PROTCOL                              -----    -----      -----    -----
  +--> ?PR?_WRITEEEPROM?RWEEPROM

?PR?DURIGHT?PROTCOL                              -----    -----      -----    -----
  +--> ?PR?_WRITEEEPROM?RWEEPROM

?PR?DSRIGHT?PROTCOL                              -----    -----      -----    -----
  +--> ?PR?_WRITEEEPROM?RWEEPROM

?PR?DAZARIGHT?PROTCOL                            -----    -----      -----    -----
  +--> ?PR?_WRITEEEPROM?RWEEPROM

?PR?DAZBRIGHT?PROTCOL                            -----    -----      -----    -----
  +--> ?PR?_WRITEEEPROM?RWEEPROM

?PR?RETURNWARNING?PROTCOL                        -----    -----      -----    -----
  +--> ?PR?SENDWARNING?PROTCOL

?PR?SENDWARNING?PROTCOL                          -----    -----      -----    -----
  +--> ?PR?UART1TX?UART

?PR?SETMANULMODE?PROTCOL                         -----    -----      -----    -----
  +--> ?PR?RETURNAZEL?PROTCOL
  +--> ?PR?RETURNAGCPLOAR?PROTCOL
  +--> ?PR?RETURNCAL?PROTCOL
  +--> ?PR?SENDRELEASE?PROTCOL

?PR?RETURNCAL?PROTCOL                            -----    -----      -----    -----
  +--> ?PR?_FINDANT?STATION
BL51 BANKED LINKER/LOCATER V6.22                                                      03/18/2016  16:14:09  PAGE 22


  +--> ?PR?_ITOA?STATION

?PR?_FINDANT?STATION                             -----    -----      -----    -----
  +--> ?PR?_FABS?FABS
  +--> ?PR?SIN?SIN
  +--> ?PR?ATAN?ATAN
  +--> ?PR?_POW?POW
  +--> ?PR?SQRT?SQRT

?PR?SIN?SIN                                      0020H.0  0000H.1    080CH    0004H

?PR?ATAN?ATAN                                    0020H.0  0000H.2    080CH    0004H

?PR?_POW?POW                                     -----    -----      080CH    000AH
  +--> ?PR?LOG?LOG
  +--> ?PR?EXP?EXP

?PR?LOG?LOG                                      0020H.0  0000H.1    0816H    0004H

?PR?SQRT?SQRT                                    -----    -----      080CH    0004H

?PR?SETSTATIONLONGLAT?PROTCOL                    -----    -----      -----    -----
  +--> ?PR?RETURNAGCPLOAR?PROTCOL
  +--> ?PR?RETURNAZEL?PROTCOL

?PR?STOREDATA?PROTCOL                            -----    -----      -----    -----
  +--> ?PR?_WRITEEEPROM?RWEEPROM
  +--> ?PR?_DELAY?STATION

?PR?RETURNSTORESUCCESS?PROTCOL                   -----    -----      -----    -----
  +--> ?PR?UART1TX?UART

?PR?RETURNGPS?PROTCOL                            -----    -----      -----    -----
  +--> ?PR?_ITOA?STATION

?PR?RETBASESTARDATA?PROTCOL                      -----    -----      -----    -----
  +--> ?PR?RETURNSATLONGPLOARVET?PROTCOL
  +--> ?PR?_MODF?MODF
  +--> ?PR?_ITOA?STATION
  +--> ?PR?_RETURNBITS?PROTCOL

?PR?RETYORN?PROTCOL                              -----    -----      -----    -----
  +--> ?PR?_TIMETEST?STATION
  +--> ?PR?_STORBSARR?PROTCOL
  +--> ?PR?UART1TX?UART

?PR?_STORBSARR?PROTCOL                           -----    -----      -----    -----
  +--> ?PR?_WRITEEEPROM?RWEEPROM

?PR?TOTRETURN?PROTCOL                            -----    -----      -----    -----
  +--> ?PR?_READEEPROM?RWEEPROM
  +--> ?PR?_ITOA?STATION
  +--> ?PR?UART1TX?UART

?PR?_TESTSTOR?TIMER                              -----    -----      -----    -----
  +--> ?PR?_READEEPROM?RWEEPROM
  +--> ?PR?GETAZS2?TIMER
BL51 BANKED LINKER/LOCATER V6.22                                                      03/18/2016  16:14:09  PAGE 23


  +--> ?PR?_MOTORCTRL?TIMER
  +--> ?PR?_TIMETEST?STATION
  +--> ?PR?GOAM?TIMER
  +--> ?PR?_GOTOPOLARANGLE?POLAR
  +--> ?PR?GETELS1?TIMER
  +--> ?PR?OPENTIMER0INTERRUPT?TIMER
  +--> ?PR?CLOSETIMER0INTERRUPT?TIMER

?PR?GOAM?TIMER                                   -----    -----      -----    -----
  +--> ?PR?_TIMETEST?STATION
  +--> ?PR?GETAZS2?TIMER
  +--> ?PR?_MOTORFUN?TIMER
  +--> ?PR?_DELAY?STATION
  +--> ?PR?_MOTORCTRL?TIMER
  +--> ?PR?_WRITEEEPROM?RWEEPROM

?PR?AZLIMITTEST?TIMER                            -----    -----      -----    -----
  +--> ?PR?_DELAY?STATION
  +--> ?PR?_TIMETEST?STATION
  +--> ?PR?GETAZS2?TIMER
  +--> ?PR?_MOTORCTRL?TIMER

?PR?GOTOAZMID?TIMER                              -----    -----      -----    -----
  +--> ?PR?GOTOAZMIDL?TIMER
  +--> ?PR?GOTOAZMIDR?TIMER
  +--> ?PR?GOTOAZMIDM?TIMER

?PR?GOTOAZMIDL?TIMER                             -----    -----      -----    -----
  +--> ?PR?_TIMETEST?STATION
  +--> ?PR?GETAZS2?TIMER
  +--> ?PR?_MOTORFUN?TIMER
  +--> ?PR?_DELAY?STATION
  +--> ?PR?WATCH?PROTCOL
  +--> ?PR?_MOTORCTRL?TIMER

?PR?GOTOAZMIDR?TIMER                             -----    -----      -----    -----
  +--> ?PR?_TIMETEST?STATION
  +--> ?PR?GETAZS2?TIMER
  +--> ?PR?_MOTORFUN?TIMER
  +--> ?PR?_DELAY?STATION
  +--> ?PR?WATCH?PROTCOL
  +--> ?PR?_MOTORCTRL?TIMER

?PR?GOTOAZMIDM?TIMER                             -----    -----      -----    -----
  +--> ?PR?_TIMETEST?STATION
  +--> ?PR?GETAZS2?TIMER
  +--> ?PR?_MOTORFUN?TIMER
  +--> ?PR?_DELAY?STATION
  +--> ?PR?WATCH?PROTCOL
  +--> ?PR?_MOTORCTRL?TIMER
  +--> ?PR?_WRITEEEPROM?RWEEPROM

?PR?SETBIANBAN?ANTENNA                           -----    -----      -----    -----
  +--> ?PR?OPENTIMER0INTERRUPT?TIMER
  +--> ?PR?_DELAY?STATION
  +--> ?PR?SENDKJ?PROTCOL
  +--> ?PR?WATCH?PROTCOL
BL51 BANKED LINKER/LOCATER V6.22                                                      03/18/2016  16:14:09  PAGE 24


  +--> ?PR?CLOSETIMER0INTERRUPT?TIMER

?PR?SENDKJ?PROTCOL                               -----    -----      -----    -----
  +--> ?PR?UART1TX?UART

?PR?ANTENNAREADYSEARCH?ANTENNA                   -----    -----      -----    -----
  +--> ?PR?TESTSELF?ANTENNA
  +--> ?PR?GETPARAEN?ANTENNA
  +--> ?PR?_FINDANT?STATION
  +--> ?PR?_GOTOPOLARANGLE?POLAR
  +--> ?PR?_SETXINBIAOFREQKC?UART
  +--> ?PR?_SETSHARPFREQ1?SHARPRECEIVER
  +--> ?PR?_TIMETEST?STATION
  +--> ?PR?READGRADIENT?UART
  +--> ?PR?GETELS1?TIMER
  +--> ?PR?_MOTORFUN?TIMER
  +--> ?PR?WATCH?PROTCOL
  +--> ?PR?GETAGC?ADC
  +--> ?PR?GETAZS2?TIMER
  +--> ?PR?RETURNSET?PROTCOL
  +--> ?PR?RETURNRESETSUCCESS?PROTCOL

?PR?GETPARAEN?ANTENNA                            -----    -----      -----    -----
  +--> ?PR?PARAPROTECT?ANTENNA
  +--> ?PR?STORSRCPARA?ANTENNA
  +--> ?PR?TESTBASESTARPARA?ANTENNA

?PR?STORSRCPARA?ANTENNA                          -----    -----      -----    -----
  +--> ?PR?_TIMETEST?STATION
  +--> ?PR?_WRITEEEPROM?RWEEPROM

?PR?RETURNRESETSUCCESS?PROTCOL                   -----    -----      -----    -----
  +--> ?PR?UART1TX?UART

?PR?ANTENNATIMESEARCH?ANTENNA                    -----    -----      -----    -----
  +--> ?PR?_FABS?FABS
  +--> ?PR?READGRADIENT?UART
  +--> ?PR?_MOTORCTRL?TIMER
  +--> ?PR?_MOTORFUN?TIMER
  +--> ?PR?GETAZS1?TIMER
  +--> ?PR?GETAGC?ADC
  +--> ?PR?_DELAY?STATION
  +--> ?PR?_A2108_IDVBSXRX_GETLOCKSTATUS?IDV...
  +--> ?PR?ANTENNATRACKING?ANTENNA
  +--> ?PR?GETXINBIAOVORX?UART
  +--> ?PR?WATCH?PROTCOL
  +--> ?PR?_TIMETEST?STATION

?PR?GETAZS1?TIMER                                -----    -----      -----    -----
  +--> ?PR?_READEEPROM?RWEEPROM

?PR?_A2108_IDVBSXRX_GETLOCKSTATUS?IDV...         -----    -----      -----    -----
  +--> ?PR?_A2108_II2C_READ16?II2C

?PR?ANTENNATRACKING?ANTENNA                      -----    -----      -----    -----
  +--> ?PR?GETAGC?ADC
  +--> ?PR?_MOTORCTRL?TIMER
BL51 BANKED LINKER/LOCATER V6.22                                                      03/18/2016  16:14:09  PAGE 25


  +--> ?PR?_TACKINGUPDOWNRIGHTLEFT?ANTENNA
  +--> ?PR?GOTOOBJSTAR?ANTENNA
  +--> ?PR?TRACKINGSUCCEED?ANTENNA
  +--> ?PR?WATCH?PROTCOL

?PR?_TACKINGUPDOWNRIGHTLEFT?ANTENNA              -----    -----      -----    -----
  +--> ?PR?_MOTORCTRL?TIMER
  +--> ?PR?GETAGC?ADC
  +--> ?PR?WATCH?PROTCOL
  +--> ?PR?_DELAY?STATION

?PR?GOTOOBJSTAR?ANTENNA                          -----    -----      -----    -----
  +--> ?PR?_FINDANT?STATION
  +--> ?PR?_GOTOPOLARANGLE?POLAR
  +--> ?PR?_SETXINBIAOFREQKC?UART
  +--> ?PR?_SETSHARPFREQ1?SHARPRECEIVER
  +--> ?PR?GETAGC?ADC
  +--> ?PR?_MOTORCTRL?TIMER
  +--> ?PR?GETELS1?TIMER
  +--> ?PR?_MOTORFUN?TIMER
  +--> ?PR?READGRADIENT?UART
  +--> ?PR?WATCH?PROTCOL
  +--> ?PR?_TACKINGUPDOWNRIGHTLEFT?ANTENNA

?PR?TRACKINGSUCCEED?ANTENNA                      -----    -----      -----    -----
  +--> ?PR?_DELAY?STATION
  +--> ?PR?WATCH?PROTCOL
  +--> ?PR?GETAGC?ADC

?PR?GETXINBIAOVORX?UART                          -----    -----      -----    -----
  +--> ?PR?SELECTXINBIAO?UART
  +--> ?PR?_DELAY?STATION
  +--> ?PR?OPENTIMER0INTERRUPT?TIMER
  +--> ?PR?CLOSEUART0?UART
  +--> ?PR?CLOSETIMER0INTERRUPT?TIMER

?PR?ANTENNAMANUAL?ANTENNA                        -----    -----      -----    -----
  +--> ?PR?_DELAY?STATION
  +--> ?PR?WATCH?PROTCOL
  +--> ?PR?GETAGC?ADC

?PR?ANTENNASTORE?ANTENNA                         -----    -----      -----    -----
  +--> ?PR?GETELS1?TIMER
  +--> ?PR?_MOTORCTRL?TIMER
  +--> ?PR?_TIMETEST?STATION
  +--> ?PR?GOAM?TIMER
  +--> ?PR?GETAZS2?TIMER
  +--> ?PR?OPENTIMER0INTERRUPT?TIMER
  +--> ?PR?_DELAY?STATION
  +--> ?PR?SENDSJ?PROTCOL
  +--> ?PR?WATCH?PROTCOL
  +--> ?PR?CLOSETIMER0INTERRUPT?TIMER
  +--> ?PR?_READEEPROM?RWEEPROM
  +--> ?PR?READGRADIENT?UART
  +--> ?PR?_WRITEEEPROM?RWEEPROM

?PR?SENDSJ?PROTCOL                               -----    -----      -----    -----
BL51 BANKED LINKER/LOCATER V6.22                                                      03/18/2016  16:14:09  PAGE 26


  +--> ?PR?UART1TX?UART

*** NEW ROOT ***************************************************

?PR?TIMER2INTERRUPT?TIMER                        -----    -----      -----    -----
  +--> ?PR?GETPOLARANGLE?ADC
  +--> ?PR?_FABS?FABS
  +--> ?PR?CLOSETIMER2INTERRUPT?TIMER

*** NEW ROOT ***************************************************

?PR?UART1INTERRUPT?UART                          -----    -----      -----    -----
  +--> ?PR?_DELAY?STATION



INTERBANK CALL TABLE OF MODULE:  dvb7700 (?BANK?SWITCHING)

ADDRESS    FUNCTION NAME
------------------------
 4944H     ANTENNAINIT
 4949H     ANTENNAREADYSEARCH
 494EH     ANTENNATIMESEARCH
 4953H     ANTENNATRACKING
 4958H     ANTENNAMANUAL
 495DH     ANTENNASTORE
 4962H     _TIMETEST
 4967H     _DELAY
 496CH     WATCH
 4971H     _WRITEEEPROM
 4976H     _READEEPROM
 497BH     _GOTOPOLARANGLE
 4980H     GETPOLARANGLE
 4985H     SENDKJ
 498AH     GETCOMPOLA
 498FH     GETAGC
 4994H     _SETSHARPFREQ1
 4999H     _SETSHARPFREQ
 499EH     _FINDANT
 49A3H     RETURNSET
 49A8H     RETURNRESETSUCCESS
 49ADH     _A2108_IDVBSXRX_GETLOCKSTATUS
 49B2H     SENDSJ
 49B7H     MAIN



SYMBOL TABLE OF MODULE:  dvb7700 (?BANK?SWITCHING)

  VALUE           TYPE          NAME
  ----------------------------------

  -------         MODULE        ?BANK?SWITCHING
  C:53ADH         SEGMENT       ?BANK?SELECT
  D:0010H         SEGMENT       ?BANK?DATA
  C:4900H         SEGMENT       ?BANK?SWITCH
  C:4900H         PUBLIC        ?B_BANK0
BL51 BANKED LINKER/LOCATER V6.22                                                      03/18/2016  16:14:09  PAGE 27


  C:4911H         PUBLIC        ?B_BANK1
  C:4922H         PUBLIC        ?B_BANK2
  C:4933H         PUBLIC        ?B_BANK3
  D:0010H         PUBLIC        ?B_CURRENTBANK
  N:0000H         PUBLIC        ?B_FACTOR
  N:0003H         PUBLIC        ?B_MASK
  N:0004H         PUBLIC        ?B_MODE
  N:0004H         PUBLIC        ?B_NBANKS
  N:00FFH         PUBLIC        ?B_RST_BANK
  C:490AH         PUBLIC        ?B_SWITCH0
  C:491BH         PUBLIC        ?B_SWITCH1
  C:492CH         PUBLIC        ?B_SWITCH2
  C:493DH         PUBLIC        ?B_SWITCH3
  C:53ADH         PUBLIC        _SWITCHBANK
  N:0000H         SYMBOL        ?BANK?SWITCHING
  N:0000H         SYMBOL        ?B_FIRSTBIT
  N:0000H         SYMBOL        ?B_RTX
  N:0000H         SYMBOL        ?B_VAR_BANKING
  D:00E0H         SYMBOL        ACC
  D:00F0H         SYMBOL        B
  N:0044H         SYMBOL        B_SWITCH_SIZE
  C:4900H         SYMBOL        B_SWITCH_START
  N:0004H         SYMBOL        CNT
  D:0083H         SYMBOL        DPH
  D:0082H         SYMBOL        DPL
  B:00A8H.7       SYMBOL        EA
  D:00A8H         SYMBOL        IE
  N:0003H         SYMBOL        MASK
  D:00B1H         SYMBOL        PSBANK
  C:53B5H         SYMBOL        SWITCH_TAB
  C:53AEH         SYMBOL        _SWITCHBANK_A
  -------         ENDMOD        ?BANK?SWITCHING

  -------         MODULE        ?C_STARTUP
  C:4E2BH         SEGMENT       ?C_C51STARTUP
  I:004EH         SEGMENT       ?STACK
  C:0000H         PUBLIC        ?C_STARTUP
  D:00E0H         SYMBOL        ACC
  D:00F0H         SYMBOL        B
  D:0083H         SYMBOL        DPH
  D:0082H         SYMBOL        DPL
  N:0000H         SYMBOL        IBPSTACK
  N:0100H         SYMBOL        IBPSTACKTOP
  N:0080H         SYMBOL        IDATALEN
  C:4E2EH         SYMBOL        IDATALOOP
  N:0000H         SYMBOL        PBPSTACK
  N:0100H         SYMBOL        PBPSTACKTOP
  N:0000H         SYMBOL        PDATALEN
  N:0000H         SYMBOL        PDATASTART
  N:0000H         SYMBOL        PPAGE
  N:0000H         SYMBOL        PPAGEENABLE
  D:00A0H         SYMBOL        PPAGE_SFR
  D:0081H         SYMBOL        SP
  C:4E2BH         SYMBOL        STARTUP1
  N:0000H         SYMBOL        XBPSTACK
  N:0000H         SYMBOL        XBPSTACKTOP
  N:0000H         SYMBOL        XDATALEN
BL51 BANKED LINKER/LOCATER V6.22                                                      03/18/2016  16:14:09  PAGE 28


  N:0000H         SYMBOL        XDATASTART
  C:0000H         LINE#         126
  C:4E2BH         LINE#         133
  C:4E2DH         LINE#         134
  C:4E2EH         LINE#         135
  C:4E2FH         LINE#         136
  C:4E31H         LINE#         185
  C:4E34H         LINE#         196
  -------         ENDMOD        ?C_STARTUP

  -------         MODULE        CPUINIT
  C:0000H         SYMBOL        _ICE_DUMMY_
  D:0080H         PUBLIC        P0
  D:00FFH         PUBLIC        WDTCN
  D:00A0H         PUBLIC        P2
  B:00A8H.7       PUBLIC        EA
  D:00E8H         PUBLIC        ADC0CN
  D:0084H         PUBLIC        SFRPAGE
  D:00A4H         PUBLIC        P0MDOUT
  D:00E8H         PUBLIC        ADC2CN
  D:00A5H         PUBLIC        P1MDOUT
  D:00A8H         PUBLIC        IE
  D:00A6H         PUBLIC        P2MDOUT
  D:00A7H         PUBLIC        P3MDOUT
  D:009CH         PUBLIC        P4MDOUT
  D:009DH         PUBLIC        P5MDOUT
  D:009EH         PUBLIC        P6MDOUT
 C1:E2DDH         PUBLIC        CPU020Init
  D:009FH         PUBLIC        P7MDOUT
  D:0096H         PUBLIC        SFRPGCN
  D:00D8H         PUBLIC        PCA0CN
  D:00B8H         PUBLIC        IP
  D:00E1H         PUBLIC        XBR0
  D:00E2H         PUBLIC        XBR1
  D:00E3H         PUBLIC        XBR2
  D:00C0H         PUBLIC        SMB0CN
  D:0088H         PUBLIC        CPT0CN
  D:0088H         PUBLIC        CPT1CN
  D:00F8H         PUBLIC        SPI0CN
  D:0088H         PUBLIC        TCON
  D:00C8H         PUBLIC        TMR2CN
  D:00C8H         PUBLIC        TMR3CN
  D:00C8H         PUBLIC        TMR4CN
 C1:E11EH         SYMBOL        PortInit
  D:0097H         PUBLIC        CLKSEL
  D:008AH         PUBLIC        OSCICN
 C1:E2D2H         SYMBOL        WatchdogInit
  D:008CH         PUBLIC        OSCXCN
  D:0088H         PUBLIC        FLSTAT
  D:0098H         PUBLIC        SCON0
  D:0098H         PUBLIC        SCON1
  D:00D0H         PUBLIC        PSW
 C1:E158H         SYMBOL        OSCInit

  -------         PROC BANK=1   CPU020INIT
 C1:E2DDH         LINE#         38
 C1:E2DDH         LINE#         39
BL51 BANKED LINKER/LOCATER V6.22                                                      03/18/2016  16:14:09  PAGE 29


 C1:E2DDH         LINE#         40
 C1:E2E0H         LINE#         41
 C1:E2E3H         LINE#         42
 C1:E2E6H         LINE#         43
  -------         ENDPROC       CPU020INIT

  -------         PROC BANK=1   WATCHDOGINIT
 C1:E2D2H         LINE#         57
 C1:E2D2H         LINE#         58
 C1:E2D2H         LINE#         59
 C1:E2D4H         LINE#         60
 C1:E2D7H         LINE#         61
 C1:E2DAH         LINE#         62
 C1:E2DCH         LINE#         63
  -------         ENDPROC       WATCHDOGINIT

  -------         PROC BANK=1   OSCINIT
  -------         DO            
  X:0A7CH         SYMBOL        i
  -------         ENDDO         
 C1:E158H         LINE#         77
 C1:E158H         LINE#         78
 C1:E158H         LINE#         81
 C1:E162H         LINE#         82
 C1:E165H         LINE#         83
 C1:E168H         LINE#         84
 C1:E16BH         LINE#         85
 C1:E17DH         LINE#         86
 C1:E17DH         LINE#         88
 C1:E17DH         LINE#         89
 C1:E182H         LINE#         91
 C1:E185H         LINE#         92
 C1:E188H         LINE#         93
  -------         ENDPROC       OSCINIT

  -------         PROC BANK=1   PORTINIT
 C1:E11EH         LINE#         117
 C1:E11EH         LINE#         118
 C1:E11EH         LINE#         119
 C1:E121H         LINE#         120
 C1:E124H         LINE#         121
 C1:E127H         LINE#         122
 C1:E12AH         LINE#         124
 C1:E12DH         LINE#         125
 C1:E130H         LINE#         126
 C1:E133H         LINE#         128
 C1:E136H         LINE#         129
 C1:E139H         LINE#         130
 C1:E13CH         LINE#         131
 C1:E13FH         LINE#         132
 C1:E142H         LINE#         134
 C1:E145H         LINE#         136
 C1:E14BH         LINE#         137
 C1:E151H         LINE#         138
 C1:E157H         LINE#         139
  -------         ENDPROC       PORTINIT
  -------         ENDMOD        CPUINIT
BL51 BANKED LINKER/LOCATER V6.22                                                      03/18/2016  16:14:09  PAGE 30



  -------         MODULE        MAIN
  C:0000H         SYMBOL        _ICE_DUMMY_
  D:00A0H         PUBLIC        P2
  D:00B0H         PUBLIC        P3
  D:00E8H         PUBLIC        ADC0CN
  D:00E8H         PUBLIC        ADC2CN
  D:00A8H         PUBLIC        IE
  D:00D8H         PUBLIC        PCA0CN
  D:00B8H         PUBLIC        IP
  D:00C0H         PUBLIC        SMB0CN
 C1:DC9CH         PUBLIC        main
  D:0088H         PUBLIC        CPT0CN
  D:0088H         PUBLIC        CPT1CN
  D:00F8H         PUBLIC        SPI0CN
  D:0088H         PUBLIC        TCON
  D:00C8H         PUBLIC        TMR2CN
  D:00C8H         PUBLIC        TMR3CN
  D:00C8H         PUBLIC        TMR4CN
  D:0088H         PUBLIC        FLSTAT
  D:0098H         PUBLIC        SCON0
  D:0098H         PUBLIC        SCON1
  D:00D0H         PUBLIC        PSW

  -------         PROC BANK=1   MAIN
 C1:DC9CH         LINE#         29
 C1:DC9CH         LINE#         30
 C1:DC9CH         LINE#         32
 C1:DC9FH         LINE#         33
 C1:DCA2H         LINE#         34
 C1:DCA5H         LINE#         35
 C1:DCA8H         LINE#         36
 C1:DCABH         LINE#         37
 C1:DCAEH         LINE#         38
 C1:DCB1H         LINE#         43
 C1:DCB6H         LINE#         49
[...]
 C2:8B02H         LINE#         160
 C2:8B0DH         LINE#         161
 C2:8B0DH         LINE#         163
 C2:8B26H         LINE#         164
 C2:8B3FH         LINE#         165
 C2:8B8AH         LINE#         166
 C2:8BA3H         LINE#         167
 C2:8BEEH         LINE#         169
 C2:8BFAH         LINE#         170
 C2:8BFAH         LINE#         171
 C2:8C12H         LINE#         172
 C2:8C14H         LINE#         174
 C2:8C14H         LINE#         175
 C2:8C24H         LINE#         176
 C2:8C24H         LINE#         178
 C2:8C2DH         LINE#         180
 C2:8C35H         LINE#         181
 C2:8C4FH         LINE#         182
 C2:8C4FH         LINE#         183
 C2:8C67H         LINE#         185
 C2:8C86H         LINE#         186
 C2:8CD5H         LINE#         191
 C2:8CECH         LINE#         194
 C2:8D20H         LINE#         236
 C2:8D4BH         LINE#         237
 C2:8D5FH         LINE#         238
 C2:8D7EH         LINE#         239
 C2:8D81H         LINE#         240
 C2:8D99H         LINE#         241
 C2:8DB8H         LINE#         242
 C2:8E07H         LINE#         249
 C2:8E1EH         LINE#         252
 C2:8E52H         LINE#         259
 C2:8E7DH         LINE#         260
 C2:8E91H         LINE#         263
 C2:8EA0H         LINE#         264
 C2:8EA0H         LINE#         265
 C2:8EB7H         LINE#         266
 C2:8EC0H         LINE#         267
 C2:8EF4H         LINE#         268
 C2:8EFDH         LINE#         269
BL51 BANKED LINKER/LOCATER V6.22                                                      03/18/2016  16:14:09  PAGE 159


 C2:8F31H         LINE#         270
 C2:8F59H         LINE#         271
 C2:8F62H         LINE#         272
 C2:8F96H         LINE#         273
 C2:8F96H         LINE#         274
 C2:8F96H         LINE#         275
 C2:8FB2H         LINE#         277
 C2:8FB7H         LINE#         278
  -------         ENDPROC       _A2108_II2C_WRITE

  -------         PROC BANK=2   _A2108_II2C_READ16
  X:0870H         SYMBOL        uiSlaveAddr
  X:0872H         SYMBOL        uiAddr
  X:0876H         SYMBOL        puiData
  -------         DO            
  X:0879H         SYMBOL        r
  X:087AH         SYMBOL        pBuff
  -------         ENDDO         
 C2:BD51H         LINE#         281
 C2:BD59H         LINE#         282
 C2:BD59H         LINE#         286
 C2:BD9FH         LINE#         287
 C2:BDA7H         LINE#         288
 C2:BDA7H         LINE#         289
 C2:BDC1H         LINE#         290
 C2:BDC1H         LINE#         291
 C2:BDC6H         LINE#         292
  -------         ENDPROC       _A2108_II2C_READ16

  -------         PROC BANK=2   _A2108_II2C_READ32
  X:07F0H         SYMBOL        uiSlaveAddr
  X:07F2H         SYMBOL        uiAddr
  X:07F6H         SYMBOL        puiData
  -------         DO            
  X:07F9H         SYMBOL        r
  X:07FAH         SYMBOL        pBuff
  -------         ENDDO         
 C2:BDC7H         LINE#         299
 C2:BDCFH         LINE#         300
 C2:BDCFH         LINE#         304
 C2:BE15H         LINE#         305
 C2:BE1DH         LINE#         306
 C2:BE1DH         LINE#         307
 C2:BE34H         LINE#         308
 C2:BE34H         LINE#         309
 C2:BE39H         LINE#         310
  -------         ENDPROC       _A2108_II2C_READ32

  -------         PROC BANK=2   _A2108_II2C_WRITE16
  X:07FEH         SYMBOL        uiSlaveAddr
  X:0800H         SYMBOL        uiAddr
  X:0804H         SYMBOL        uiData
  -------         DO            
  X:0806H         SYMBOL        r
  X:0807H         SYMBOL        pBuff
  -------         ENDDO         
 C2:C1B9H         LINE#         312
BL51 BANKED LINKER/LOCATER V6.22                                                      03/18/2016  16:14:09  PAGE 160


 C2:C1C1H         LINE#         313
 C2:C1C1H         LINE#         317
 C2:C1D8H         LINE#         318
 C2:C1E9H         LINE#         320
 C2:C208H         LINE#         321
 C2:C20DH         LINE#         322
  -------         ENDPROC       _A2108_II2C_WRITE16

  -------         PROC BANK=2   _A2108_II2C_WRITE32
  X:0736H         SYMBOL        uiSlaveAddr
  X:0738H         SYMBOL        uiAddr
  X:073CH         SYMBOL        uiData
  -------         DO            
  X:0740H         SYMBOL        r
  X:0741H         SYMBOL        pBuff
  -------         ENDDO         
 C2:C15EH         LINE#         332
 C2:C166H         LINE#         333
 C2:C166H         LINE#         337
 C2:C17DH         LINE#         340
 C2:C194H         LINE#         341
 C2:C1B3H         LINE#         342
 C2:C1B8H         LINE#         343
  -------         ENDPROC       _A2108_II2C_WRITE32
  -------         ENDMOD        II2C

  -------         MODULE        II2CREPEATER
  C:0000H         SYMBOL        _ICE_DUMMY_
 C2:A5C8H         PUBLIC        _A2108_II2CRepeater_ReadData
 C2:A7ABH         PUBLIC        _A2108_II2CRepeater_SendData
 C2:B71BH         PUBLIC        _A2108_II2CRepeater_Initialize
 C2:B0F6H         PUBLIC        _A2108_II2CRepeater_SendOP
 C2:BEA6H         PUBLIC        _A2108_II2CRepeater_GetOPStatus
  -------         PROC          _A2108_II2CREPEATER_SENDOP
  X:0789H         SYMBOL        pBuff
  X:078CH         SYMBOL        ucSize
  X:078DH         SYMBOL        pAVLChip
  -------         DO            
  X:0790H         SYMBOL        r
  X:0791H         SYMBOL        uiTimeDelay
  X:0793H         SYMBOL        uiMaxRetries
  X:0795H         SYMBOL        i
  -------         ENDDO         
 C2:B0F6H         LINE#         20
 C2:B106H         LINE#         21
 C2:B106H         LINE#         23
 C2:B10FH         LINE#         24
 C2:B118H         LINE#         27
 C2:B133H         LINE#         29
 C2:B13DH         LINE#         30
 C2:B14EH         LINE#         31
 C2:B14EH         LINE#         32
 C2:B16DH         LINE#         33
 C2:B16DH         LINE#         34
 C2:B17BH         LINE#         35
 C2:B17DH         LINE#         36
 C2:B17DH         LINE#         37
BL51 BANKED LINKER/LOCATER V6.22                                                      03/18/2016  16:14:09  PAGE 161


 C2:B18BH         LINE#         38
 C2:B18DH         LINE#         40
 C2:B195H         LINE#         41
 C2:B195H         LINE#         42
 C2:B1C8H         LINE#         43
 C2:B1C8H         LINE#         44
 C2:B1F1H         LINE#         45
 C2:B1F6H         LINE#         46
  -------         ENDPROC       _A2108_II2CREPEATER_SENDOP
  -------         PROC          _A2108_II2CREPEATER_INITIALIZE
  X:08A8H         SYMBOL        I2CBusClock_kHz
  X:08AAH         SYMBOL        pAVLChip
  -------         DO            
  X:08ADH         SYMBOL        pBuff
  X:08B2H         SYMBOL        r
  -------         ENDDO         
 C2:B71BH         LINE#         56
 C2:B72EH         LINE#         57
 C2:B72EH         LINE#         60
 C2:B769H         LINE#         61
 C2:B77AH         LINE#         62
 C2:B780H         LINE#         63
 C2:B786H         LINE#         64
 C2:B7C6H         LINE#         65
 C2:B7CBH         LINE#         66
  -------         ENDPROC       _A2108_II2CREPEATER_INITIALIZE
  -------         PROC          _A2108_II2CREPEATER_GETOPSTATUS
  X:09B7H         SYMBOL        pAVLChip
  -------         DO            
  X:09BAH         SYMBOL        r
  X:09BBH         SYMBOL        pBuff
  -------         ENDDO         
 C2:BEA6H         LINE#         71
 C2:BEB1H         LINE#         72
 C2:BEB1H         LINE#         75
 C2:BEF6H         LINE#         76
 C2:BEFEH         LINE#         77
 C2:BEFEH         LINE#         78
 C2:BF06H         LINE#         79
 C2:BF06H         LINE#         80
 C2:BF0CH         LINE#         81
 C2:BF0CH         LINE#         82
 C2:BF0CH         LINE#         83
 C2:BF11H         LINE#         84
  -------         ENDPROC       _A2108_II2CREPEATER_GETOPSTATUS
  -------         PROC          _A2108_II2CREPEATER_READDATA
  X:0664H         SYMBOL        ucSlaveAddr
  X:0665H         SYMBOL        pucBuff
  X:0668H         SYMBOL        uiSize
  X:066AH         SYMBOL        pAVLChip
  -------         DO            
  X:066DH         SYMBOL        r
  X:066EH         SYMBOL        pBuff
  X:0682H         SYMBOL        uiTimeOut
  X:0684H         SYMBOL        uiTimeOutTh
  X:0686H         SYMBOL        uiTimeDelay
  -------         ENDDO         
BL51 BANKED LINKER/LOCATER V6.22                                                      03/18/2016  16:14:09  PAGE 162


 C2:A5C8H         LINE#         96
 C2:A5D8H         LINE#         97
 C2:A5D8H         LINE#         101
 C2:A5E1H         LINE#         102
 C2:A5EBH         LINE#         104
 C2:A5FCH         LINE#         105
 C2:A5FCH         LINE#         106
 C2:A5FFH         LINE#         107
 C2:A5FFH         LINE#         108
 C2:A61AH         LINE#         110
 C2:A62BH         LINE#         111
 C2:A630H         LINE#         112
 C2:A63DH         LINE#         113
 C2:A647H         LINE#         114
 C2:A64DH         LINE#         115
 C2:A68DH         LINE#         116
 C2:A698H         LINE#         117
 C2:A698H         LINE#         118
 C2:A6A0H         LINE#         119
 C2:A6B1H         LINE#         120
 C2:A6B1H         LINE#         121
 C2:A6CDH         LINE#         122
 C2:A6CDH         LINE#         123
 C2:A6DBH         LINE#         124
 C2:A704H         LINE#         125
 C2:A70AH         LINE#         126
 C2:A70AH         LINE#         127
 C2:A71BH         LINE#         128
 C2:A71DH         LINE#         129
 C2:A77CH         LINE#         130
 C2:A77CH         LINE#         131
 C2:A7A5H         LINE#         132
 C2:A7AAH         LINE#         133
  -------         ENDPROC       _A2108_II2CREPEATER_READDATA
  -------         PROC          _A2108_II2CREPEATER_SENDDATA
  X:068AH         SYMBOL        ucSlaveAddr
  X:068BH         SYMBOL        pucBuff
  X:068EH         SYMBOL        uiSize
  X:0690H         SYMBOL        pAVLChip
  -------         DO            
  X:0693H         SYMBOL        pBuff
  X:06AAH         SYMBOL        i1
  X:06ACH         SYMBOL        i2
  X:06AEH         SYMBOL        cmdSize
  -------         ENDDO         
 C2:A7ABH         LINE#         150
 C2:A7BBH         LINE#         151
 C2:A7BBH         LINE#         156
 C2:A7CCH         LINE#         157
 C2:A7CCH         LINE#         158
 C2:A7CFH         LINE#         159
 C2:A7CFH         LINE#         161
 C2:A803H         LINE#         162
 C2:A820H         LINE#         164
 C2:A846H         LINE#         166
 C2:A865H         LINE#         167
 C2:A865H         LINE#         168
BL51 BANKED LINKER/LOCATER V6.22                                                      03/18/2016  16:14:09  PAGE 163


 C2:A899H         LINE#         169
 C2:A8A9H         LINE#         170
 C2:A8CAH         LINE#         171
 C2:A8E8H         LINE#         172
 C2:A902H         LINE#         174
 C2:A939H         LINE#         175
  -------         ENDPROC       _A2108_II2CREPEATER_SENDDATA
  -------         ENDMOD        II2CREPEATER

  -------         MODULE        ?C?FPADD
  C:146DH         PUBLIC        ?C?FPADD
  C:1469H         PUBLIC        ?C?FPSUB
  -------         ENDMOD        ?C?FPADD

  -------         MODULE        ?C?FPMUL
  C:155EH         PUBLIC        ?C?FPMUL
  -------         ENDMOD        ?C?FPMUL

  -------         MODULE        ?C?FPDIV
  C:1667H         PUBLIC        ?C?FPDIV
  -------         ENDMOD        ?C?FPDIV

  -------         MODULE        ?C?FPCMP
  C:1706H         PUBLIC        ?C?FPCMP
  C:1704H         PUBLIC        ?C?FPCMP3
  -------         ENDMOD        ?C?FPCMP

  -------         MODULE        ?C?FPNEG
  C:1771H         PUBLIC        ?C?FPNEG
  -------         ENDMOD        ?C?FPNEG

  -------         MODULE        ?C?FCAST
  C:178CH         PUBLIC        ?C?FCASTC
  C:1787H         PUBLIC        ?C?FCASTI
  C:1782H         PUBLIC        ?C?FCASTL
  -------         ENDMOD        ?C?FCAST

  -------         MODULE        ?C?CASTF
  C:17C0H         PUBLIC        ?C?CASTF
  -------         ENDMOD        ?C?CASTF

  -------         MODULE        FABS
  C:53A0H         PUBLIC        _FABS
  -------         ENDMOD        FABS

  -------         MODULE        SQRT
  C:4B23H         PUBLIC        _SQRT
  -------         ENDMOD        SQRT

  -------         MODULE        SIN
  C:3D23H         PUBLIC        _COS
  C:3D39H         PUBLIC        _SIN
  C:3D75H         PUBLIC        _TAN
  -------         ENDMOD        SIN

  -------         MODULE        ATAN
  C:4519H         PUBLIC        _ATAN
BL51 BANKED LINKER/LOCATER V6.22                                                      03/18/2016  16:14:09  PAGE 164


  -------         ENDMOD        ATAN

  -------         MODULE        MODF
  C:461BH         PUBLIC        _modf
  -------         ENDMOD        MODF

  -------         MODULE        POW
  X:080CH         PUBLIC        ?_pow?BYTE
  C:3FDFH         PUBLIC        _pow
  -------         ENDMOD        POW

  -------         MODULE        ?C?CHKFLOAT
  C:1841H         PUBLIC        ?C?CHKFLOAT
  -------         ENDMOD        ?C?CHKFLOAT

  -------         MODULE        EXP
  C:4CACH         PUBLIC        _EXP
  -------         ENDMOD        EXP

  -------         MODULE        LOG
  C:4404H         PUBLIC        _LOG
  C:4400H         PUBLIC        _LOG10
  -------         ENDMOD        LOG

  -------         MODULE        ?C?CLDPTR
  C:18A8H         PUBLIC        ?C?CLDPTR
  -------         ENDMOD        ?C?CLDPTR

  -------         MODULE        ?C?CLDOPTR
  C:18C1H         PUBLIC        ?C?CLDOPTR
  -------         ENDMOD        ?C?CLDOPTR

  -------         MODULE        ?C?CSTPTR
  C:18EEH         PUBLIC        ?C?CSTPTR
  -------         ENDMOD        ?C?CSTPTR

  -------         MODULE        ?C?CSTOPTR
  C:1900H         PUBLIC        ?C?CSTOPTR
  -------         ENDMOD        ?C?CSTOPTR

  -------         MODULE        ?C?IMUL
  C:1922H         PUBLIC        ?C?IMUL
  -------         ENDMOD        ?C?IMUL

  -------         MODULE        ?C?UIDIV
  C:1934H         PUBLIC        ?C?UIDIV
  -------         ENDMOD        ?C?UIDIV

  -------         MODULE        ?C?SIDIV
  C:1989H         PUBLIC        ?C?SIDIV
  -------         ENDMOD        ?C?SIDIV

  -------         MODULE        ?C?IILDX
  C:19BFH         PUBLIC        ?C?IILDX
  -------         ENDMOD        ?C?IILDX

  -------         MODULE        ?C?ILDIX
BL51 BANKED LINKER/LOCATER V6.22                                                      03/18/2016  16:14:09  PAGE 165


  C:19D5H         PUBLIC        ?C?ILDIX
  -------         ENDMOD        ?C?ILDIX

  -------         MODULE        ?C?ILDPTR
  C:19EBH         PUBLIC        ?C?ILDPTR
  -------         ENDMOD        ?C?ILDPTR

  -------         MODULE        ?C?ILDOPTR
  C:1A16H         PUBLIC        ?C?ILDOPTR
  -------         ENDMOD        ?C?ILDOPTR

  -------         MODULE        ?C?ISTPTR
  C:1A4EH         PUBLIC        ?C?ISTPTR
  -------         ENDMOD        ?C?ISTPTR

  -------         MODULE        ?C?ISTOPTR
  C:1A6DH         PUBLIC        ?C?ISTOPTR
  -------         ENDMOD        ?C?ISTOPTR

  -------         MODULE        ?C?LMUL
  C:1A9AH         PUBLIC        ?C?LMUL
  -------         ENDMOD        ?C?LMUL

  -------         MODULE        ?C?ULDIV
  C:1B25H         PUBLIC        ?C?ULDIV
  -------         ENDMOD        ?C?ULDIV

  -------         MODULE        ?C?LNEG
  C:1BB7H         PUBLIC        ?C?LNEG
  -------         ENDMOD        ?C?LNEG

  -------         MODULE        ?C?ULCMP
  C:1BC5H         PUBLIC        ?C?ULCMP
  -------         ENDMOD        ?C?ULCMP

  -------         MODULE        ?C?ULSHR
  C:1BD6H         PUBLIC        ?C?ULSHR
  -------         ENDMOD        ?C?ULSHR

  -------         MODULE        ?C?LSHL
  C:1BE9H         PUBLIC        ?C?LSHL
  -------         ENDMOD        ?C?LSHL

  -------         MODULE        ?C?LLDPTR
  C:1BFCH         PUBLIC        ?C?LLDPTR
  -------         ENDMOD        ?C?LLDPTR

  -------         MODULE        ?C?LLDOPTR
  C:1C1CH         PUBLIC        ?C?LLDOPTR
  -------         ENDMOD        ?C?LLDOPTR

  -------         MODULE        ?C?LSTPTR
  C:1C4CH         PUBLIC        ?C?LSTPTR
  -------         ENDMOD        ?C?LSTPTR

  -------         MODULE        ?C?LLDXDATA
  C:1C66H         PUBLIC        ?C?LLDXDATA
BL51 BANKED LINKER/LOCATER V6.22                                                      03/18/2016  16:14:09  PAGE 166


  -------         ENDMOD        ?C?LLDXDATA

  -------         MODULE        ?C?LLDCODE
  C:1C72H         PUBLIC        ?C?LLDCODE
  -------         ENDMOD        ?C?LLDCODE

  -------         MODULE        ?C?LLDXDATA0
  C:1C82H         PUBLIC        ?C?LLDXDATA0
  -------         ENDMOD        ?C?LLDXDATA0

  -------         MODULE        ?C?LLDCODE0
  C:1C8EH         PUBLIC        ?C?LLDCODE0
  -------         ENDMOD        ?C?LLDCODE0

  -------         MODULE        ?C?LLDIXDATA
  C:1CA7H         PUBLIC        ?C?LLDIXDATA
  C:1C9EH         PUBLIC        ?C?LLDIXDATA1
  C:1CA0H         PUBLIC        ?C?LLDIXDATA8
  -------         ENDMOD        ?C?LLDIXDATA

  -------         MODULE        ?C?LILDXDATA
  C:1CDCH         PUBLIC        ?C?LILDXDATA
  C:1CD3H         PUBLIC        ?C?LILDXDATA1
  C:1CD5H         PUBLIC        ?C?LILDXDATA8
  -------         ENDMOD        ?C?LILDXDATA

  -------         MODULE        ?C?LSTXDATA
  C:1D08H         PUBLIC        ?C?LSTXDATA
  -------         ENDMOD        ?C?LSTXDATA

  -------         MODULE        ?C?LSTKXDATA
  C:1D14H         PUBLIC        ?C?LSTKXDATA
  -------         ENDMOD        ?C?LSTKXDATA

  -------         MODULE        ?C?OFFXADD
  C:1D45H         PUBLIC        ?C?OFFXADD
  -------         ENDMOD        ?C?OFFXADD

  -------         MODULE        ?C?PLDOPTR
  C:1D51H         PUBLIC        ?C?PLDOPTR
  -------         ENDMOD        ?C?PLDOPTR

  -------         MODULE        ?C?PSTOPTR
  C:1D81H         PUBLIC        ?C?PSTOPTR
  -------         ENDMOD        ?C?PSTOPTR

  -------         MODULE        ?C?CCASE
  C:1DDAH         PUBLIC        ?C?CCASE
  -------         ENDMOD        ?C?CCASE

  -------         MODULE        ?C?ICALL
  C:1E00H         PUBLIC        ?C?ICALL
  C:1E04H         PUBLIC        ?C?ICALL2
  -------         ENDMOD        ?C?ICALL

  -------         MODULE        ?C?LLDIDATA
  C:1E06H         PUBLIC        ?C?LLDIDATA
BL51 BANKED LINKER/LOCATER V6.22                                                      03/18/2016  16:14:09  PAGE 167


  -------         ENDMOD        ?C?LLDIDATA

  -------         MODULE        ?C?LLDPDATA
  C:1E12H         PUBLIC        ?C?LLDPDATA
  -------         ENDMOD        ?C?LLDPDATA

  -------         MODULE        ?C?LSTIDATA
  C:1E1EH         PUBLIC        ?C?LSTIDATA
  -------         ENDMOD        ?C?LSTIDATA

  -------         MODULE        ?C?LSTPDATA
  C:1E2AH         PUBLIC        ?C?LSTPDATA
  -------         ENDMOD        ?C?LSTPDATA

  -------         MODULE        ?C?PLDIDATA
  C:1E36H         PUBLIC        ?C?PLDIDATA
  -------         ENDMOD        ?C?PLDIDATA

  -------         MODULE        ?C?PSTIDATA
  C:1E3FH         PUBLIC        ?C?PSTIDATA
  -------         ENDMOD        ?C?PSTIDATA

  -------         MODULE        ?C?PLDXDATA
  C:1E48H         PUBLIC        ?C?PLDXDATA
  -------         ENDMOD        ?C?PLDXDATA

  -------         MODULE        ?C?PSTXDATA
  C:1E51H         PUBLIC        ?C?PSTXDATA
  -------         ENDMOD        ?C?PSTXDATA

  -------         MODULE        ?C?PLDPDATA
  C:1E5AH         PUBLIC        ?C?PLDPDATA
  -------         ENDMOD        ?C?PLDPDATA

  -------         MODULE        ?C?PSTPDATA
  C:1E63H         PUBLIC        ?C?PSTPDATA
  -------         ENDMOD        ?C?PSTPDATA

  -------         MODULE        ?C?PLDCODE
  C:1E6CH         PUBLIC        ?C?PLDCODE
  -------         ENDMOD        ?C?PLDCODE

Program Size: data=63.2 xdata=2727 code=81987
LINK/LOCATE RUN COMPLETE.  0 WARNING(S),  0 ERROR(S)
